******************************************************************************
             TMS320C2000 Linker PC v20.8.0                     
******************************************************************************
>> Linked Wed Dec 29 15:28:21 2021

OUTPUT FILE NAME:   <211228_interleaved_totempole_PFC_opti.out>
ENTRY POINT SYMBOL: "code_start"  address: 00080000


MEMORY CONFIGURATION

         name            origin    length      used     unused   attr    fill
----------------------  --------  ---------  --------  --------  ----  --------
  BOOT_RSVD             00000002   000001ae  00000000  000001ae  RWIX
  RAMM0                 000001b0   00000250  00000000  00000250  RWIX
  RAMM1                 00000400   00000400  00000100  00000300  RWIX
  ADCARESULT            00000b00   00000018  00000018  00000000  RWIX
  ADCBRESULT            00000b20   00000018  00000018  00000000  RWIX
  ADCCRESULT            00000b40   00000018  00000000  00000018  RWIX
  ADCDRESULT            00000b60   00000018  00000000  00000018  RWIX
  CPUTIMER0             00000c00   00000008  00000008  00000000  RWIX
  CPUTIMER1             00000c08   00000008  00000008  00000000  RWIX
  CPUTIMER2             00000c10   00000008  00000008  00000000  RWIX
  PIECTRL               00000ce0   0000001a  0000001a  00000000  RWIX
  PIEVECTTABLE          00000d00   00000200  000001c0  00000040  RWIX
  DMA                   00001000   00000200  00000000  00000200  RWIX
  CLA1                  00001400   00000080  00000000  00000080  RWIX
  CLB1LOGICCFG          00003000   00000052  00000000  00000052  RWIX
  CLB1LOGICCTRL         00003100   00000040  00000000  00000040  RWIX
  CLB1DATAEXCH          00003180   00000080  00000000  00000080  RWIX
  CLB2LOGICCFG          00003200   00000052  00000000  00000052  RWIX
  CLB2LOGICCTRL         00003300   00000040  00000000  00000040  RWIX
  CLB2DATAEXCH          00003380   00000080  00000000  00000080  RWIX
  CLB3LOGICCFG          00003400   00000052  00000000  00000052  RWIX
  CLB3LOGICCTRL         00003500   00000040  00000000  00000040  RWIX
  CLB3DATAEXCH          00003580   00000080  00000000  00000080  RWIX
  CLB4LOGICCFG          00003600   00000052  00000000  00000052  RWIX
  CLB4LOGICCTRL         00003700   00000040  00000000  00000040  RWIX
  CLB4DATAEXCH          00003780   00000080  00000000  00000080  RWIX
  CLB5LOGICCFG          00003800   00000052  00000000  00000052  RWIX
  CLB5LOGICCTRL         00003900   00000040  00000000  00000040  RWIX
  CLB5DATAEXCH          00003980   00000080  00000000  00000080  RWIX
  CLB6LOGICCFG          00003a00   00000052  00000000  00000052  RWIX
  CLB6LOGICCTRL         00003b00   00000040  00000000  00000040  RWIX
  CLB6DATAEXCH          00003b80   00000080  00000000  00000080  RWIX
  CLB7LOGICCFG          00003c00   00000052  00000000  00000052  RWIX
  CLB7LOGICCTRL         00003d00   00000040  00000000  00000040  RWIX
  CLB7DATAEXCH          00003d80   00000080  00000000  00000080  RWIX
  CLB8LOGICCFG          00003e00   00000052  00000000  00000052  RWIX
  CLB8LOGICCTRL         00003f00   00000040  00000000  00000040  RWIX
  CLB8DATAEXCH          00003f80   00000080  00000000  00000080  RWIX
  EPWM1                 00004000   00000100  00000000  00000100  RWIX
  EPWM2                 00004100   00000100  00000100  00000000  RWIX
  EPWM3                 00004200   00000100  00000100  00000000  RWIX
  EPWM4                 00004300   00000100  00000000  00000100  RWIX
  EPWM5                 00004400   00000100  00000000  00000100  RWIX
  EPWM6                 00004500   00000100  00000000  00000100  RWIX
  EPWM7                 00004600   00000100  00000000  00000100  RWIX
  EPWM8                 00004700   00000100  00000000  00000100  RWIX
  EPWM9                 00004800   00000100  00000000  00000100  RWIX
  EPWM10                00004900   00000100  00000000  00000100  RWIX
  EPWM11                00004a00   00000100  00000000  00000100  RWIX
  EPWM12                00004b00   00000100  00000000  00000100  RWIX
  EPWM13                00004c00   00000100  00000000  00000100  RWIX
  EPWM14                00004d00   00000100  00000000  00000100  RWIX
  EPWM15                00004e00   00000100  00000000  00000100  RWIX
  EPWM16                00004f00   00000100  00000000  00000100  RWIX
  EQEP1                 00005100   00000040  00000000  00000040  RWIX
  EQEP2                 00005140   00000040  00000000  00000040  RWIX
  EQEP3                 00005180   00000040  00000000  00000040  RWIX
  ECAP1                 00005200   00000020  00000000  00000020  RWIX
  ECAP2                 00005240   00000020  00000000  00000020  RWIX
  ECAP3                 00005280   00000020  00000000  00000020  RWIX
  ECAP4                 000052c0   00000020  00000000  00000020  RWIX
  ECAP5                 00005300   00000020  00000000  00000020  RWIX
  ECAP6                 00005340   00000020  00000000  00000020  RWIX
  HRCAP6                00005360   00000020  00000000  00000020  RWIX
  ECAP7                 00005380   00000020  00000000  00000020  RWIX
  HRCAP7                000053a0   00000020  00000000  00000020  RWIX
  DACA                  00005c00   00000008  00000000  00000008  RWIX
  DACB                  00005c10   00000008  00000000  00000008  RWIX
  DACC                  00005c20   00000008  00000000  00000008  RWIX
  CMPSS1                00005c80   00000020  00000000  00000020  RWIX
  CMPSS2                00005ca0   00000020  00000000  00000020  RWIX
  CMPSS3                00005cc0   00000020  00000000  00000020  RWIX
  CMPSS4                00005ce0   00000020  00000000  00000020  RWIX
  CMPSS5                00005d00   00000020  00000000  00000020  RWIX
  CMPSS6                00005d20   00000020  00000000  00000020  RWIX
  CMPSS7                00005d40   00000020  00000000  00000020  RWIX
  CMPSS8                00005d60   00000020  00000000  00000020  RWIX
  SDFM1                 00005e00   00000080  00000000  00000080  RWIX
  SDFM2                 00005e80   00000080  00000000  00000080  RWIX
  MCBSPA                00006000   00000024  00000000  00000024  RWIX
  MCBSPB                00006040   00000024  00000000  00000024  RWIX
  SPIA                  00006100   00000010  00000000  00000010  RWIX
  SPIB                  00006110   00000010  00000000  00000010  RWIX
  SPIC                  00006120   00000010  00000000  00000010  RWIX
  SPID                  00006130   00000010  00000000  00000010  RWIX
  BGCRCCPU              00006340   00000040  00000000  00000040  RWIX
  BGCRCCLA1             00006380   00000040  00000000  00000040  RWIX
  PMBUSA                00006400   00000020  00000000  00000020  RWIX
  FSITXA                00006600   00000050  00000000  00000050  RWIX
  FSIRXA                00006680   00000050  00000000  00000050  RWIX
  FSITXB                00006700   00000050  00000000  00000050  RWIX
  FSIRXB                00006780   00000050  00000000  00000050  RWIX
  FSIRXC                00006880   00000050  00000000  00000050  RWIX
  FSIRXD                00006980   00000050  00000000  00000050  RWIX
  FSIRXE                00006a80   00000050  00000000  00000050  RWIX
  FSIRXF                00006b80   00000050  00000000  00000050  RWIX
  FSIRXG                00006c80   00000050  00000000  00000050  RWIX
  FSIRXH                00006d80   00000050  00000000  00000050  RWIX
  WD                    00007000   0000002b  0000002b  00000000  RWIX
  NMIINTRUPT            00007060   00000010  00000000  00000010  RWIX
  XINT                  00007070   0000000b  00000000  0000000b  RWIX
  SCIA                  00007200   00000010  00000000  00000010  RWIX
  SCIB                  00007210   00000010  00000000  00000010  RWIX
  SCIC                  00007220   00000010  00000000  00000010  RWIX
  SCID                  00007230   00000010  00000000  00000010  RWIX
  I2CA                  00007300   00000022  00000000  00000022  RWIX
  I2CB                  00007340   00000022  00000000  00000022  RWIX
  ADCA                  00007400   00000080  0000007c  00000004  RWIX
  ADCB                  00007480   00000080  0000007c  00000004  RWIX
  ADCC                  00007500   00000080  0000007c  00000004  RWIX
  ADCD                  00007580   00000080  0000007c  00000004  RWIX
  INPUTXBAR             00007900   00000020  00000000  00000020  RWIX
  XBAR                  00007920   00000020  00000000  00000020  RWIX
  SYNCSOC               00007940   00000006  00000000  00000006  RWIX
  CLBINPUTXBAR          00007960   00000020  00000000  00000020  RWIX
  DMACLASRCSEL          00007980   0000001a  00000000  0000001a  RWIX
  EPWMXBAR              00007a00   00000040  00000000  00000040  RWIX
  CLBXBAR               00007a40   00000040  00000000  00000040  RWIX
  OUTPUTXBAR            00007a80   00000040  00000000  00000040  RWIX
  CLBOUTPUTXBAR         00007bc0   00000040  00000000  00000040  RWIX
  GPIOCTRL              00007c00   00000200  00000180  00000080  RWIX
  GPIODATA              00007f00   00000040  00000030  00000010  RWIX
  GPIODATAREAD          00007f80   00000010  00000000  00000010  RWIX
  RAMLS0                00008000   00000800  00000030  000007d0  RWIX
  RAMLS1                00008800   00000800  00000000  00000800  RWIX
  RAMLS2                00009000   00000800  00000000  00000800  RWIX
  RAMLS3                00009800   00000800  00000000  00000800  RWIX
  RAMLS4                0000a000   00000800  00000000  00000800  RWIX
  RAMLS5                0000a800   00000800  000002bf  00000541  RWIX
  RAMLS6                0000b000   00000800  00000000  00000800  RWIX
  RAMLS7                0000b800   00000800  00000000  00000800  RWIX
  RAMD0                 0000c000   00000800  00000000  00000800  RWIX
  RAMD1                 0000c800   00000800  00000000  00000800  RWIX
  RAMGS0                0000d000   00001000  00000000  00001000  RWIX
  RAMGS1                0000e000   00001000  00000000  00001000  RWIX
  RAMGS2                0000f000   00001000  00000000  00001000  RWIX
  RAMGS3                00010000   00001000  00000000  00001000  RWIX
  RAMGS4                00011000   00001000  00000000  00001000  RWIX
  RAMGS5                00012000   00001000  00000000  00001000  RWIX
  RAMGS6                00013000   00001000  00000000  00001000  RWIX
  RAMGS7                00014000   00001000  00000000  00001000  RWIX
  RAMGS8                00015000   00001000  00000000  00001000  RWIX
  RAMGS9                00016000   00001000  00000000  00001000  RWIX
  RAMGS10               00017000   00001000  00000000  00001000  RWIX
  RAMGS11               00018000   00001000  00000000  00001000  RWIX
  RAMGS12               00019000   00001000  00000000  00001000  RWIX
  RAMGS13               0001a000   00001000  00000000  00001000  RWIX
  RAMGS14               0001b000   00001000  00000000  00001000  RWIX
  RAMGS15               0001c000   00001000  00000000  00001000  RWIX
  CMTOCPURAM            00038000   00000800  00000000  00000800  RWIX
  CPUTOCMRAM            00039000   00000800  00000000  00000800  RWIX
  CPU1TOCPU2RAM         0003a000   00000800  00000000  00000800  RWIX
  CPU2TOCPU1RAM         0003b000   00000800  00000000  00000800  RWIX
  EMIF1                 00047000   00000070  00000000  00000070  RWIX
  EMIF2                 00047800   00000070  00000000  00000070  RWIX
  CANA                  00048000   00000200  00000000  00000200  RWIX
  CANA_MSG_RAM          00049000   00000800  00000000  00000800  RWIX
  CANB                  0004a000   00000200  00000000  00000200  RWIX
  CANB_MSG_RAM          0004b000   00000800  00000000  00000800  RWIX
  ESCSS                 00057e00   00000024  00000000  00000024  RWIX
  ESCSSCONFIG           00057f00   00000016  00000000  00000016  RWIX
  CPU1TOCPU2IPC         0005ce00   00000026  00000000  00000026  RWIX
  CPU1TOCMIPC           0005ce40   00000026  00000000  00000026  RWIX
  DEVCFG                0005d000   000001a0  000001a0  00000000  RWIX
  CLKCFG                0005d200   00000100  0000003a  000000c6  RWIX
  CPUSYS                0005d300   000000a0  0000009c  00000004  RWIX
  SYSSTATUS             0005d400   00000100  00000000  00000100  RWIX
  SYSPERIPHAC           0005d500   00000200  00000000  00000200  RWIX
  ANALOGSUBSYS          0005d700   00000100  0000003e  000000c2  RWIX
  CMCONF                0005dc00   00000400  00000000  00000400  RWIX
  DCC0                  0005e700   00000038  0000002c  0000000c  RWIX
  DCC1                  0005e740   00000038  0000002c  0000000c  RWIX
  DCC2                  0005e780   00000038  0000002c  0000000c  RWIX
  ERADGLOBAL            0005e800   00000013  00000000  00000013  RWIX
  ERADHWBP1             0005e900   00000008  00000000  00000008  RWIX
  ERADHWBP2             0005e908   00000008  00000000  00000008  RWIX
  ERADHWBP3             0005e910   00000008  00000000  00000008  RWIX
  ERADHWBP4             0005e918   00000008  00000000  00000008  RWIX
  ERADHWBP5             0005e920   00000008  00000000  00000008  RWIX
  ERADHWBP6             0005e928   00000008  00000000  00000008  RWIX
  ERADHWBP7             0005e930   00000008  00000000  00000008  RWIX
  ERADHWBP8             0005e938   00000008  00000000  00000008  RWIX
  ERADCOUNTER1          0005e980   00000010  00000000  00000010  RWIX
  ERADCOUNTER2          0005e990   00000010  00000000  00000010  RWIX
  ERADCOUNTER3          0005e9a0   00000010  00000000  00000010  RWIX
  ERADCOUNTER4          0005e9b0   00000010  00000000  00000010  RWIX
  ERADCRCGLOBAL         0005ea00   00000010  00000000  00000010  RWIX
  ERADCRC1              0005ea10   00000010  00000000  00000010  RWIX
  ERADCRC2              0005ea20   00000010  00000000  00000010  RWIX
  ERADCRC3              0005ea30   00000010  00000000  00000010  RWIX
  ERADCRC4              0005ea40   00000010  00000000  00000010  RWIX
  ERADCRC5              0005ea50   00000010  00000000  00000010  RWIX
  ERADCRC6              0005ea60   00000010  00000000  00000010  RWIX
  ERADCRC7              0005ea70   00000010  00000000  00000010  RWIX
  ERADCRC8              0005ea80   00000010  00000000  00000010  RWIX
  DCSMZ1                0005f000   0000003e  00000000  0000003e  RWIX
  DCSMZ2                0005f080   0000003e  00000000  0000003e  RWIX
  DCSMCOMMON            0005f0c0   00000020  00000000  00000020  RWIX
  MEMCFG                0005f400   000000c0  00000000  000000c0  RWIX
  EMIF1CONFIG           0005f4c0   00000020  00000000  00000020  RWIX
  EMIF2CONFIG           0005f4e0   00000020  00000000  00000020  RWIX
  ACCESSPROTECTION      0005f500   00000040  00000000  00000040  RWIX
  MEMORYERROR           0005f540   00000040  00000000  00000040  RWIX
  ROMWAITSTATE          0005f580   00000008  00000000  00000008  RWIX
  ROMPREFETCH           0005f588   00000008  00000000  00000008  RWIX
  TESTERROR             0005f590   00000010  00000000  00000010  RWIX
  FLASH0CTRL            0005f800   00000182  00000182  00000000  RWIX
  FLASH0ECC             0005fb00   00000028  00000028  00000000  RWIX
  DCSMZ1OTP             00078000   00000020  00000000  00000020  RWIX
  DCSMZ2OTP             00078200   00000020  00000000  00000020  RWIX
  BEGIN                 00080000   00000002  00000002  00000000  RWIX
  FLASH0                00080002   00001ffe  00000000  00001ffe  RWIX
  FLASH1                00082000   00002000  00001fff  00000001  RWIX
  FLASH2                00084000   00002000  00001371  00000c8f  RWIX
  FLASH3                00086000   00002000  00000030  00001fd0  RWIX
  FLASH4                00088000   00008000  00000050  00007fb0  RWIX
  FLASH5                00090000   00008000  00000268  00007d98  RWIX
  FLASH6                00098000   00008000  00000000  00008000  RWIX
  FLASH7                000a0000   00008000  00000000  00008000  RWIX
  FLASH8                000a8000   00008000  00000000  00008000  RWIX
  FLASH9                000b0000   00008000  00000000  00008000  RWIX
  FLASH10               000b8000   00002000  00000000  00002000  RWIX
  FLASH11               000ba000   00002000  00000000  00002000  RWIX
  FLASH12               000bc000   00002000  00000000  00002000  RWIX
  FLASH13               000be000   00002000  00000000  00002000  RWIX
  RESET                 003fffc0   00000002  00000000  00000002  RWIX


SECTION ALLOCATION MAP

 output                                  attributes/
section   page    origin      length       input sections
--------  ----  ----------  ----------   ----------------
codestart 
*          0    00080000    00000002     
                  00080000    00000002     f2838x_codestartbranch.obj (codestart)

.cinit     0    00088000    00000050     
                  00088000    00000033     (.cinit..data.load) [load image, compression = lzss]
                  00088033    00000001     --HOLE-- [fill = 0]
                  00088034    00000006     (__TI_handler_table)
                  0008803a    00000004     (.cinit..bss.load) [load image, compression = zero_init]
                  0008803e    00000004     (.cinit.PieVectTableFile.load) [load image, compression = zero_init]
                  00088042    00000002     --HOLE-- [fill = 0]
                  00088044    0000000c     (__TI_cinit_table)

.reset     0    003fffc0    00000000     DSECT

.stack     0    00000400    00000100     UNINITIALIZED
                  00000400    00000100     --HOLE--

.init_array 
*          0    00082000    00000000     UNINITIALIZED

.bss       0    0000a984    0000013c     UNINITIALIZED
                  0000a984    00000030     Task_Control.obj (.bss)
                  0000a9b4    00000002     Sequence.obj (.bss)
                  0000a9b6    0000000a     --HOLE--
                  0000a9c0    000000c2     ADC.obj (.bss)
                  0000aa82    00000026     ISR_Control.obj (.bss)
                  0000aaa8    00000018     f2838x_cputimers.obj (.bss)

PieVectTableFile 
*          0    00000d00    000001c0     UNINITIALIZED
                  00000d00    000001c0     f2838x_globalvariabledefs.obj (PieVectTableFile)

EmuKeyVar 
*          0    00000d00    00000000     UNINITIALIZED

EmuBModeVar 
*          0    00000d00    00000000     UNINITIALIZED

EmuBootPinsVar 
*          0    00000d00    00000000     UNINITIALIZED

FlashCallbackVar 
*          0    00000d00    00000000     UNINITIALIZED

FlashScalingVar 
*          0    00000d00    00000000     UNINITIALIZED

.data      0    0000a800    00000183     UNINITIALIZED
                  0000a800    000000a2     ISR_Control.obj (.data)
                  0000a8a2    00000012     Parameter.obj (.data)
                  0000a8b4    00000006     ADC.obj (.data)
                  0000a8ba    00000006     rts2800_fpu64_eabi.lib : exit.c.obj (.data)
                  0000a8c0    0000009e     Task_Control.obj (.data)
                  0000a95e    00000020     Sequence.obj (.data)
                  0000a97e    00000002     rts2800_fpu64_eabi.lib : _lock.c.obj (.data:_lock)
                  0000a980    00000002                            : _lock.c.obj (.data:_unlock)
                  0000a982    00000001                            : errno.c.obj (.data)

.const     0    00090000    00000268     
                  00090000    000001c0     f2838x_pievect.obj (.const)
                  000901c0    00000084     rts2800_fpu64_eabi.lib : k_rem_pio2.c.obj (.const:ipio2)
                  00090244    00000020                            : k_rem_pio2.c.obj (.const:PIo2)
                  00090264    00000004                            : k_rem_pio2.c.obj (.const:init_jk)

.TI.ramfunc 
*          0    00086000    00000030     RUN ADDR = 00008000
                  00086000    0000002c     f2838x_sysctrl.obj (.TI.ramfunc:InitFlash)
                  0008602c    00000004     f2838x_usdelay.obj (.TI.ramfunc)

AdcaResultRegsFile 
*          0    00000b00    00000018     UNINITIALIZED
                  00000b00    00000018     f2838x_globalvariabledefs.obj (AdcaResultRegsFile)

AdcbResultRegsFile 
*          0    00000b20    00000018     UNINITIALIZED
                  00000b20    00000018     f2838x_globalvariabledefs.obj (AdcbResultRegsFile)

AdcaRegsFile 
*          0    00007400    0000007c     UNINITIALIZED
                  00007400    0000007c     f2838x_globalvariabledefs.obj (AdcaRegsFile)

AdcbRegsFile 
*          0    00007480    0000007c     UNINITIALIZED
                  00007480    0000007c     f2838x_globalvariabledefs.obj (AdcbRegsFile)

AdccRegsFile 
*          0    00007500    0000007c     UNINITIALIZED
                  00007500    0000007c     f2838x_globalvariabledefs.obj (AdccRegsFile)

AdcdRegsFile 
*          0    00007580    0000007c     UNINITIALIZED
                  00007580    0000007c     f2838x_globalvariabledefs.obj (AdcdRegsFile)

AnalogSubsysRegsFile 
*          0    0005d700    0000003e     UNINITIALIZED
                  0005d700    0000003e     f2838x_globalvariabledefs.obj (AnalogSubsysRegsFile)

ClkCfgRegsFile 
*          0    0005d200    0000003a     UNINITIALIZED
                  0005d200    0000003a     f2838x_globalvariabledefs.obj (ClkCfgRegsFile)

CpuTimer0RegsFile 
*          0    00000c00    00000008     UNINITIALIZED
                  00000c00    00000008     f2838x_globalvariabledefs.obj (CpuTimer0RegsFile)

CpuTimer1RegsFile 
*          0    00000c08    00000008     UNINITIALIZED
                  00000c08    00000008     f2838x_globalvariabledefs.obj (CpuTimer1RegsFile)

CpuTimer2RegsFile 
*          0    00000c10    00000008     UNINITIALIZED
                  00000c10    00000008     f2838x_globalvariabledefs.obj (CpuTimer2RegsFile)

CpuSysRegsFile 
*          0    0005d300    0000009c     UNINITIALIZED
                  0005d300    0000009c     f2838x_globalvariabledefs.obj (CpuSysRegsFile)

Dcc0RegsFile 
*          0    0005e700    0000002c     UNINITIALIZED
                  0005e700    0000002c     f2838x_globalvariabledefs.obj (Dcc0RegsFile)

Dcc1RegsFile 
*          0    0005e740    0000002c     UNINITIALIZED
                  0005e740    0000002c     f2838x_globalvariabledefs.obj (Dcc1RegsFile)

Dcc2RegsFile 
*          0    0005e780    0000002c     UNINITIALIZED
                  0005e780    0000002c     f2838x_globalvariabledefs.obj (Dcc2RegsFile)

DevCfgRegsFile 
*          0    0005d000    000001a0     UNINITIALIZED
                  0005d000    000001a0     f2838x_globalvariabledefs.obj (DevCfgRegsFile)

EPwm2RegsFile 
*          0    00004100    00000100     UNINITIALIZED
                  00004100    00000100     f2838x_globalvariabledefs.obj (EPwm2RegsFile)

EPwm3RegsFile 
*          0    00004200    00000100     UNINITIALIZED
                  00004200    00000100     f2838x_globalvariabledefs.obj (EPwm3RegsFile)

Flash0CtrlRegsFile 
*          0    0005f800    00000182     UNINITIALIZED
                  0005f800    00000182     f2838x_globalvariabledefs.obj (Flash0CtrlRegsFile)

Flash0EccRegsFile 
*          0    0005fb00    00000028     UNINITIALIZED
                  0005fb00    00000028     f2838x_globalvariabledefs.obj (Flash0EccRegsFile)

GpioCtrlRegsFile 
*          0    00007c00    00000180     UNINITIALIZED
                  00007c00    00000180     f2838x_globalvariabledefs.obj (GpioCtrlRegsFile)

GpioDataRegsFile 
*          0    00007f00    00000030     UNINITIALIZED
                  00007f00    00000030     f2838x_globalvariabledefs.obj (GpioDataRegsFile)

PieCtrlRegsFile 
*          0    00000ce0    0000001a     UNINITIALIZED
                  00000ce0    0000001a     f2838x_globalvariabledefs.obj (PieCtrlRegsFile)

WdRegsFile 
*          0    00007000    0000002b     UNINITIALIZED
                  00007000    0000002b     f2838x_globalvariabledefs.obj (WdRegsFile)

dcsm_z1otp_link_pointer 
*          0    00000002    00000000     

dcsm_z1otp_jlm_enable 
*          0    00000002    00000000     

dcsm_z1otp_gpreg 
*          0    00000002    00000000     

dcsm_z1otp_pswd_lock 
*          0    00000002    00000000     

dcsm_z1otp_crc_lock 
*          0    00000002    00000000     

dcsm_z1otp_jtag_pswdh 
*          0    00000002    00000000     

dcsm_z1otp_cmac_key 
*          0    00000002    00000000     

dcsm_zsel_z1 
*          0    00000002    00000000     

dcsm_z2otp_link_pointer 
*          0    00000002    00000000     

dcsm_rsvd_z2 
*          0    00000002    00000000     

dcsm_z2otp_gpreg 
*          0    00000002    00000000     

dcsm_z2otp_pswd_lock 
*          0    00000002    00000000     

dcsm_z2otp_crc_lock 
*          0    00000002    00000000     

dcsm_rsvd1_z2 
*          0    00000002    00000000     

dcsm_zsel_z2 
*          0    00000002    00000000     

.text.1    0    00082000    00001fff     
                  00082000    0000045f     rts2800_fpu64_eabi.lib : k_rem_pio2.c.obj (.text)
                  0008245f    00000455     ADC.obj (.text:ADC_LPF_RMS_Calc_100us)
                  000828b4    000002cb     rts2800_fpu64_eabi.lib : e_rem_pio2.c.obj (.text)
                  00082b7f    000001cf     ADC.obj (.text:InitFilterVar_100us)
                  00082d4e    0000013d     Task_Control.obj (.text:GridPartCalc_100us)
                  00082e8b    00000138     ADC.obj (.text:ADC_Offset_Calc_100us)
                  00082fc3    00000101     f2838x_sysctrl.obj (.text:InitSysPll)
                  000830c4    000000f3     Task_Control.obj (.text:SoftStart_100us)
                  000831b7    000000df     f2838x_sysctrl.obj (.text:InitPeripheralClocks)
                  00083296    000000da     rts2800_fpu64_eabi.lib : s_floor.c.obj (.text)
                  00083370    000000d9                            : s_ceil.c.obj (.text)
                  00083449    000000d6     ISR_Control.obj (.text:ILPFC_Ctrl1)
                  0008351f    000000d6     ISR_Control.obj (.text:ILPFC_Ctrl2)
                  000835f5    000000c6     ISR_Control.obj (.text:HalfCycleDetection)
                  000836bb    000000c0     f2838x_sysctrl.obj (.text:InitAuxPll)
                  0008377b    000000be     Peripheral_Config.obj (.text:Adc_Config)
                  00083839    000000b6     Peripheral_Config.obj (.text:InitGpioInOutConfig)
                  000838ef    000000b2     f2838x_adc.obj (.text:AdcSetMode)
                  000839a1    000000b0     f2838x_sysctrl.obj (.text:VerifyXTAL)
                  00083a51    000000a7     rts2800_fpu64_eabi.lib : s_scalbn.c.obj (.text)
                  00083af8    00000099     ADC.obj (.text:ADC_Calc)
                  00083b91    00000094     f2838x_sysctrl.obj (.text:IsPLLValid)
                  00083c25    00000091     ISR_Control.obj (.text:Init_VoPFC_cont)
                  00083cb6    0000008f     f2838x_sysctrl.obj (.text:ComputeCntrSeedValue)
                  00083d45    0000008b     rts2800_fpu64_eabi.lib : k_sin.c.obj (.text)
                  00083dd0    00000081     ISR_Control.obj (.text:Init_ILPFC1_cont)
                  00083e51    00000081     ISR_Control.obj (.text:Init_ILPFC2_cont)
                  00083ed2    0000007c     Task_Control.obj (.text:Precharging_100us)
                  00083f4e    0000007c     ISR.obj (.text:adca1_isr)
                  00083fca    00000032     Sequence.obj (.text:ChkNormalState)
                  00083ffc    00000002     rts2800_fpu64_eabi.lib : pre_init.c.obj (.text)
                  00083ffe    00000001                            : startup.c.obj (.text)

.text.2    0    00084000    00001371     
                  00084000    0000007c     ISR.obj (.text:adca2_isr)
                  0008407c    0000007b     Task_Control.obj (.text:GridPartCalcGainInit)
                  000840f7    00000077     rts2800_fpu64_eabi.lib : k_cos.c.obj (.text)
                  0008416e    00000074     Peripheral_Config.obj (.text:EPwm3_Config)
                  000841e2    00000071     Peripheral_Config.obj (.text:EPwm2_Config)
                  00084253    0000006f     rts2800_fpu64_eabi.lib : s_cos.c.obj (.text)
                  000842c2    0000006b                            : s_sin.c.obj (.text)
                  0008432d    00000063     Func.obj (.text:PI_Control_calc)
                  00084390    00000061     f2838x_sysctrl.obj (.text:InitSysCtrl)
                  000843f1    00000061     Parameter.obj (.text:ParameterSetting)
                  00084452    00000060     Func.obj (.text:LPF2)
                  000844b2    00000060     Main.obj (.text:main)
                  00084512    0000005f     Func.obj (.text:DPID_Control_calc)
                  00084571    0000005d     Func.obj (.text:APF2)
                  000845ce    00000059     Task.obj (.text:Task_100us)
                  00084627    00000057     Peripheral_Config.obj (.text:InitPWMEnaFltGpioConfig)
                  0008467e    00000051     Sequence.obj (.text:ChkFltState)
                  000846cf    00000051     Func.obj (.text:park_calc)
                  00084720    0000004d     Task_Control.obj (.text:PFCRly_100us)
                  0008476d    00000043     ISR_Control.obj (.text:VoPFC_Ctrl)
                  000847b0    0000003b     Sequence.obj (.text:ChkInhibitState)
                  000847eb    0000003b     f2838x_cputimers.obj (.text:InitCpuTimers)
                  00084826    00000031     rts2800_fpu64_eabi.lib : copy_decompress_lzss.c.obj (.text:decompress:lzss)
                  00084857    0000002c     Func.obj (.text:LPF1)
                  00084883    0000002c     f2838x_sysctrl.obj (.text:SysXtalOscSel)
                  000848af    0000002b     rts2800_fpu64_eabi.lib : autoinit.c.obj (.text:__TI_auto_init_nobinit_nopinit)
                  000848da    0000002a                            : s_copysign.c.obj (.text)
                  00084904    00000029                            : exit.c.obj (.text)
                  0008492d    00000026     f2838x_adc.obj (.text:CalAdcINL)
                  00084953    00000023     f2838x_cputimers.obj (.text:ConfigCpuTimer)
                  00084976    00000022     rts2800_fpu64_eabi.lib : i_div28.asm.obj (.text)
                  00084998    0000001f     f2838x_piectrl.obj (.text:InitPieCtrl)
                  000849b7    0000001e     f2838x_sysctrl.obj (.text:SysXtalOscSESel)
                  000849d5    0000001d     rts2800_fpu64_eabi.lib : memcpy.c.obj (.text)
                  000849f2    0000001b     Sequence.obj (.text:ChkMainState)
                  00084a0d    0000001b     f2838x_sysctrl.obj (.text:PollX1Counter)
                  00084a28    00000019     f2838x_gpio.obj (.text:GPIO_EnableUnbondedIOPullupsFor176Pin)
                  00084a41    00000019     rts2800_fpu64_eabi.lib : boot28.asm.obj (.text)
                  00084a5a    00000018     f2838x_sysctrl.obj (.text:AuxXtalOscSESel)
                  00084a72    00000018     f2838x_sysctrl.obj (.text:AuxXtalOscSel)
                  00084a8a    00000018     f2838x_epwm.obj (.text:InitEPwm3Gpio)
                  00084aa2    00000018     rts2800_fpu64_eabi.lib : ll_aox28.asm.obj (.text)
                  00084aba    00000016     f2838x_epwm.obj (.text:InitEPwm2Gpio)
                  00084ad0    00000014     Peripheral_Config.obj (.text:InitGpioConfig)
                  00084ae4    00000011     f2838x_pievect.obj (.text:InitPieVectTable)
                  00084af5    0000000d     f2838x_sysctrl.obj (.text:DisableDog)
                  00084b02    0000000d     f2838x_defaultisr.obj (.text:EMPTY_ISR)
                  00084b0f    0000000d     rts2800_fpu64_eabi.lib : copy_zero_init.c.obj (.text:decompress:ZI:__TI_zero_init_nomemset)
                  00084b1c    0000000c                            : args_main.c.obj (.text)
                  00084b28    0000000a     f2838x_defaultisr.obj (.text:ADCA1_ISR)
                  00084b32    0000000a     f2838x_defaultisr.obj (.text:ADCA2_ISR)
                  00084b3c    0000000a     f2838x_defaultisr.obj (.text:ADCA3_ISR)
                  00084b46    0000000a     f2838x_defaultisr.obj (.text:ADCA4_ISR)
                  00084b50    0000000a     f2838x_defaultisr.obj (.text:ADCA_EVT_ISR)
                  00084b5a    0000000a     f2838x_defaultisr.obj (.text:ADCB1_ISR)
                  00084b64    0000000a     f2838x_defaultisr.obj (.text:ADCB2_ISR)
                  00084b6e    0000000a     f2838x_defaultisr.obj (.text:ADCB3_ISR)
                  00084b78    0000000a     f2838x_defaultisr.obj (.text:ADCB4_ISR)
                  00084b82    0000000a     f2838x_defaultisr.obj (.text:ADCB_EVT_ISR)
                  00084b8c    0000000a     f2838x_defaultisr.obj (.text:ADCC1_ISR)
                  00084b96    0000000a     f2838x_defaultisr.obj (.text:ADCC2_ISR)
                  00084ba0    0000000a     f2838x_defaultisr.obj (.text:ADCC3_ISR)
                  00084baa    0000000a     f2838x_defaultisr.obj (.text:ADCC4_ISR)
                  00084bb4    0000000a     f2838x_defaultisr.obj (.text:ADCC_EVT_ISR)
                  00084bbe    0000000a     f2838x_defaultisr.obj (.text:ADCD1_ISR)
                  00084bc8    0000000a     f2838x_defaultisr.obj (.text:ADCD2_ISR)
                  00084bd2    0000000a     f2838x_defaultisr.obj (.text:ADCD3_ISR)
                  00084bdc    0000000a     f2838x_defaultisr.obj (.text:ADCD4_ISR)
                  00084be6    0000000a     f2838x_defaultisr.obj (.text:ADCD_EVT_ISR)
                  00084bf0    0000000a     f2838x_sysctrl.obj (.text:AuxAuxClkSel)
                  00084bfa    0000000a     f2838x_defaultisr.obj (.text:CANA0_ISR)
                  00084c04    0000000a     f2838x_defaultisr.obj (.text:CANA1_ISR)
                  00084c0e    0000000a     f2838x_defaultisr.obj (.text:CANB0_ISR)
                  00084c18    0000000a     f2838x_defaultisr.obj (.text:CANB1_ISR)
                  00084c22    0000000a     f2838x_defaultisr.obj (.text:CIPC0_ISR)
                  00084c2c    0000000a     f2838x_defaultisr.obj (.text:CIPC1_ISR)
                  00084c36    0000000a     f2838x_defaultisr.obj (.text:CIPC2_ISR)
                  00084c40    0000000a     f2838x_defaultisr.obj (.text:CIPC3_ISR)
                  00084c4a    0000000a     f2838x_defaultisr.obj (.text:CLA1CRC_ISR)
                  00084c54    0000000a     f2838x_defaultisr.obj (.text:CLA1_1_ISR)
                  00084c5e    0000000a     f2838x_defaultisr.obj (.text:CLA1_2_ISR)
                  00084c68    0000000a     f2838x_defaultisr.obj (.text:CLA1_3_ISR)
                  00084c72    0000000a     f2838x_defaultisr.obj (.text:CLA1_4_ISR)
                  00084c7c    0000000a     f2838x_defaultisr.obj (.text:CLA1_5_ISR)
                  00084c86    0000000a     f2838x_defaultisr.obj (.text:CLA1_6_ISR)
                  00084c90    0000000a     f2838x_defaultisr.obj (.text:CLA1_7_ISR)
                  00084c9a    0000000a     f2838x_defaultisr.obj (.text:CLA1_8_ISR)
                  00084ca4    0000000a     f2838x_defaultisr.obj (.text:CLA_OVERFLOW_ISR)
                  00084cae    0000000a     f2838x_defaultisr.obj (.text:CLA_UNDERFLOW_ISR)
                  00084cb8    0000000a     f2838x_defaultisr.obj (.text:CLB1_ISR)
                  00084cc2    0000000a     f2838x_defaultisr.obj (.text:CLB2_ISR)
                  00084ccc    0000000a     f2838x_defaultisr.obj (.text:CLB3_ISR)
                  00084cd6    0000000a     f2838x_defaultisr.obj (.text:CLB4_ISR)
                  00084ce0    0000000a     f2838x_defaultisr.obj (.text:CLB5_ISR)
                  00084cea    0000000a     f2838x_defaultisr.obj (.text:CLB6_ISR)
                  00084cf4    0000000a     f2838x_defaultisr.obj (.text:CLB7_ISR)
                  00084cfe    0000000a     f2838x_defaultisr.obj (.text:CLB8_ISR)
                  00084d08    0000000a     f2838x_defaultisr.obj (.text:CMTOCPUXIPC0_ISR)
                  00084d12    0000000a     f2838x_defaultisr.obj (.text:CMTOCPUXIPC1_ISR)
                  00084d1c    0000000a     f2838x_defaultisr.obj (.text:CMTOCPUXIPC2_ISR)
                  00084d26    0000000a     f2838x_defaultisr.obj (.text:CMTOCPUXIPC3_ISR)
                  00084d30    0000000a     f2838x_defaultisr.obj (.text:CMTOCPUXIPC4_ISR)
                  00084d3a    0000000a     f2838x_defaultisr.obj (.text:CMTOCPUXIPC5_ISR)
                  00084d44    0000000a     f2838x_defaultisr.obj (.text:CMTOCPUXIPC6_ISR)
                  00084d4e    0000000a     f2838x_defaultisr.obj (.text:CMTOCPUXIPC7_ISR)
                  00084d58    0000000a     f2838x_defaultisr.obj (.text:CM_STATUS_ISR)
                  00084d62    0000000a     f2838x_defaultisr.obj (.text:CPUCRC_ISR)
                  00084d6c    0000000a     f2838x_defaultisr.obj (.text:DATALOG_ISR)
                  00084d76    0000000a     f2838x_defaultisr.obj (.text:DMA_CH1_ISR)
                  00084d80    0000000a     f2838x_defaultisr.obj (.text:DMA_CH2_ISR)
                  00084d8a    0000000a     f2838x_defaultisr.obj (.text:DMA_CH3_ISR)
                  00084d94    0000000a     f2838x_defaultisr.obj (.text:DMA_CH4_ISR)
                  00084d9e    0000000a     f2838x_defaultisr.obj (.text:DMA_CH5_ISR)
                  00084da8    0000000a     f2838x_defaultisr.obj (.text:DMA_CH6_ISR)
                  00084db2    0000000a     f2838x_defaultisr.obj (.text:ECAP1_ISR)
                  00084dbc    0000000a     f2838x_defaultisr.obj (.text:ECAP2_ISR)
                  00084dc6    0000000a     f2838x_defaultisr.obj (.text:ECAP3_ISR)
                  00084dd0    0000000a     f2838x_defaultisr.obj (.text:ECAP4_ISR)
                  00084dda    0000000a     f2838x_defaultisr.obj (.text:ECAP5_ISR)
                  00084de4    0000000a     f2838x_defaultisr.obj (.text:ECAP6_2_ISR)
                  00084dee    0000000a     f2838x_defaultisr.obj (.text:ECAP6_ISR)
                  00084df8    0000000a     f2838x_defaultisr.obj (.text:ECAP7_2_ISR)
                  00084e02    0000000a     f2838x_defaultisr.obj (.text:ECAP7_ISR)
                  00084e0c    0000000a     f2838x_defaultisr.obj (.text:ECATRST_ISR)
                  00084e16    0000000a     f2838x_defaultisr.obj (.text:ECATSYNC0_ISR)
                  00084e20    0000000a     f2838x_defaultisr.obj (.text:ECATSYNC1_ISR)
                  00084e2a    0000000a     f2838x_defaultisr.obj (.text:ECAT_ISR)
                  00084e34    0000000a     f2838x_defaultisr.obj (.text:EMU_ISR)
                  00084e3e    0000000a     f2838x_defaultisr.obj (.text:EPWM10_ISR)
                  00084e48    0000000a     f2838x_defaultisr.obj (.text:EPWM10_TZ_ISR)
                  00084e52    0000000a     f2838x_defaultisr.obj (.text:EPWM11_ISR)
                  00084e5c    0000000a     f2838x_defaultisr.obj (.text:EPWM11_TZ_ISR)
                  00084e66    0000000a     f2838x_defaultisr.obj (.text:EPWM12_ISR)
                  00084e70    0000000a     f2838x_defaultisr.obj (.text:EPWM12_TZ_ISR)
                  00084e7a    0000000a     f2838x_defaultisr.obj (.text:EPWM13_ISR)
                  00084e84    0000000a     f2838x_defaultisr.obj (.text:EPWM13_TZ_ISR)
                  00084e8e    0000000a     f2838x_defaultisr.obj (.text:EPWM14_ISR)
                  00084e98    0000000a     f2838x_defaultisr.obj (.text:EPWM14_TZ_ISR)
                  00084ea2    0000000a     f2838x_defaultisr.obj (.text:EPWM15_ISR)
                  00084eac    0000000a     f2838x_defaultisr.obj (.text:EPWM15_TZ_ISR)
                  00084eb6    0000000a     f2838x_defaultisr.obj (.text:EPWM16_ISR)
                  00084ec0    0000000a     f2838x_defaultisr.obj (.text:EPWM16_TZ_ISR)
                  00084eca    0000000a     f2838x_defaultisr.obj (.text:EPWM1_ISR)
                  00084ed4    0000000a     f2838x_defaultisr.obj (.text:EPWM1_TZ_ISR)
                  00084ede    0000000a     f2838x_defaultisr.obj (.text:EPWM2_ISR)
                  00084ee8    0000000a     f2838x_defaultisr.obj (.text:EPWM2_TZ_ISR)
                  00084ef2    0000000a     f2838x_defaultisr.obj (.text:EPWM3_ISR)
                  00084efc    0000000a     f2838x_defaultisr.obj (.text:EPWM3_TZ_ISR)
                  00084f06    0000000a     f2838x_defaultisr.obj (.text:EPWM4_ISR)
                  00084f10    0000000a     f2838x_defaultisr.obj (.text:EPWM4_TZ_ISR)
                  00084f1a    0000000a     f2838x_defaultisr.obj (.text:EPWM5_ISR)
                  00084f24    0000000a     f2838x_defaultisr.obj (.text:EPWM5_TZ_ISR)
                  00084f2e    0000000a     f2838x_defaultisr.obj (.text:EPWM6_ISR)
                  00084f38    0000000a     f2838x_defaultisr.obj (.text:EPWM6_TZ_ISR)
                  00084f42    0000000a     f2838x_defaultisr.obj (.text:EPWM7_ISR)
                  00084f4c    0000000a     f2838x_defaultisr.obj (.text:EPWM7_TZ_ISR)
                  00084f56    0000000a     f2838x_defaultisr.obj (.text:EPWM8_ISR)
                  00084f60    0000000a     f2838x_defaultisr.obj (.text:EPWM8_TZ_ISR)
                  00084f6a    0000000a     f2838x_defaultisr.obj (.text:EPWM9_ISR)
                  00084f74    0000000a     f2838x_defaultisr.obj (.text:EPWM9_TZ_ISR)
                  00084f7e    0000000a     f2838x_defaultisr.obj (.text:EQEP1_ISR)
                  00084f88    0000000a     f2838x_defaultisr.obj (.text:EQEP2_ISR)
                  00084f92    0000000a     f2838x_defaultisr.obj (.text:EQEP3_ISR)
                  00084f9c    0000000a     f2838x_defaultisr.obj (.text:FMC_ISR)
                  00084fa6    0000000a     f2838x_defaultisr.obj (.text:FPU_OFLOW_ISR)
                  00084fb0    0000000a     f2838x_defaultisr.obj (.text:FPU_UFLOW_ISR)
                  00084fba    0000000a     f2838x_defaultisr.obj (.text:FSIRXA1_ISR)
                  00084fc4    0000000a     f2838x_defaultisr.obj (.text:FSIRXA2_ISR)
                  00084fce    0000000a     f2838x_defaultisr.obj (.text:FSIRXB1_ISR)
                  00084fd8    0000000a     f2838x_defaultisr.obj (.text:FSIRXB2_ISR)
                  00084fe2    0000000a     f2838x_defaultisr.obj (.text:FSIRXC1_ISR)
                  00084fec    0000000a     f2838x_defaultisr.obj (.text:FSIRXC2_ISR)
                  00084ff6    0000000a     f2838x_defaultisr.obj (.text:FSIRXD1_ISR)
                  00085000    0000000a     f2838x_defaultisr.obj (.text:FSIRXD2_ISR)
                  0008500a    0000000a     f2838x_defaultisr.obj (.text:FSIRXE1_ISR)
                  00085014    0000000a     f2838x_defaultisr.obj (.text:FSIRXE2_ISR)
                  0008501e    0000000a     f2838x_defaultisr.obj (.text:FSIRXF1_ISR)
                  00085028    0000000a     f2838x_defaultisr.obj (.text:FSIRXF2_ISR)
                  00085032    0000000a     f2838x_defaultisr.obj (.text:FSIRXG1_ISR)
                  0008503c    0000000a     f2838x_defaultisr.obj (.text:FSIRXG2_ISR)
                  00085046    0000000a     f2838x_defaultisr.obj (.text:FSIRXH1_ISR)
                  00085050    0000000a     f2838x_defaultisr.obj (.text:FSIRXH2_ISR)
                  0008505a    0000000a     f2838x_defaultisr.obj (.text:FSITXA1_ISR)
                  00085064    0000000a     f2838x_defaultisr.obj (.text:FSITXA2_ISR)
                  0008506e    0000000a     f2838x_defaultisr.obj (.text:FSITXB1_ISR)
                  00085078    0000000a     f2838x_defaultisr.obj (.text:FSITXB2_ISR)
                  00085082    0000000a     f2838x_gpio.obj (.text:GPIO_EnableUnbondedIOPullups)
                  0008508c    0000000a     f2838x_defaultisr.obj (.text:I2CA_FIFO_ISR)
                  00085096    0000000a     f2838x_defaultisr.obj (.text:I2CA_HIGH_ISR)
                  000850a0    0000000a     f2838x_defaultisr.obj (.text:I2CA_ISR)
                  000850aa    0000000a     f2838x_defaultisr.obj (.text:I2CB_FIFO_ISR)
                  000850b4    0000000a     f2838x_defaultisr.obj (.text:I2CB_ISR)
                  000850be    0000000a     f2838x_defaultisr.obj (.text:ILLEGAL_ISR)
                  000850c8    0000000a     f2838x_defaultisr.obj (.text:MCANSS0_ISR)
                  000850d2    0000000a     f2838x_defaultisr.obj (.text:MCANSS1_ISR)
                  000850dc    0000000a     f2838x_defaultisr.obj (.text:MCANSS_ECC_CORR_PLS_ISR)
                  000850e6    0000000a     f2838x_defaultisr.obj (.text:MCANSS_WAKE_AND_TS_PLS_ISR)
                  000850f0    0000000a     f2838x_defaultisr.obj (.text:MCBSPA_RX_ISR)
                  000850fa    0000000a     f2838x_defaultisr.obj (.text:MCBSPA_TX_ISR)
                  00085104    0000000a     f2838x_defaultisr.obj (.text:MCBSPB_RX_ISR)
                  0008510e    0000000a     f2838x_defaultisr.obj (.text:MCBSPB_TX_ISR)
                  00085118    0000000a     f2838x_defaultisr.obj (.text:MPOST_ISR)
                  00085122    0000000a     f2838x_defaultisr.obj (.text:NMI_ISR)
                  0008512c    0000000a     f2838x_defaultisr.obj (.text:NOTUSED_ISR)
                  00085136    0000000a     f2838x_defaultisr.obj (.text:PIE_RESERVED_ISR)
                  00085140    0000000a     f2838x_defaultisr.obj (.text:PMBUSA_ISR)
                  0008514a    0000000a     f2838x_defaultisr.obj (.text:RTOS_ISR)
                  00085154    0000000a     f2838x_defaultisr.obj (.text:SCIA_RX_ISR)
                  0008515e    0000000a     f2838x_defaultisr.obj (.text:SCIA_TX_ISR)
                  00085168    0000000a     f2838x_defaultisr.obj (.text:SCIB_RX_ISR)
                  00085172    0000000a     f2838x_defaultisr.obj (.text:SCIB_TX_ISR)
                  0008517c    0000000a     f2838x_defaultisr.obj (.text:SCIC_RX_ISR)
                  00085186    0000000a     f2838x_defaultisr.obj (.text:SCIC_TX_ISR)
                  00085190    0000000a     f2838x_defaultisr.obj (.text:SCID_RX_ISR)
                  0008519a    0000000a     f2838x_defaultisr.obj (.text:SCID_TX_ISR)
                  000851a4    0000000a     f2838x_defaultisr.obj (.text:SDFM1DR1_ISR)
                  000851ae    0000000a     f2838x_defaultisr.obj (.text:SDFM1DR2_ISR)
                  000851b8    0000000a     f2838x_defaultisr.obj (.text:SDFM1DR3_ISR)
                  000851c2    0000000a     f2838x_defaultisr.obj (.text:SDFM1DR4_ISR)
                  000851cc    0000000a     f2838x_defaultisr.obj (.text:SDFM1_ISR)
                  000851d6    0000000a     f2838x_defaultisr.obj (.text:SDFM2DR1_ISR)
                  000851e0    0000000a     f2838x_defaultisr.obj (.text:SDFM2DR2_ISR)
                  000851ea    0000000a     f2838x_defaultisr.obj (.text:SDFM2DR3_ISR)
                  000851f4    0000000a     f2838x_defaultisr.obj (.text:SDFM2DR4_ISR)
                  000851fe    0000000a     f2838x_defaultisr.obj (.text:SDFM2_ISR)
                  00085208    0000000a     f2838x_defaultisr.obj (.text:SPIA_RX_ISR)
                  00085212    0000000a     f2838x_defaultisr.obj (.text:SPIA_TX_ISR)
                  0008521c    0000000a     f2838x_defaultisr.obj (.text:SPIB_RX_ISR)
                  00085226    0000000a     f2838x_defaultisr.obj (.text:SPIB_TX_ISR)
                  00085230    0000000a     f2838x_defaultisr.obj (.text:SPIC_RX_ISR)
                  0008523a    0000000a     f2838x_defaultisr.obj (.text:SPIC_TX_ISR)
                  00085244    0000000a     f2838x_defaultisr.obj (.text:SPID_RX_ISR)
                  0008524e    0000000a     f2838x_defaultisr.obj (.text:SPID_TX_ISR)
                  00085258    0000000a     f2838x_defaultisr.obj (.text:SYS_ERR_ISR)
                  00085262    0000000a     f2838x_sysctrl.obj (.text:SysIntOsc1Sel)
                  0008526c    0000000a     f2838x_defaultisr.obj (.text:TIMER0_ISR)
                  00085276    0000000a     f2838x_defaultisr.obj (.text:TIMER1_ISR)
                  00085280    0000000a     f2838x_defaultisr.obj (.text:TIMER2_ISR)
                  0008528a    0000000a     f2838x_defaultisr.obj (.text:USBA_ISR)
                  00085294    0000000a     f2838x_defaultisr.obj (.text:USER10_ISR)
                  0008529e    0000000a     f2838x_defaultisr.obj (.text:USER11_ISR)
                  000852a8    0000000a     f2838x_defaultisr.obj (.text:USER12_ISR)
                  000852b2    0000000a     f2838x_defaultisr.obj (.text:USER1_ISR)
                  000852bc    0000000a     f2838x_defaultisr.obj (.text:USER2_ISR)
                  000852c6    0000000a     f2838x_defaultisr.obj (.text:USER3_ISR)
                  000852d0    0000000a     f2838x_defaultisr.obj (.text:USER4_ISR)
                  000852da    0000000a     f2838x_defaultisr.obj (.text:USER5_ISR)
                  000852e4    0000000a     f2838x_defaultisr.obj (.text:USER6_ISR)
                  000852ee    0000000a     f2838x_defaultisr.obj (.text:USER7_ISR)
                  000852f8    0000000a     f2838x_defaultisr.obj (.text:USER8_ISR)
                  00085302    0000000a     f2838x_defaultisr.obj (.text:USER9_ISR)
                  0008530c    0000000a     f2838x_defaultisr.obj (.text:WAKE_ISR)
                  00085316    0000000a     f2838x_defaultisr.obj (.text:XINT1_ISR)
                  00085320    0000000a     f2838x_defaultisr.obj (.text:XINT2_ISR)
                  0008532a    0000000a     f2838x_defaultisr.obj (.text:XINT3_ISR)
                  00085334    0000000a     f2838x_defaultisr.obj (.text:XINT4_ISR)
                  0008533e    0000000a     f2838x_defaultisr.obj (.text:XINT5_ISR)
                  00085348    00000009     rts2800_fpu64_eabi.lib : _lock.c.obj (.text)
                  00085351    00000008     f2838x_sysctrl.obj (.text:AuxIntOsc2Sel)
                  00085359    00000008     f2838x_sysctrl.obj (.text:SysIntOsc2Sel)
                  00085361    00000008     rts2800_fpu64_eabi.lib : copy_decompress_none.c.obj (.text:decompress:none)
                  00085369    00000008     f2838x_codestartbranch.obj (.text)

MODULE SUMMARY

       Module                          code    ro data   rw data
       ------                          ----    -------   -------
    .\
       ADC.obj                         2037    0         200    
       ISR_Control.obj                 1096    0         200    
       Task_Control.obj                884     0         206    
       Peripheral_Config.obj           708     0         0      
       Func.obj                        508     0         0      
       Sequence.obj                    217     0         34     
       ISR.obj                         248     0         0      
       Parameter.obj                   97      0         18     
       Main.obj                        96      0         0      
       Task.obj                        89      0         0      
    +--+-------------------------------+-------+---------+---------+
       Total:                          5980    0         658    
                                                                
    .\F2838x_common\source\
       f2838x_defaultisr.obj           2063    0         0      
       f2838x_sysctrl.obj              1522    0         0      
       f2838x_pievect.obj              17      448       0      
       f2838x_adc.obj                  216     0         0      
       f2838x_cputimers.obj            94      0         24     
       f2838x_epwm.obj                 46      0         0      
       f2838x_gpio.obj                 35      0         0      
       f2838x_piectrl.obj              31      0         0      
       f2838x_codestartbranch.obj      10      0         0      
       f2838x_usdelay.obj              8       0         0      
    +--+-------------------------------+-------+---------+---------+
       Total:                          4042    448       24     
                                                                
    .\F2838x_headers\source\
       f2838x_globalvariabledefs.obj   0       0         3279   
    +--+-------------------------------+-------+---------+---------+
       Total:                          0       0         3279   
                                                                
    C:\ti\ccs1010\ccs\tools\compiler\ti-cgt-c2000_20.8.0.STS\lib\rts2800_fpu64_eabi.lib
       k_rem_pio2.c.obj                1119    168       0      
       e_rem_pio2.c.obj                715     0         0      
       s_floor.c.obj                   218     0         0      
       s_ceil.c.obj                    217     0         0      
       s_scalbn.c.obj                  167     0         0      
       k_sin.c.obj                     139     0         0      
       k_cos.c.obj                     119     0         0      
       s_cos.c.obj                     111     0         0      
       s_sin.c.obj                     107     0         0      
       copy_decompress_lzss.c.obj      49      0         0      
       exit.c.obj                      41      0         6      
       autoinit.c.obj                  43      0         0      
       s_copysign.c.obj                42      0         0      
       i_div28.asm.obj                 34      0         0      
       memcpy.c.obj                    29      0         0      
       boot28.asm.obj                  25      0         0      
       ll_aox28.asm.obj                24      0         0      
       _lock.c.obj                     9       0         4      
       copy_zero_init.c.obj            13      0         0      
       args_main.c.obj                 12      0         0      
       copy_decompress_none.c.obj      8       0         0      
       pre_init.c.obj                  2       0         0      
       errno.c.obj                     0       0         1      
       startup.c.obj                   1       0         0      
    +--+-------------------------------+-------+---------+---------+
       Total:                          3244    168       11     
                                                                
       Stack:                          0       0         256    
       Linker Generated:               0       77        0      
    +--+-------------------------------+-------+---------+---------+
       Grand Total:                    13266   693       4228   


LINKER GENERATED COPY TABLES

__TI_cinit_table @ 00088044 records: 3, size/record: 4, table size: 12
	.data: load addr=00088000, load size=00000033 bytes, run addr=0000a800, run size=00000183 bytes, compression=lzss
	.bss: load addr=0008803a, load size=00000004 bytes, run addr=0000a984, run size=0000013c bytes, compression=zero_init
	PieVectTableFile: load addr=0008803e, load size=00000004 bytes, run addr=00000d00, run size=000001c0 bytes, compression=zero_init


LINKER GENERATED HANDLER TABLE

__TI_handler_table @ 00088034 records: 3, size/record: 2, table size: 6
	index: 0, handler: __TI_zero_init
	index: 1, handler: __TI_decompress_lzss
	index: 2, handler: __TI_decompress_none


GLOBAL DATA SYMBOLS: SORTED BY DATA PAGE

address     data page           name
--------    ----------------    ----
00000400      10 (00000400)     __stack

00000b00      2c (00000b00)     AdcaResultRegs
00000b20      2c (00000b00)     AdcbResultRegs

00000c00      30 (00000c00)     CpuTimer0Regs
00000c08      30 (00000c00)     CpuTimer1Regs
00000c10      30 (00000c00)     CpuTimer2Regs

00000ce0      33 (00000cc0)     PieCtrlRegs

00000d00      34 (00000d00)     PieVectTable

00004100     104 (00004100)     EPwm2Regs

00004200     108 (00004200)     EPwm3Regs

00007000     1c0 (00007000)     WdRegs

00007400     1d0 (00007400)     AdcaRegs

00007480     1d2 (00007480)     AdcbRegs

00007500     1d4 (00007500)     AdccRegs

00007580     1d6 (00007580)     AdcdRegs

00007c00     1f0 (00007c00)     GpioCtrlRegs

00007f00     1fc (00007f00)     GpioDataRegs

0000a800     2a0 (0000a800)     giFlag_EPwm2TZCLR
0000a801     2a0 (0000a800)     giFlag_EPwm3TZCLR
0000a802     2a0 (0000a800)     gfKpc
0000a804     2a0 (0000a800)     gcVoPFC

0000a840     2a1 (0000a840)     gcILPFC1

0000a880     2a2 (0000a880)     gcILPFC2
0000a8a2     2a2 (0000a880)     L
0000a8a4     2a2 (0000a880)     Lest
0000a8a6     2a2 (0000a880)     Co
0000a8a8     2a2 (0000a880)     Cf
0000a8aa     2a2 (0000a880)     gc
0000a8ac     2a2 (0000a880)     KgfVgrid
0000a8ae     2a2 (0000a880)     KgfVoPFC
0000a8b0     2a2 (0000a880)     Ki
0000a8b2     2a2 (0000a880)     Km
0000a8b4     2a2 (0000a880)     AdcOffset_CalcCnt_Max
0000a8b6     2a2 (0000a880)     AdcStable_Cnt_Max
0000a8b8     2a2 (0000a880)     gfT_temp
0000a8ba     2a2 (0000a880)     __TI_enable_exit_profile_output
0000a8bc     2a2 (0000a880)     __TI_cleanup_ptr
0000a8be     2a2 (0000a880)     __TI_dtors_ptr

0000a8c0     2a3 (0000a8c0)     giPrecharCplCntCal
0000a8c2     2a3 (0000a8c0)     giPrecharFltCntCal
0000a8c4     2a3 (0000a8c0)     gfPrecharCplTimeCal
0000a8c6     2a3 (0000a8c0)     gfPrecharFltTimeCal
0000a8c8     2a3 (0000a8c0)     giPFCRlyCplCntCal
0000a8ca     2a3 (0000a8c0)     gfPFCRlyCplTimeCal
0000a8cc     2a3 (0000a8c0)     giPartCalcCplCntCal
0000a8ce     2a3 (0000a8c0)     gfVoPFCrefCal
0000a8d0     2a3 (0000a8c0)     gfSsCplTimeCal
0000a8d2     2a3 (0000a8c0)     gfSsFltTimeCal
0000a8d4     2a3 (0000a8c0)     giSsCplCntCal
0000a8d6     2a3 (0000a8c0)     giSsFltCntCal
0000a8d8     2a3 (0000a8c0)     gfTssCal
0000a8da     2a3 (0000a8c0)     gfFssCal
0000a8dc     2a3 (0000a8c0)     gdqVgrid_dqs
0000a8e0     2a3 (0000a8c0)     gdqVgrid_dqe
0000a8e4     2a3 (0000a8c0)     gdqVgrid_dqe_LPF
0000a8e8     2a3 (0000a8c0)     gf1Wgrid_LPF
0000a8f0     2a3 (0000a8c0)     gf1Votref_LPF

0000a900     2a4 (0000a900)     gf2Vgrid_qs_APF
0000a90c     2a4 (0000a900)     gf2Vgrid_de_LPF
0000a918     2a4 (0000a900)     gf2Vgrid_qe_LPF

0000a940     2a5 (0000a940)     gPiVgrid_angle
0000a95e     2a5 (0000a940)     INT_FLT_STATE
0000a95f     2a5 (0000a940)     INT_FLTSUB_STATE
0000a960     2a5 (0000a940)     INT_INHIBIT_STATE
0000a961     2a5 (0000a940)     INT_NORMAL_STATE
0000a962     2a5 (0000a940)     INT_SUB_STATE
0000a963     2a5 (0000a940)     giFlag_Run
0000a964     2a5 (0000a940)     giTEST_Mode
0000a965     2a5 (0000a940)     giModeState
0000a966     2a5 (0000a940)     giVgridUVInhibitFlag
0000a968     2a5 (0000a940)     gfVCBOVFlt
0000a96a     2a5 (0000a940)     gfVCBUVFlt
0000a96c     2a5 (0000a940)     gfiLPFCOCFlt
0000a96e     2a5 (0000a940)     gfOutCurrOCFlt
0000a970     2a5 (0000a940)     gfVgridOVFlt
0000a972     2a5 (0000a940)     gfVgridUVFlt
0000a974     2a5 (0000a940)     gfVoPFCOVFlt
0000a976     2a5 (0000a940)     gfVoPFCUVFlt
0000a978     2a5 (0000a940)     gfTempFlt
0000a97a     2a5 (0000a940)     gfVgridUVInhibit
0000a97c     2a5 (0000a940)     gfVoPFCUVInhibit
0000a97e     2a5 (0000a940)     _lock

0000a980     2a6 (0000a980)     _unlock
0000a982     2a6 (0000a980)     errno
0000a984     2a6 (0000a980)     giFlag_PrecharCpl
0000a985     2a6 (0000a980)     giFlag_PrecharFlt
0000a986     2a6 (0000a980)     giFlag_PrecharState
0000a987     2a6 (0000a980)     giFlag_PFCRlyCpl
0000a988     2a6 (0000a980)     giFlag_PFCRlyState
0000a989     2a6 (0000a980)     giFlag_PFCRlyONGate
0000a98a     2a6 (0000a980)     giPartCalcCplCnt
0000a98b     2a6 (0000a980)     giFlag_PartCalcCpl
0000a98c     2a6 (0000a980)     giFlag_SsFlt
0000a98d     2a6 (0000a980)     giFlag_SsState
0000a98e     2a6 (0000a980)     giFlag_SsCpl
0000a98f     2a6 (0000a980)     giFlag_NormalState
0000a990     2a6 (0000a980)     giPrecharCplCnt
0000a992     2a6 (0000a980)     giPrecharFltCnt
0000a994     2a6 (0000a980)     giPFCRlyCplCnt
0000a996     2a6 (0000a980)     gfWgrid
0000a998     2a6 (0000a980)     gfWgrid_LPF
0000a99a     2a6 (0000a980)     gfTheta_Grid
0000a99c     2a6 (0000a980)     gfVgrid_Mag
0000a99e     2a6 (0000a980)     gfWgrid_PC
0000a9a0     2a6 (0000a980)     gfGridAngleKp
0000a9a2     2a6 (0000a980)     gfGridAngleKi
0000a9a4     2a6 (0000a980)     gfVoPFCrefSS
0000a9a6     2a6 (0000a980)     giSsCplCnt
0000a9a8     2a6 (0000a980)     giSsFltCnt
0000a9aa     2a6 (0000a980)     gfdelVoPFCrefCal
0000a9ac     2a6 (0000a980)     gfVotref
0000a9ae     2a6 (0000a980)     gfVotrefLPF
0000a9b0     2a6 (0000a980)     gfVotrefSS
0000a9b2     2a6 (0000a980)     gfdelVotref
0000a9b4     2a6 (0000a980)     INT_MAIN_STATE
0000a9b5     2a6 (0000a980)     INT_MODE_STATE

0000a9c0     2a7 (0000a9c0)     AdcOffset_CalcCnt
0000a9c1     2a7 (0000a9c0)     giADCoffsetCplFlag
0000a9c2     2a7 (0000a9c0)     AdcStable_Cnt
0000a9c3     2a7 (0000a9c0)     giADCStableFlag
0000a9c4     2a7 (0000a9c0)     ADCRESULT0
0000a9c6     2a7 (0000a9c0)     ADCRESULT1
0000a9c8     2a7 (0000a9c0)     ADCRESULT2
0000a9ca     2a7 (0000a9c0)     ADCRESULT3
0000a9cc     2a7 (0000a9c0)     gfVgrid
0000a9ce     2a7 (0000a9c0)     gfVgrid1
0000a9d0     2a7 (0000a9c0)     gfVgrid_LPF10
0000a9d2     2a7 (0000a9c0)     gfVgrid_LPF100
0000a9d4     2a7 (0000a9c0)     gfVgrid_LPF1K
0000a9d6     2a7 (0000a9c0)     gfVgrid_Offset
0000a9d8     2a7 (0000a9c0)     gfVgrid_Offset1
0000a9da     2a7 (0000a9c0)     gfVgrid_Offset_LPF10
0000a9dc     2a7 (0000a9c0)     gfVgrid_Offset_Cal
0000a9de     2a7 (0000a9c0)     gfVgrid_fabs
0000a9e0     2a7 (0000a9c0)     gfVgrid_fabs1
0000a9e2     2a7 (0000a9c0)     gfVgrid_fabs2
0000a9e4     2a7 (0000a9c0)     gfVgrid_fabs_LPF5
0000a9e6     2a7 (0000a9c0)     gfVgrid_fabs_LPF5_1
0000a9e8     2a7 (0000a9c0)     gfVgrid_fabs_LPF5_2
0000a9ea     2a7 (0000a9c0)     gfVgrid_RMS
0000a9ec     2a7 (0000a9c0)     gfVoPFC
0000a9ee     2a7 (0000a9c0)     gfVoPFC1
0000a9f0     2a7 (0000a9c0)     gfVoPFC_LPF10
0000a9f2     2a7 (0000a9c0)     gfVoPFC_LPF100
0000a9f4     2a7 (0000a9c0)     gfVoPFC_LPF1K
0000a9f6     2a7 (0000a9c0)     gfVoPFC_Offset
0000a9f8     2a7 (0000a9c0)     gfVoPFC_Offset1
0000a9fa     2a7 (0000a9c0)     gfVoPFC_Offset_LPF10
0000a9fc     2a7 (0000a9c0)     gfVoPFC_Offset_Cal
0000a9fe     2a7 (0000a9c0)     gfiLphaseA

0000aa00     2a8 (0000aa00)     gfiLphaseA1
0000aa02     2a8 (0000aa00)     gfiLphaseA_LPF10
0000aa04     2a8 (0000aa00)     gfiLphaseA_LPF100
0000aa06     2a8 (0000aa00)     gfiLphaseA_LPF1K
0000aa08     2a8 (0000aa00)     gfiLphaseA_Offset
0000aa0a     2a8 (0000aa00)     gfiLphaseA_Offset1
0000aa0c     2a8 (0000aa00)     gfiLphaseA_Offset_LPF10
0000aa0e     2a8 (0000aa00)     gfiLphaseA_Offset_Cal
0000aa10     2a8 (0000aa00)     gfiLphaseA_fabs
0000aa12     2a8 (0000aa00)     gfiLphaseA_fabs1
0000aa14     2a8 (0000aa00)     gfiLphaseA_fabs2
0000aa16     2a8 (0000aa00)     gfiLphaseA_fabs_LPF5
0000aa18     2a8 (0000aa00)     gfiLphaseA_fabs_LPF5_1
0000aa1a     2a8 (0000aa00)     gfiLphaseA_fabs_LPF5_2
0000aa1c     2a8 (0000aa00)     gfiLphaseA_RMS
0000aa1e     2a8 (0000aa00)     gfiLphaseB
0000aa20     2a8 (0000aa00)     gfiLphaseB1
0000aa22     2a8 (0000aa00)     gfiLphaseB_LPF10
0000aa24     2a8 (0000aa00)     gfiLphaseB_LPF100
0000aa26     2a8 (0000aa00)     gfiLphaseB_LPF1K
0000aa28     2a8 (0000aa00)     gfiLphaseB_Offset
0000aa2a     2a8 (0000aa00)     gfiLphaseB_Offset1
0000aa2c     2a8 (0000aa00)     gfiLphaseB_Offset_LPF10
0000aa2e     2a8 (0000aa00)     gfiLphaseB_Offset_Cal
0000aa30     2a8 (0000aa00)     gfiLphaseB_fabs
0000aa32     2a8 (0000aa00)     gfiLphaseB_fabs1
0000aa34     2a8 (0000aa00)     gfiLphaseB_fabs2
0000aa36     2a8 (0000aa00)     gfiLphaseB_fabs_LPF5
0000aa38     2a8 (0000aa00)     gfiLphaseB_fabs_LPF5_1
0000aa3a     2a8 (0000aa00)     gfiLphaseB_fabs_LPF5_2
0000aa3c     2a8 (0000aa00)     gfiLphaseB_RMS
0000aa3e     2a8 (0000aa00)     gfTFilterSamp

0000aa40     2a9 (0000aa40)     gfFFilterSamp
0000aa42     2a9 (0000aa40)     WcLPF1_1K
0000aa44     2a9 (0000aa40)     WcLPF1_100
0000aa46     2a9 (0000aa40)     WcLPF1_50
0000aa48     2a9 (0000aa40)     WcLPF1_10
0000aa4a     2a9 (0000aa40)     WcLPF1_5
0000aa4c     2a9 (0000aa40)     WcLPF1_1
0000aa4e     2a9 (0000aa40)     WcLPF1_0P1
0000aa50     2a9 (0000aa40)     WcLPF2_5
0000aa52     2a9 (0000aa40)     gfLPF1A1K
0000aa54     2a9 (0000aa40)     gfLPF1B1K
0000aa56     2a9 (0000aa40)     gfLPF1C1K
0000aa58     2a9 (0000aa40)     gfLPF1A100
0000aa5a     2a9 (0000aa40)     gfLPF1B100
0000aa5c     2a9 (0000aa40)     gfLPF1C100
0000aa5e     2a9 (0000aa40)     gfLPF1A50
0000aa60     2a9 (0000aa40)     gfLPF1B50
0000aa62     2a9 (0000aa40)     gfLPF1C50
0000aa64     2a9 (0000aa40)     gfLPF1A10
0000aa66     2a9 (0000aa40)     gfLPF1B10
0000aa68     2a9 (0000aa40)     gfLPF1C10
0000aa6a     2a9 (0000aa40)     gfLPF1A5
0000aa6c     2a9 (0000aa40)     gfLPF1B5
0000aa6e     2a9 (0000aa40)     gfLPF1C5
0000aa70     2a9 (0000aa40)     gfLPF1A1
0000aa72     2a9 (0000aa40)     gfLPF1B1
0000aa74     2a9 (0000aa40)     gfLPF1C1
0000aa76     2a9 (0000aa40)     gfLPF1A0P1
0000aa78     2a9 (0000aa40)     gfLPF1B0P1
0000aa7a     2a9 (0000aa40)     gfLPF1C0P1
0000aa7c     2a9 (0000aa40)     gfLPF2A5
0000aa7e     2a9 (0000aa40)     gfLPF2B5

0000aa80     2aa (0000aa80)     gfLPF2C5
0000aa82     2aa (0000aa80)     giflag_PosCycle
0000aa83     2aa (0000aa80)     giflag_NegCycle
0000aa84     2aa (0000aa80)     giFlag_HSSW_Deadzone
0000aa85     2aa (0000aa80)     giFlag_LSSW_Deadzone
0000aa86     2aa (0000aa80)     giFlag_IL1CtrlCpl
0000aa87     2aa (0000aa80)     giFlag_IL2CtrlCpl
0000aa88     2aa (0000aa80)     giFlag_IL1CtrlCpl_Delay
0000aa89     2aa (0000aa80)     giFlag_IL2CtrlCpl_Delay
0000aa8a     2aa (0000aa80)     giFlag_LSSWCpl
0000aa8c     2aa (0000aa80)     giPos_dead_cnt
0000aa8e     2aa (0000aa80)     giNeg_dead_cnt
0000aa90     2aa (0000aa80)     gfHSSW_VmAL
0000aa92     2aa (0000aa80)     gfHSSW_VmAH
0000aa94     2aa (0000aa80)     gfHSSW_VmBL
0000aa96     2aa (0000aa80)     gfHSSW_VmBH
0000aa98     2aa (0000aa80)     gfLSSW_VmL
0000aa9a     2aa (0000aa80)     gfLSSW_VmH
0000aa9c     2aa (0000aa80)     Vm_dead
0000aa9e     2aa (0000aa80)     gfPFC_CCM_FF
0000aaa0     2aa (0000aa80)     gfPFC_DCM_FF
0000aaa2     2aa (0000aa80)     gfPFC_FF
0000aaa4     2aa (0000aa80)     gfIPFCref
0000aaa6     2aa (0000aa80)     gfIPFCphaseref
0000aaa8     2aa (0000aa80)     CpuTimer0
0000aab0     2aa (0000aa80)     CpuTimer1
0000aab8     2aa (0000aa80)     CpuTimer2

0005d000    1740 (0005d000)     DevCfgRegs

0005d200    1748 (0005d200)     ClkCfgRegs

0005d300    174c (0005d300)     CpuSysRegs

0005d700    175c (0005d700)     AnalogSubsysRegs

0005e700    179c (0005e700)     Dcc0Regs

0005e740    179d (0005e740)     Dcc1Regs

0005e780    179e (0005e780)     Dcc2Regs

0005f800    17e0 (0005f800)     Flash0CtrlRegs

0005fb00    17ec (0005fb00)     Flash0EccRegs

00090000    2400 (00090000)     PieVectTableInit


GLOBAL SYMBOLS: SORTED ALPHABETICALLY BY Name 

page  address   name                                 
----  -------   ----                                 
0     00084b28  ADCA1_ISR                            
0     00084b32  ADCA2_ISR                            
0     00084b3c  ADCA3_ISR                            
0     00084b46  ADCA4_ISR                            
0     00084b50  ADCA_EVT_ISR                         
0     00084b5a  ADCB1_ISR                            
0     00084b64  ADCB2_ISR                            
0     00084b6e  ADCB3_ISR                            
0     00084b78  ADCB4_ISR                            
0     00084b82  ADCB_EVT_ISR                         
0     00084b8c  ADCC1_ISR                            
0     00084b96  ADCC2_ISR                            
0     00084ba0  ADCC3_ISR                            
0     00084baa  ADCC4_ISR                            
0     00084bb4  ADCC_EVT_ISR                         
0     00084bbe  ADCD1_ISR                            
0     00084bc8  ADCD2_ISR                            
0     00084bd2  ADCD3_ISR                            
0     00084bdc  ADCD4_ISR                            
0     00084be6  ADCD_EVT_ISR                         
0     0000a9c4  ADCRESULT0                           
0     0000a9c6  ADCRESULT1                           
0     0000a9c8  ADCRESULT2                           
0     0000a9ca  ADCRESULT3                           
0     00083af8  ADC_Calc                             
0     0008245f  ADC_LPF_RMS_Calc_100us               
0     00082e8b  ADC_Offset_Calc_100us                
0     00084571  APF2                                 
0     0000a9c0  AdcOffset_CalcCnt                    
0     0000a8b4  AdcOffset_CalcCnt_Max                
0     000838ef  AdcSetMode                           
0     0000a9c2  AdcStable_Cnt                        
0     0000a8b6  AdcStable_Cnt_Max                    
0     0008377b  Adc_Config                           
0     00007400  AdcaRegs                             
0     00000b00  AdcaResultRegs                       
0     00007480  AdcbRegs                             
0     00000b20  AdcbResultRegs                       
0     00007500  AdccRegs                             
0     00007580  AdcdRegs                             
0     0005d700  AnalogSubsysRegs                     
0     00084bf0  AuxAuxClkSel                         
0     00085351  AuxIntOsc2Sel                        
0     00084a5a  AuxXtalOscSESel                      
0     00084a72  AuxXtalOscSel                        
0     00084904  C$$EXIT                              
0     00084bfa  CANA0_ISR                            
0     00084c04  CANA1_ISR                            
0     00084c0e  CANB0_ISR                            
0     00084c18  CANB1_ISR                            
0     00084c22  CIPC0_ISR                            
0     00084c2c  CIPC1_ISR                            
0     00084c36  CIPC2_ISR                            
0     00084c40  CIPC3_ISR                            
0     00084c4a  CLA1CRC_ISR                          
0     00084c54  CLA1_1_ISR                           
0     00084c5e  CLA1_2_ISR                           
0     00084c68  CLA1_3_ISR                           
0     00084c72  CLA1_4_ISR                           
0     00084c7c  CLA1_5_ISR                           
0     00084c86  CLA1_6_ISR                           
0     00084c90  CLA1_7_ISR                           
0     00084c9a  CLA1_8_ISR                           
0     00084ca4  CLA_OVERFLOW_ISR                     
0     00084cae  CLA_UNDERFLOW_ISR                    
0     00084cb8  CLB1_ISR                             
0     00084cc2  CLB2_ISR                             
0     00084ccc  CLB3_ISR                             
0     00084cd6  CLB4_ISR                             
0     00084ce0  CLB5_ISR                             
0     00084cea  CLB6_ISR                             
0     00084cf4  CLB7_ISR                             
0     00084cfe  CLB8_ISR                             
0     00084d08  CMTOCPUXIPC0_ISR                     
0     00084d12  CMTOCPUXIPC1_ISR                     
0     00084d1c  CMTOCPUXIPC2_ISR                     
0     00084d26  CMTOCPUXIPC3_ISR                     
0     00084d30  CMTOCPUXIPC4_ISR                     
0     00084d3a  CMTOCPUXIPC5_ISR                     
0     00084d44  CMTOCPUXIPC6_ISR                     
0     00084d4e  CMTOCPUXIPC7_ISR                     
0     00084d58  CM_STATUS_ISR                        
0     00084d62  CPUCRC_ISR                           
0     0008492d  CalAdcINL                            
0     0000a8a8  Cf                                   
0     0008467e  ChkFltState                          
0     000847b0  ChkInhibitState                      
0     000849f2  ChkMainState                         
0     00083fca  ChkNormalState                       
0     0005d200  ClkCfgRegs                           
0     0000a8a6  Co                                   
0     00083cb6  ComputeCntrSeedValue                 
0     00084953  ConfigCpuTimer                       
0     0005d300  CpuSysRegs                           
0     0000aaa8  CpuTimer0                            
0     00000c00  CpuTimer0Regs                        
0     0000aab0  CpuTimer1                            
0     00000c08  CpuTimer1Regs                        
0     0000aab8  CpuTimer2                            
0     00000c10  CpuTimer2Regs                        
0     00084d6c  DATALOG_ISR                          
0     00084d76  DMA_CH1_ISR                          
0     00084d80  DMA_CH2_ISR                          
0     00084d8a  DMA_CH3_ISR                          
0     00084d94  DMA_CH4_ISR                          
0     00084d9e  DMA_CH5_ISR                          
0     00084da8  DMA_CH6_ISR                          
0     00084512  DPID_Control_calc                    
0     0005e700  Dcc0Regs                             
0     0005e740  Dcc1Regs                             
0     0005e780  Dcc2Regs                             
0     0005d000  DevCfgRegs                           
0     00084af5  DisableDog                           
0     00084db2  ECAP1_ISR                            
0     00084dbc  ECAP2_ISR                            
0     00084dc6  ECAP3_ISR                            
0     00084dd0  ECAP4_ISR                            
0     00084dda  ECAP5_ISR                            
0     00084de4  ECAP6_2_ISR                          
0     00084dee  ECAP6_ISR                            
0     00084df8  ECAP7_2_ISR                          
0     00084e02  ECAP7_ISR                            
0     00084e0c  ECATRST_ISR                          
0     00084e16  ECATSYNC0_ISR                        
0     00084e20  ECATSYNC1_ISR                        
0     00084e2a  ECAT_ISR                             
0     00084b02  EMPTY_ISR                            
0     00084e34  EMU_ISR                              
0     00084e3e  EPWM10_ISR                           
0     00084e48  EPWM10_TZ_ISR                        
0     00084e52  EPWM11_ISR                           
0     00084e5c  EPWM11_TZ_ISR                        
0     00084e66  EPWM12_ISR                           
0     00084e70  EPWM12_TZ_ISR                        
0     00084e7a  EPWM13_ISR                           
0     00084e84  EPWM13_TZ_ISR                        
0     00084e8e  EPWM14_ISR                           
0     00084e98  EPWM14_TZ_ISR                        
0     00084ea2  EPWM15_ISR                           
0     00084eac  EPWM15_TZ_ISR                        
0     00084eb6  EPWM16_ISR                           
0     00084ec0  EPWM16_TZ_ISR                        
0     00084eca  EPWM1_ISR                            
0     00084ed4  EPWM1_TZ_ISR                         
0     00084ede  EPWM2_ISR                            
0     00084ee8  EPWM2_TZ_ISR                         
0     00084ef2  EPWM3_ISR                            
0     00084efc  EPWM3_TZ_ISR                         
0     00084f06  EPWM4_ISR                            
0     00084f10  EPWM4_TZ_ISR                         
0     00084f1a  EPWM5_ISR                            
0     00084f24  EPWM5_TZ_ISR                         
0     00084f2e  EPWM6_ISR                            
0     00084f38  EPWM6_TZ_ISR                         
0     00084f42  EPWM7_ISR                            
0     00084f4c  EPWM7_TZ_ISR                         
0     00084f56  EPWM8_ISR                            
0     00084f60  EPWM8_TZ_ISR                         
0     00084f6a  EPWM9_ISR                            
0     00084f74  EPWM9_TZ_ISR                         
0     00004100  EPwm2Regs                            
0     000841e2  EPwm2_Config                         
0     00004200  EPwm3Regs                            
0     0008416e  EPwm3_Config                         
0     00084f7e  EQEP1_ISR                            
0     00084f88  EQEP2_ISR                            
0     00084f92  EQEP3_ISR                            
0     0000802c  F28x_usDelay                         
0     00084f9c  FMC_ISR                              
0     00084fa6  FPU_OFLOW_ISR                        
0     00084fb0  FPU_UFLOW_ISR                        
0     00084fba  FSIRXA1_ISR                          
0     00084fc4  FSIRXA2_ISR                          
0     00084fce  FSIRXB1_ISR                          
0     00084fd8  FSIRXB2_ISR                          
0     00084fe2  FSIRXC1_ISR                          
0     00084fec  FSIRXC2_ISR                          
0     00084ff6  FSIRXD1_ISR                          
0     00085000  FSIRXD2_ISR                          
0     0008500a  FSIRXE1_ISR                          
0     00085014  FSIRXE2_ISR                          
0     0008501e  FSIRXF1_ISR                          
0     00085028  FSIRXF2_ISR                          
0     00085032  FSIRXG1_ISR                          
0     0008503c  FSIRXG2_ISR                          
0     00085046  FSIRXH1_ISR                          
0     00085050  FSIRXH2_ISR                          
0     0008505a  FSITXA1_ISR                          
0     00085064  FSITXA2_ISR                          
0     0008506e  FSITXB1_ISR                          
0     00085078  FSITXB2_ISR                          
0     0005f800  Flash0CtrlRegs                       
0     0005fb00  Flash0EccRegs                        
0     00085082  GPIO_EnableUnbondedIOPullups         
0     00084a28  GPIO_EnableUnbondedIOPullupsFor176Pin
0     00007c00  GpioCtrlRegs                         
0     00007f00  GpioDataRegs                         
0     0008407c  GridPartCalcGainInit                 
0     00082d4e  GridPartCalc_100us                   
0     000835f5  HalfCycleDetection                   
0     0008508c  I2CA_FIFO_ISR                        
0     00085096  I2CA_HIGH_ISR                        
0     000850a0  I2CA_ISR                             
0     000850aa  I2CB_FIFO_ISR                        
0     000850b4  I2CB_ISR                             
0     000850be  ILLEGAL_ISR                          
0     00083449  ILPFC_Ctrl1                          
0     0008351f  ILPFC_Ctrl2                          
0     0000a95f  INT_FLTSUB_STATE                     
0     0000a95e  INT_FLT_STATE                        
0     0000a960  INT_INHIBIT_STATE                    
0     0000a9b4  INT_MAIN_STATE                       
0     0000a9b5  INT_MODE_STATE                       
0     0000a961  INT_NORMAL_STATE                     
0     0000a962  INT_SUB_STATE                        
0     000836bb  InitAuxPll                           
0     000847eb  InitCpuTimers                        
0     00084aba  InitEPwm2Gpio                        
0     00084a8a  InitEPwm3Gpio                        
0     00082b7f  InitFilterVar_100us                  
0     00008000  InitFlash                            
0     00084ad0  InitGpioConfig                       
0     00083839  InitGpioInOutConfig                  
0     00084627  InitPWMEnaFltGpioConfig              
0     000831b7  InitPeripheralClocks                 
0     00084998  InitPieCtrl                          
0     00084ae4  InitPieVectTable                     
0     00084390  InitSysCtrl                          
0     00082fc3  InitSysPll                           
0     00083dd0  Init_ILPFC1_cont                     
0     00083e51  Init_ILPFC2_cont                     
0     00083c25  Init_VoPFC_cont                      
0     00083b91  IsPLLValid                           
0     0000a8ac  KgfVgrid                             
0     0000a8ae  KgfVoPFC                             
0     0000a8b0  Ki                                   
0     0000a8b2  Km                                   
0     0000a8a2  L                                    
0     00084857  LPF1                                 
0     00084452  LPF2                                 
0     0000a8a4  Lest                                 
0     000850c8  MCANSS0_ISR                          
0     000850d2  MCANSS1_ISR                          
0     000850dc  MCANSS_ECC_CORR_PLS_ISR              
0     000850e6  MCANSS_WAKE_AND_TS_PLS_ISR           
0     000850f0  MCBSPA_RX_ISR                        
0     000850fa  MCBSPA_TX_ISR                        
0     00085104  MCBSPB_RX_ISR                        
0     0008510e  MCBSPB_TX_ISR                        
[...]
0     0000aa6a  gfLPF1A5                             
0     0000aa6c  gfLPF1B5                             
0     0000aa6e  gfLPF1C5                             
0     0000aa70  gfLPF1A1                             
0     0000aa72  gfLPF1B1                             
0     0000aa74  gfLPF1C1                             
0     0000aa76  gfLPF1A0P1                           
0     0000aa78  gfLPF1B0P1                           
0     0000aa7a  gfLPF1C0P1                           
0     0000aa7c  gfLPF2A5                             
0     0000aa7e  gfLPF2B5                             
0     0000aa80  gfLPF2C5                             
0     0000aa82  giflag_PosCycle                      
0     0000aa83  giflag_NegCycle                      
0     0000aa84  giFlag_HSSW_Deadzone                 
0     0000aa85  giFlag_LSSW_Deadzone                 
0     0000aa86  giFlag_IL1CtrlCpl                    
0     0000aa87  giFlag_IL2CtrlCpl                    
0     0000aa88  giFlag_IL1CtrlCpl_Delay              
0     0000aa89  giFlag_IL2CtrlCpl_Delay              
0     0000aa8a  giFlag_LSSWCpl                       
0     0000aa8c  giPos_dead_cnt                       
0     0000aa8e  giNeg_dead_cnt                       
0     0000aa90  gfHSSW_VmAL                          
0     0000aa92  gfHSSW_VmAH                          
0     0000aa94  gfHSSW_VmBL                          
0     0000aa96  gfHSSW_VmBH                          
0     0000aa98  gfLSSW_VmL                           
0     0000aa9a  gfLSSW_VmH                           
0     0000aa9c  Vm_dead                              
0     0000aa9e  gfPFC_CCM_FF                         
0     0000aaa0  gfPFC_DCM_FF                         
0     0000aaa2  gfPFC_FF                             
0     0000aaa4  gfIPFCref                            
0     0000aaa6  gfIPFCphaseref                       
0     0000aaa8  CpuTimer0                            
0     0000aab0  CpuTimer1                            
0     0000aab8  CpuTimer2                            
0     0005d000  DevCfgRegs                           
0     0005d200  ClkCfgRegs                           
0     0005d300  CpuSysRegs                           
0     0005d700  AnalogSubsysRegs                     
0     0005e700  Dcc0Regs                             
0     0005e740  Dcc1Regs                             
0     0005e780  Dcc2Regs                             
0     0005f800  Flash0CtrlRegs                       
0     0005fb00  Flash0EccRegs                        
0     00080000  code_start                           
0     00082000  __kernel_rem_pio2                    
0     0008245f  ADC_LPF_RMS_Calc_100us               
0     000828b4  __rem_pio2                           
0     00082b7f  InitFilterVar_100us                  
0     00082d4e  GridPartCalc_100us                   
0     00082e8b  ADC_Offset_Calc_100us                
0     00082fc3  InitSysPll                           
0     000830c4  SoftStart_100us                      
0     000831b7  InitPeripheralClocks                 
0     00083296  floor                                
0     00083296  floorl                               
0     00083370  ceil                                 
0     00083370  ceill                                
0     00083449  ILPFC_Ctrl1                          
0     0008351f  ILPFC_Ctrl2                          
0     000835f5  HalfCycleDetection                   
0     000836bb  InitAuxPll                           
0     0008377b  Adc_Config                           
0     00083839  InitGpioInOutConfig                  
0     000838ef  AdcSetMode                           
0     000839a1  VerifyXTAL                           
0     00083a51  ldexp                                
0     00083a51  ldexpl                               
0     00083a51  scalbn                               
0     00083a51  scalbnl                              
0     00083af8  ADC_Calc                             
0     00083b91  IsPLLValid                           
0     00083c25  Init_VoPFC_cont                      
0     00083cb6  ComputeCntrSeedValue                 
0     00083d45  __kernel_sin                         
0     00083dd0  Init_ILPFC1_cont                     
0     00083e51  Init_ILPFC2_cont                     
0     00083ed2  Precharging_100us                    
0     00083f4e  adca1_isr                            
0     00083fca  ChkNormalState                       
0     00083ffc  _system_pre_init                     
0     00083ffe  _system_post_cinit                   
0     00084000  adca2_isr                            
0     0008407c  GridPartCalcGainInit                 
0     000840f7  __kernel_cos                         
0     0008416e  EPwm3_Config                         
0     000841e2  EPwm2_Config                         
0     00084253  cos                                  
0     00084253  cosl                                 
0     000842c2  sin                                  
0     000842c2  sinl                                 
0     0008432d  PI_Control_calc                      
0     00084390  InitSysCtrl                          
0     000843f1  ParameterSetting                     
0     00084452  LPF2                                 
0     000844b2  main                                 
0     00084512  DPID_Control_calc                    
0     00084571  APF2                                 
0     000845ce  Task_100us                           
0     00084627  InitPWMEnaFltGpioConfig              
0     0008467e  ChkFltState                          
0     000846cf  park_calc                            
0     00084720  PFCRly_100us                         
0     0008476d  VoPFC_Ctrl                           
0     000847b0  ChkInhibitState                      
0     000847eb  InitCpuTimers                        
0     00084826  __TI_decompress_lzss                 
0     00084857  LPF1                                 
0     00084883  SysXtalOscSel                        
0     000848af  __TI_auto_init_nobinit_nopinit       
0     000848da  copysign                             
0     000848da  copysignl                            
0     00084904  C$$EXIT                              
0     00084904  abort                                
0     00084906  exit                                 
0     0008492d  CalAdcINL                            
0     00084953  ConfigCpuTimer                       
0     00084976  __c28xabi_divi                       
0     00084987  __c28xabi_modi                       
0     00084998  InitPieCtrl                          
0     000849b7  SysXtalOscSESel                      
0     000849d5  memcpy                               
0     000849f2  ChkMainState                         
0     00084a28  GPIO_EnableUnbondedIOPullupsFor176Pin
0     00084a41  _c_int00                             
0     00084a5a  AuxXtalOscSESel                      
0     00084a72  AuxXtalOscSel                        
0     00084a8a  InitEPwm3Gpio                        
0     00084aa2  __c28xabi_andll                      
0     00084aaa  __c28xabi_orll                       
0     00084ab2  __c28xabi_xorll                      
0     00084aba  InitEPwm2Gpio                        
0     00084ad0  InitGpioConfig                       
0     00084ae4  InitPieVectTable                     
0     00084af5  DisableDog                           
0     00084b02  EMPTY_ISR                            
0     00084b0f  __TI_zero_init_nomemset              
0     00084b1c  _args_main                           
0     00084b28  ADCA1_ISR                            
0     00084b32  ADCA2_ISR                            
0     00084b3c  ADCA3_ISR                            
0     00084b46  ADCA4_ISR                            
0     00084b50  ADCA_EVT_ISR                         
0     00084b5a  ADCB1_ISR                            
0     00084b64  ADCB2_ISR                            
0     00084b6e  ADCB3_ISR                            
0     00084b78  ADCB4_ISR                            
0     00084b82  ADCB_EVT_ISR                         
0     00084b8c  ADCC1_ISR                            
0     00084b96  ADCC2_ISR                            
0     00084ba0  ADCC3_ISR                            
0     00084baa  ADCC4_ISR                            
0     00084bb4  ADCC_EVT_ISR                         
0     00084bbe  ADCD1_ISR                            
0     00084bc8  ADCD2_ISR                            
0     00084bd2  ADCD3_ISR                            
0     00084bdc  ADCD4_ISR                            
0     00084be6  ADCD_EVT_ISR                         
0     00084bf0  AuxAuxClkSel                         
0     00084bfa  CANA0_ISR                            
0     00084c04  CANA1_ISR                            
0     00084c0e  CANB0_ISR                            
0     00084c18  CANB1_ISR                            
0     00084c22  CIPC0_ISR                            
0     00084c2c  CIPC1_ISR                            
0     00084c36  CIPC2_ISR                            
0     00084c40  CIPC3_ISR                            
0     00084c4a  CLA1CRC_ISR                          
0     00084c54  CLA1_1_ISR                           
0     00084c5e  CLA1_2_ISR                           
0     00084c68  CLA1_3_ISR                           
0     00084c72  CLA1_4_ISR                           
0     00084c7c  CLA1_5_ISR                           
0     00084c86  CLA1_6_ISR                           
0     00084c90  CLA1_7_ISR                           
0     00084c9a  CLA1_8_ISR                           
0     00084ca4  CLA_OVERFLOW_ISR                     
0     00084cae  CLA_UNDERFLOW_ISR                    
0     00084cb8  CLB1_ISR                             
0     00084cc2  CLB2_ISR                             
0     00084ccc  CLB3_ISR                             
0     00084cd6  CLB4_ISR                             
0     00084ce0  CLB5_ISR                             
0     00084cea  CLB6_ISR                             
0     00084cf4  CLB7_ISR                             
0     00084cfe  CLB8_ISR                             
0     00084d08  CMTOCPUXIPC0_ISR                     
0     00084d12  CMTOCPUXIPC1_ISR                     
0     00084d1c  CMTOCPUXIPC2_ISR                     
0     00084d26  CMTOCPUXIPC3_ISR                     
0     00084d30  CMTOCPUXIPC4_ISR                     
0     00084d3a  CMTOCPUXIPC5_ISR                     
0     00084d44  CMTOCPUXIPC6_ISR                     
0     00084d4e  CMTOCPUXIPC7_ISR                     
0     00084d58  CM_STATUS_ISR                        
0     00084d62  CPUCRC_ISR                           
0     00084d6c  DATALOG_ISR                          
0     00084d76  DMA_CH1_ISR                          
0     00084d80  DMA_CH2_ISR                          
0     00084d8a  DMA_CH3_ISR                          
0     00084d94  DMA_CH4_ISR                          
0     00084d9e  DMA_CH5_ISR                          
0     00084da8  DMA_CH6_ISR                          
0     00084db2  ECAP1_ISR                            
0     00084dbc  ECAP2_ISR                            
0     00084dc6  ECAP3_ISR                            
0     00084dd0  ECAP4_ISR                            
0     00084dda  ECAP5_ISR                            
0     00084de4  ECAP6_2_ISR                          
0     00084dee  ECAP6_ISR                            
0     00084df8  ECAP7_2_ISR                          
0     00084e02  ECAP7_ISR                            
0     00084e0c  ECATRST_ISR                          
0     00084e16  ECATSYNC0_ISR                        
0     00084e20  ECATSYNC1_ISR                        
0     00084e2a  ECAT_ISR                             
0     00084e34  EMU_ISR                              
0     00084e3e  EPWM10_ISR                           
0     00084e48  EPWM10_TZ_ISR                        
0     00084e52  EPWM11_ISR                           
0     00084e5c  EPWM11_TZ_ISR                        
0     00084e66  EPWM12_ISR                           
0     00084e70  EPWM12_TZ_ISR                        
0     00084e7a  EPWM13_ISR                           
0     00084e84  EPWM13_TZ_ISR                        
0     00084e8e  EPWM14_ISR                           
0     00084e98  EPWM14_TZ_ISR                        
0     00084ea2  EPWM15_ISR                           
0     00084eac  EPWM15_TZ_ISR                        
0     00084eb6  EPWM16_ISR                           
0     00084ec0  EPWM16_TZ_ISR                        
0     00084eca  EPWM1_ISR                            
0     00084ed4  EPWM1_TZ_ISR                         
0     00084ede  EPWM2_ISR                            
0     00084ee8  EPWM2_TZ_ISR                         
0     00084ef2  EPWM3_ISR                            
0     00084efc  EPWM3_TZ_ISR                         
0     00084f06  EPWM4_ISR                            
0     00084f10  EPWM4_TZ_ISR                         
0     00084f1a  EPWM5_ISR                            
0     00084f24  EPWM5_TZ_ISR                         
0     00084f2e  EPWM6_ISR                            
0     00084f38  EPWM6_TZ_ISR                         
0     00084f42  EPWM7_ISR                            
0     00084f4c  EPWM7_TZ_ISR                         
0     00084f56  EPWM8_ISR                            
0     00084f60  EPWM8_TZ_ISR                         
0     00084f6a  EPWM9_ISR                            
0     00084f74  EPWM9_TZ_ISR                         
0     00084f7e  EQEP1_ISR                            
0     00084f88  EQEP2_ISR                            
0     00084f92  EQEP3_ISR                            
0     00084f9c  FMC_ISR                              
0     00084fa6  FPU_OFLOW_ISR                        
0     00084fb0  FPU_UFLOW_ISR                        
0     00084fba  FSIRXA1_ISR                          
0     00084fc4  FSIRXA2_ISR                          
0     00084fce  FSIRXB1_ISR                          
0     00084fd8  FSIRXB2_ISR                          
0     00084fe2  FSIRXC1_ISR                          
0     00084fec  FSIRXC2_ISR                          
0     00084ff6  FSIRXD1_ISR                          
0     00085000  FSIRXD2_ISR                          
0     0008500a  FSIRXE1_ISR                          
0     00085014  FSIRXE2_ISR                          
0     0008501e  FSIRXF1_ISR                          
0     00085028  FSIRXF2_ISR                          
0     00085032  FSIRXG1_ISR                          
0     0008503c  FSIRXG2_ISR                          
0     00085046  FSIRXH1_ISR                          
0     00085050  FSIRXH2_ISR                          
0     0008505a  FSITXA1_ISR                          
0     00085064  FSITXA2_ISR                          
0     0008506e  FSITXB1_ISR                          
0     00085078  FSITXB2_ISR                          
0     00085082  GPIO_EnableUnbondedIOPullups         
0     0008508c  I2CA_FIFO_ISR                        
0     00085096  I2CA_HIGH_ISR                        
0     000850a0  I2CA_ISR                             
0     000850aa  I2CB_FIFO_ISR                        
0     000850b4  I2CB_ISR                             
0     000850be  ILLEGAL_ISR                          
0     000850c8  MCANSS0_ISR                          
0     000850d2  MCANSS1_ISR                          
0     000850dc  MCANSS_ECC_CORR_PLS_ISR              
0     000850e6  MCANSS_WAKE_AND_TS_PLS_ISR           
0     000850f0  MCBSPA_RX_ISR                        
0     000850fa  MCBSPA_TX_ISR                        
0     00085104  MCBSPB_RX_ISR                        
0     0008510e  MCBSPB_TX_ISR                        
0     00085118  MPOST_ISR                            
0     00085122  NMI_ISR                              
0     0008512c  NOTUSED_ISR                          
0     00085136  PIE_RESERVED_ISR                     
0     00085140  PMBUSA_ISR                           
0     0008514a  RTOS_ISR                             
0     00085154  SCIA_RX_ISR                          
0     0008515e  SCIA_TX_ISR                          
0     00085168  SCIB_RX_ISR                          
0     00085172  SCIB_TX_ISR                          
0     0008517c  SCIC_RX_ISR                          
0     00085186  SCIC_TX_ISR                          
0     00085190  SCID_RX_ISR                          
0     0008519a  SCID_TX_ISR                          
0     000851a4  SDFM1DR1_ISR                         
0     000851ae  SDFM1DR2_ISR                         
0     000851b8  SDFM1DR3_ISR                         
0     000851c2  SDFM1DR4_ISR                         
0     000851cc  SDFM1_ISR                            
0     000851d6  SDFM2DR1_ISR                         
0     000851e0  SDFM2DR2_ISR                         
0     000851ea  SDFM2DR3_ISR                         
0     000851f4  SDFM2DR4_ISR                         
0     000851fe  SDFM2_ISR                            
0     00085208  SPIA_RX_ISR                          
0     00085212  SPIA_TX_ISR                          
0     0008521c  SPIB_RX_ISR                          
0     00085226  SPIB_TX_ISR                          
0     00085230  SPIC_RX_ISR                          
0     0008523a  SPIC_TX_ISR                          
0     00085244  SPID_RX_ISR                          
0     0008524e  SPID_TX_ISR                          
0     00085258  SYS_ERR_ISR                          
0     00085262  SysIntOsc1Sel                        
0     0008526c  TIMER0_ISR                           
0     00085276  TIMER1_ISR                           
0     00085280  TIMER2_ISR                           
0     0008528a  USBA_ISR                             
0     00085294  USER10_ISR                           
0     0008529e  USER11_ISR                           
0     000852a8  USER12_ISR                           
0     000852b2  USER1_ISR                            
0     000852bc  USER2_ISR                            
0     000852c6  USER3_ISR                            
0     000852d0  USER4_ISR                            
0     000852da  USER5_ISR                            
0     000852e4  USER6_ISR                            
0     000852ee  USER7_ISR                            
0     000852f8  USER8_ISR                            
0     00085302  USER9_ISR                            
0     0008530c  WAKE_ISR                             
0     00085316  XINT1_ISR                            
0     00085320  XINT2_ISR                            
0     0008532a  XINT3_ISR                            
0     00085334  XINT4_ISR                            
0     0008533e  XINT5_ISR                            
0     00085348  _register_unlock                     
0     0008534c  _register_lock                       
0     00085350  _nop                                 
0     00085351  AuxIntOsc2Sel                        
0     00085359  SysIntOsc2Sel                        
0     00085361  __TI_decompress_none                 
0     00086000  RamfuncsLoadStart                    
0     00086030  RamfuncsLoadEnd                      
0     00088034  __TI_Handler_Table_Base              
0     0008803a  __TI_Handler_Table_Limit             
0     00088044  __TI_CINIT_Base                      
0     00088050  __TI_CINIT_Limit                     
0     00088050  __TI_CINIT_Warm                      
0     00090000  PieVectTableInit                     
abs   00000030  RamfuncsLoadSize                     
abs   00000030  RamfuncsRunSize                      
abs   00000100  __TI_STACK_SIZE                      
abs   ffffffff  __TI_pprof_out_hndl                  
abs   ffffffff  __TI_prof_data_size                  
abs   ffffffff  __TI_prof_data_start                 
n/a   UNDEFED   __c_args__                           

[578 symbols]
