******************************************************************************
             TMS320C2000 Linker PC v20.8.0                     
******************************************************************************
>> Linked Thu Jan 13 23:33:51 2022

OUTPUT FILE NAME:   <220112_interleaved_totempole_PFC_opti_SPI_dithering3.out>
ENTRY POINT SYMBOL: "code_start"  address: 00080000


MEMORY CONFIGURATION

         name            origin    length      used     unused   attr    fill
----------------------  --------  ---------  --------  --------  ----  --------
  BOOT_RSVD             00000002   000001ae  00000000  000001ae  RWIX
  RAMM0                 000001b0   00000250  00000000  00000250  RWIX
  RAMM1                 00000400   00000400  00000100  00000300  RWIX
  ADCARESULT            00000b00   00000018  00000018  00000000  RWIX
  ADCBRESULT            00000b20   00000018  00000018  00000000  RWIX
  ADCCRESULT            00000b40   00000018  00000000  00000018  RWIX
  ADCDRESULT            00000b60   00000018  00000000  00000018  RWIX
  CPUTIMER0             00000c00   00000008  00000008  00000000  RWIX
  CPUTIMER1             00000c08   00000008  00000008  00000000  RWIX
  CPUTIMER2             00000c10   00000008  00000008  00000000  RWIX
  PIECTRL               00000ce0   0000001a  0000001a  00000000  RWIX
  PIEVECTTABLE          00000d00   00000200  000001c0  00000040  RWIX
  DMA                   00001000   00000200  00000000  00000200  RWIX
  CLA1                  00001400   00000080  00000000  00000080  RWIX
  CLB1LOGICCFG          00003000   00000052  00000000  00000052  RWIX
  CLB1LOGICCTRL         00003100   00000040  00000000  00000040  RWIX
  CLB1DATAEXCH          00003180   00000080  00000000  00000080  RWIX
  CLB2LOGICCFG          00003200   00000052  00000000  00000052  RWIX
  CLB2LOGICCTRL         00003300   00000040  00000000  00000040  RWIX
  CLB2DATAEXCH          00003380   00000080  00000000  00000080  RWIX
  CLB3LOGICCFG          00003400   00000052  00000000  00000052  RWIX
  CLB3LOGICCTRL         00003500   00000040  00000000  00000040  RWIX
  CLB3DATAEXCH          00003580   00000080  00000000  00000080  RWIX
  CLB4LOGICCFG          00003600   00000052  00000000  00000052  RWIX
  CLB4LOGICCTRL         00003700   00000040  00000000  00000040  RWIX
  CLB4DATAEXCH          00003780   00000080  00000000  00000080  RWIX
  CLB5LOGICCFG          00003800   00000052  00000000  00000052  RWIX
  CLB5LOGICCTRL         00003900   00000040  00000000  00000040  RWIX
  CLB5DATAEXCH          00003980   00000080  00000000  00000080  RWIX
  CLB6LOGICCFG          00003a00   00000052  00000000  00000052  RWIX
  CLB6LOGICCTRL         00003b00   00000040  00000000  00000040  RWIX
  CLB6DATAEXCH          00003b80   00000080  00000000  00000080  RWIX
  CLB7LOGICCFG          00003c00   00000052  00000000  00000052  RWIX
  CLB7LOGICCTRL         00003d00   00000040  00000000  00000040  RWIX
  CLB7DATAEXCH          00003d80   00000080  00000000  00000080  RWIX
  CLB8LOGICCFG          00003e00   00000052  00000000  00000052  RWIX
  CLB8LOGICCTRL         00003f00   00000040  00000000  00000040  RWIX
  CLB8DATAEXCH          00003f80   00000080  00000000  00000080  RWIX
  EPWM1                 00004000   00000100  00000000  00000100  RWIX
  EPWM2                 00004100   00000100  00000100  00000000  RWIX
  EPWM3                 00004200   00000100  00000100  00000000  RWIX
  EPWM4                 00004300   00000100  00000000  00000100  RWIX
  EPWM5                 00004400   00000100  00000000  00000100  RWIX
  EPWM6                 00004500   00000100  00000000  00000100  RWIX
  EPWM7                 00004600   00000100  00000000  00000100  RWIX
  EPWM8                 00004700   00000100  00000000  00000100  RWIX
  EPWM9                 00004800   00000100  00000000  00000100  RWIX
  EPWM10                00004900   00000100  00000000  00000100  RWIX
  EPWM11                00004a00   00000100  00000000  00000100  RWIX
  EPWM12                00004b00   00000100  00000000  00000100  RWIX
  EPWM13                00004c00   00000100  00000000  00000100  RWIX
  EPWM14                00004d00   00000100  00000000  00000100  RWIX
  EPWM15                00004e00   00000100  00000000  00000100  RWIX
  EPWM16                00004f00   00000100  00000000  00000100  RWIX
  EQEP1                 00005100   00000040  00000000  00000040  RWIX
  EQEP2                 00005140   00000040  00000000  00000040  RWIX
  EQEP3                 00005180   00000040  00000000  00000040  RWIX
  ECAP1                 00005200   00000020  00000000  00000020  RWIX
  ECAP2                 00005240   00000020  00000000  00000020  RWIX
  ECAP3                 00005280   00000020  00000000  00000020  RWIX
  ECAP4                 000052c0   00000020  00000000  00000020  RWIX
  ECAP5                 00005300   00000020  00000000  00000020  RWIX
  ECAP6                 00005340   00000020  00000000  00000020  RWIX
  HRCAP6                00005360   00000020  00000000  00000020  RWIX
  ECAP7                 00005380   00000020  00000000  00000020  RWIX
  HRCAP7                000053a0   00000020  00000000  00000020  RWIX
  DACA                  00005c00   00000008  00000000  00000008  RWIX
  DACB                  00005c10   00000008  00000000  00000008  RWIX
  DACC                  00005c20   00000008  00000000  00000008  RWIX
  CMPSS1                00005c80   00000020  00000000  00000020  RWIX
  CMPSS2                00005ca0   00000020  00000000  00000020  RWIX
  CMPSS3                00005cc0   00000020  00000000  00000020  RWIX
  CMPSS4                00005ce0   00000020  00000000  00000020  RWIX
  CMPSS5                00005d00   00000020  00000000  00000020  RWIX
  CMPSS6                00005d20   00000020  00000000  00000020  RWIX
  CMPSS7                00005d40   00000020  00000000  00000020  RWIX
  CMPSS8                00005d60   00000020  00000000  00000020  RWIX
  SDFM1                 00005e00   00000080  00000000  00000080  RWIX
  SDFM2                 00005e80   00000080  00000000  00000080  RWIX
  MCBSPA                00006000   00000024  00000000  00000024  RWIX
  MCBSPB                00006040   00000024  00000000  00000024  RWIX
  SPIA                  00006100   00000010  00000010  00000000  RWIX
  SPIB                  00006110   00000010  00000000  00000010  RWIX
  SPIC                  00006120   00000010  00000000  00000010  RWIX
  SPID                  00006130   00000010  00000000  00000010  RWIX
  BGCRCCPU              00006340   00000040  00000000  00000040  RWIX
  BGCRCCLA1             00006380   00000040  00000000  00000040  RWIX
  PMBUSA                00006400   00000020  00000000  00000020  RWIX
  FSITXA                00006600   00000050  00000000  00000050  RWIX
  FSIRXA                00006680   00000050  00000000  00000050  RWIX
  FSITXB                00006700   00000050  00000000  00000050  RWIX
  FSIRXB                00006780   00000050  00000000  00000050  RWIX
  FSIRXC                00006880   00000050  00000000  00000050  RWIX
  FSIRXD                00006980   00000050  00000000  00000050  RWIX
  FSIRXE                00006a80   00000050  00000000  00000050  RWIX
  FSIRXF                00006b80   00000050  00000000  00000050  RWIX
  FSIRXG                00006c80   00000050  00000000  00000050  RWIX
  FSIRXH                00006d80   00000050  00000000  00000050  RWIX
  WD                    00007000   0000002b  0000002b  00000000  RWIX
  NMIINTRUPT            00007060   00000010  00000000  00000010  RWIX
  XINT                  00007070   0000000b  00000000  0000000b  RWIX
  SCIA                  00007200   00000010  00000000  00000010  RWIX
  SCIB                  00007210   00000010  00000000  00000010  RWIX
  SCIC                  00007220   00000010  00000000  00000010  RWIX
  SCID                  00007230   00000010  00000000  00000010  RWIX
  I2CA                  00007300   00000022  00000000  00000022  RWIX
  I2CB                  00007340   00000022  00000000  00000022  RWIX
  ADCA                  00007400   00000080  0000007c  00000004  RWIX
  ADCB                  00007480   00000080  0000007c  00000004  RWIX
  ADCC                  00007500   00000080  0000007c  00000004  RWIX
  ADCD                  00007580   00000080  0000007c  00000004  RWIX
  INPUTXBAR             00007900   00000020  00000000  00000020  RWIX
  XBAR                  00007920   00000020  00000000  00000020  RWIX
  SYNCSOC               00007940   00000006  00000000  00000006  RWIX
  CLBINPUTXBAR          00007960   00000020  00000000  00000020  RWIX
  DMACLASRCSEL          00007980   0000001a  00000000  0000001a  RWIX
  EPWMXBAR              00007a00   00000040  00000000  00000040  RWIX
  CLBXBAR               00007a40   00000040  00000000  00000040  RWIX
  OUTPUTXBAR            00007a80   00000040  00000000  00000040  RWIX
  CLBOUTPUTXBAR         00007bc0   00000040  00000000  00000040  RWIX
  GPIOCTRL              00007c00   00000200  00000180  00000080  RWIX
  GPIODATA              00007f00   00000040  00000030  00000010  RWIX
  GPIODATAREAD          00007f80   00000010  00000000  00000010  RWIX
  RAMLS0                00008000   00000800  00000030  000007d0  RWIX
  RAMLS1                00008800   00000800  00000000  00000800  RWIX
  RAMLS2                00009000   00000800  00000000  00000800  RWIX
  RAMLS3                00009800   00000800  00000000  00000800  RWIX
  RAMLS4                0000a000   00000800  00000000  00000800  RWIX
  RAMLS5                0000a800   00000800  000002c0  00000540  RWIX
  RAMLS6                0000b000   00000800  00000000  00000800  RWIX
  RAMLS7                0000b800   00000800  00000000  00000800  RWIX
  RAMD0                 0000c000   00000800  00000000  00000800  RWIX
  RAMD1                 0000c800   00000800  00000000  00000800  RWIX
  RAMGS0                0000d000   00001000  00000000  00001000  RWIX
  RAMGS1                0000e000   00001000  00000000  00001000  RWIX
  RAMGS2                0000f000   00001000  00000000  00001000  RWIX
  RAMGS3                00010000   00001000  00000000  00001000  RWIX
  RAMGS4                00011000   00001000  00000000  00001000  RWIX
  RAMGS5                00012000   00001000  00000000  00001000  RWIX
  RAMGS6                00013000   00001000  00000000  00001000  RWIX
  RAMGS7                00014000   00001000  00000000  00001000  RWIX
  RAMGS8                00015000   00001000  00000000  00001000  RWIX
  RAMGS9                00016000   00001000  00000000  00001000  RWIX
  RAMGS10               00017000   00001000  00000000  00001000  RWIX
  RAMGS11               00018000   00001000  00000000  00001000  RWIX
  RAMGS12               00019000   00001000  00000000  00001000  RWIX
  RAMGS13               0001a000   00001000  00000000  00001000  RWIX
  RAMGS14               0001b000   00001000  00000000  00001000  RWIX
  RAMGS15               0001c000   00001000  00000000  00001000  RWIX
  CMTOCPURAM            00038000   00000800  00000000  00000800  RWIX
  CPUTOCMRAM            00039000   00000800  00000000  00000800  RWIX
  CPU1TOCPU2RAM         0003a000   00000800  00000000  00000800  RWIX
  CPU2TOCPU1RAM         0003b000   00000800  00000000  00000800  RWIX
  EMIF1                 00047000   00000070  00000000  00000070  RWIX
  EMIF2                 00047800   00000070  00000000  00000070  RWIX
  CANA                  00048000   00000200  00000000  00000200  RWIX
  CANA_MSG_RAM          00049000   00000800  00000000  00000800  RWIX
  CANB                  0004a000   00000200  00000000  00000200  RWIX
  CANB_MSG_RAM          0004b000   00000800  00000000  00000800  RWIX
  ESCSS                 00057e00   00000024  00000000  00000024  RWIX
  ESCSSCONFIG           00057f00   00000016  00000000  00000016  RWIX
  CPU1TOCPU2IPC         0005ce00   00000026  00000000  00000026  RWIX
  CPU1TOCMIPC           0005ce40   00000026  00000000  00000026  RWIX
  DEVCFG                0005d000   000001a0  000001a0  00000000  RWIX
  CLKCFG                0005d200   00000100  0000003a  000000c6  RWIX
  CPUSYS                0005d300   000000a0  0000009c  00000004  RWIX
  SYSSTATUS             0005d400   00000100  00000000  00000100  RWIX
  SYSPERIPHAC           0005d500   00000200  00000000  00000200  RWIX
  ANALOGSUBSYS          0005d700   00000100  0000003e  000000c2  RWIX
  CMCONF                0005dc00   00000400  00000000  00000400  RWIX
  DCC0                  0005e700   00000038  0000002c  0000000c  RWIX
  DCC1                  0005e740   00000038  0000002c  0000000c  RWIX
  DCC2                  0005e780   00000038  0000002c  0000000c  RWIX
  ERADGLOBAL            0005e800   00000013  00000000  00000013  RWIX
  ERADHWBP1             0005e900   00000008  00000000  00000008  RWIX
  ERADHWBP2             0005e908   00000008  00000000  00000008  RWIX
  ERADHWBP3             0005e910   00000008  00000000  00000008  RWIX
  ERADHWBP4             0005e918   00000008  00000000  00000008  RWIX
  ERADHWBP5             0005e920   00000008  00000000  00000008  RWIX
  ERADHWBP6             0005e928   00000008  00000000  00000008  RWIX
  ERADHWBP7             0005e930   00000008  00000000  00000008  RWIX
  ERADHWBP8             0005e938   00000008  00000000  00000008  RWIX
  ERADCOUNTER1          0005e980   00000010  00000000  00000010  RWIX
  ERADCOUNTER2          0005e990   00000010  00000000  00000010  RWIX
  ERADCOUNTER3          0005e9a0   00000010  00000000  00000010  RWIX
  ERADCOUNTER4          0005e9b0   00000010  00000000  00000010  RWIX
  ERADCRCGLOBAL         0005ea00   00000010  00000000  00000010  RWIX
  ERADCRC1              0005ea10   00000010  00000000  00000010  RWIX
  ERADCRC2              0005ea20   00000010  00000000  00000010  RWIX
  ERADCRC3              0005ea30   00000010  00000000  00000010  RWIX
  ERADCRC4              0005ea40   00000010  00000000  00000010  RWIX
  ERADCRC5              0005ea50   00000010  00000000  00000010  RWIX
  ERADCRC6              0005ea60   00000010  00000000  00000010  RWIX
  ERADCRC7              0005ea70   00000010  00000000  00000010  RWIX
  ERADCRC8              0005ea80   00000010  00000000  00000010  RWIX
  DCSMZ1                0005f000   0000003e  00000000  0000003e  RWIX
  DCSMZ2                0005f080   0000003e  00000000  0000003e  RWIX
  DCSMCOMMON            0005f0c0   00000020  00000000  00000020  RWIX
  MEMCFG                0005f400   000000c0  00000000  000000c0  RWIX
  EMIF1CONFIG           0005f4c0   00000020  00000000  00000020  RWIX
  EMIF2CONFIG           0005f4e0   00000020  00000000  00000020  RWIX
  ACCESSPROTECTION      0005f500   00000040  00000000  00000040  RWIX
  MEMORYERROR           0005f540   00000040  00000000  00000040  RWIX
  ROMWAITSTATE          0005f580   00000008  00000000  00000008  RWIX
  ROMPREFETCH           0005f588   00000008  00000000  00000008  RWIX
  TESTERROR             0005f590   00000010  00000000  00000010  RWIX
  FLASH0CTRL            0005f800   00000182  00000182  00000000  RWIX
  FLASH0ECC             0005fb00   00000028  00000028  00000000  RWIX
  DCSMZ1OTP             00078000   00000020  00000000  00000020  RWIX
  DCSMZ2OTP             00078200   00000020  00000000  00000020  RWIX
  BEGIN                 00080000   00000002  00000002  00000000  RWIX
  FLASH0                00080002   00001ffe  00000000  00001ffe  RWIX
  FLASH1                00082000   00002000  00002000  00000000  RWIX
  FLASH2                00084000   00002000  00001628  000009d8  RWIX
  FLASH3                00086000   00002000  00000030  00001fd0  RWIX
  FLASH4                00088000   00008000  00000058  00007fa8  RWIX
  FLASH5                00090000   00008000  00000268  00007d98  RWIX
  FLASH6                00098000   00008000  00000000  00008000  RWIX
  FLASH7                000a0000   00008000  00000000  00008000  RWIX
  FLASH8                000a8000   00008000  00000000  00008000  RWIX
  FLASH9                000b0000   00008000  00000000  00008000  RWIX
  FLASH10               000b8000   00002000  00000000  00002000  RWIX
  FLASH11               000ba000   00002000  00000000  00002000  RWIX
  FLASH12               000bc000   00002000  00000000  00002000  RWIX
  FLASH13               000be000   00002000  00000000  00002000  RWIX
  RESET                 003fffc0   00000002  00000000  00000002  RWIX


SECTION ALLOCATION MAP

 output                                  attributes/
section   page    origin      length       input sections
--------  ----  ----------  ----------   ----------------
codestart 
*          0    00080000    00000002     
                  00080000    00000002     f2838x_codestartbranch.obj (codestart)

.cinit     0    00088000    00000058     
                  00088000    0000003b     (.cinit..data.load) [load image, compression = lzss]
                  0008803b    00000001     --HOLE-- [fill = 0]
                  0008803c    00000006     (__TI_handler_table)
                  00088042    00000004     (.cinit..bss.load) [load image, compression = zero_init]
                  00088046    00000004     (.cinit.PieVectTableFile.load) [load image, compression = zero_init]
                  0008804a    00000002     --HOLE-- [fill = 0]
                  0008804c    0000000c     (__TI_cinit_table)

.reset     0    003fffc0    00000000     DSECT

.stack     0    00000400    00000100     UNINITIALIZED
                  00000400    00000100     --HOLE--

.init_array 
*          0    00082000    00000000     UNINITIALIZED

.bss       0    0000a988    00000138     UNINITIALIZED
                  0000a988    00000032     Task_Control.obj (.bss)
                  0000a9ba    00000002     Sequence.obj (.bss)
                  0000a9bc    00000004     --HOLE--
                  0000a9c0    000000c2     ADC.obj (.bss)
                  0000aa82    00000026     ISR_Control.obj (.bss)
                  0000aaa8    00000018     f2838x_cputimers.obj (.bss)

PieVectTableFile 
*          0    00000d00    000001c0     UNINITIALIZED
                  00000d00    000001c0     f2838x_globalvariabledefs.obj (PieVectTableFile)

EmuKeyVar 
*          0    00000d00    00000000     UNINITIALIZED

EmuBModeVar 
*          0    00000d00    00000000     UNINITIALIZED

EmuBootPinsVar 
*          0    00000d00    00000000     UNINITIALIZED

FlashCallbackVar 
*          0    00000d00    00000000     UNINITIALIZED

FlashScalingVar 
*          0    00000d00    00000000     UNINITIALIZED

.data      0    0000a800    00000188     UNINITIALIZED
                  0000a800    000000a2     ISR_Control.obj (.data)
                  0000a8a2    00000012     Parameter.obj (.data)
                  0000a8b4    00000008     ADC.obj (.data)
                  0000a8bc    00000003     ADC.obj (.data:giSPIdata)
                  0000a8bf    00000001     rts2800_fpu64_eabi.lib : errno.c.obj (.data)
                  0000a8c0    0000009e     Task_Control.obj (.data)
                  0000a95e    00000020     Sequence.obj (.data)
                  0000a97e    00000002     rts2800_fpu64_eabi.lib : _lock.c.obj (.data:_lock)
                  0000a980    00000006                            : exit.c.obj (.data)
                  0000a986    00000002                            : _lock.c.obj (.data:_unlock)

.const     0    00090000    00000268     
                  00090000    000001c0     f2838x_pievect.obj (.const)
                  000901c0    00000084     rts2800_fpu64_eabi.lib : k_rem_pio2.c.obj (.const:ipio2)
                  00090244    00000020                            : k_rem_pio2.c.obj (.const:PIo2)
                  00090264    00000004                            : k_rem_pio2.c.obj (.const:init_jk)

.TI.ramfunc 
*          0    00086000    00000030     RUN ADDR = 00008000
                  00086000    0000002c     f2838x_sysctrl.obj (.TI.ramfunc:InitFlash)
                  0008602c    00000004     f2838x_usdelay.obj (.TI.ramfunc)

AdcaResultRegsFile 
*          0    00000b00    00000018     UNINITIALIZED
                  00000b00    00000018     f2838x_globalvariabledefs.obj (AdcaResultRegsFile)

AdcbResultRegsFile 
*          0    00000b20    00000018     UNINITIALIZED
                  00000b20    00000018     f2838x_globalvariabledefs.obj (AdcbResultRegsFile)

AdcaRegsFile 
*          0    00007400    0000007c     UNINITIALIZED
                  00007400    0000007c     f2838x_globalvariabledefs.obj (AdcaRegsFile)

AdcbRegsFile 
*          0    00007480    0000007c     UNINITIALIZED
                  00007480    0000007c     f2838x_globalvariabledefs.obj (AdcbRegsFile)

AdccRegsFile 
*          0    00007500    0000007c     UNINITIALIZED
                  00007500    0000007c     f2838x_globalvariabledefs.obj (AdccRegsFile)

AdcdRegsFile 
*          0    00007580    0000007c     UNINITIALIZED
                  00007580    0000007c     f2838x_globalvariabledefs.obj (AdcdRegsFile)

AnalogSubsysRegsFile 
*          0    0005d700    0000003e     UNINITIALIZED
                  0005d700    0000003e     f2838x_globalvariabledefs.obj (AnalogSubsysRegsFile)

ClkCfgRegsFile 
*          0    0005d200    0000003a     UNINITIALIZED
                  0005d200    0000003a     f2838x_globalvariabledefs.obj (ClkCfgRegsFile)

CpuTimer0RegsFile 
*          0    00000c00    00000008     UNINITIALIZED
                  00000c00    00000008     f2838x_globalvariabledefs.obj (CpuTimer0RegsFile)

CpuTimer1RegsFile 
*          0    00000c08    00000008     UNINITIALIZED
                  00000c08    00000008     f2838x_globalvariabledefs.obj (CpuTimer1RegsFile)

CpuTimer2RegsFile 
*          0    00000c10    00000008     UNINITIALIZED
                  00000c10    00000008     f2838x_globalvariabledefs.obj (CpuTimer2RegsFile)

CpuSysRegsFile 
*          0    0005d300    0000009c     UNINITIALIZED
                  0005d300    0000009c     f2838x_globalvariabledefs.obj (CpuSysRegsFile)

Dcc0RegsFile 
*          0    0005e700    0000002c     UNINITIALIZED
                  0005e700    0000002c     f2838x_globalvariabledefs.obj (Dcc0RegsFile)

Dcc1RegsFile 
*          0    0005e740    0000002c     UNINITIALIZED
                  0005e740    0000002c     f2838x_globalvariabledefs.obj (Dcc1RegsFile)

Dcc2RegsFile 
*          0    0005e780    0000002c     UNINITIALIZED
                  0005e780    0000002c     f2838x_globalvariabledefs.obj (Dcc2RegsFile)

DevCfgRegsFile 
*          0    0005d000    000001a0     UNINITIALIZED
                  0005d000    000001a0     f2838x_globalvariabledefs.obj (DevCfgRegsFile)

EPwm2RegsFile 
*          0    00004100    00000100     UNINITIALIZED
                  00004100    00000100     f2838x_globalvariabledefs.obj (EPwm2RegsFile)

EPwm3RegsFile 
*          0    00004200    00000100     UNINITIALIZED
                  00004200    00000100     f2838x_globalvariabledefs.obj (EPwm3RegsFile)

Flash0CtrlRegsFile 
*          0    0005f800    00000182     UNINITIALIZED
                  0005f800    00000182     f2838x_globalvariabledefs.obj (Flash0CtrlRegsFile)

Flash0EccRegsFile 
*          0    0005fb00    00000028     UNINITIALIZED
                  0005fb00    00000028     f2838x_globalvariabledefs.obj (Flash0EccRegsFile)

GpioCtrlRegsFile 
*          0    00007c00    00000180     UNINITIALIZED
                  00007c00    00000180     f2838x_globalvariabledefs.obj (GpioCtrlRegsFile)

GpioDataRegsFile 
*          0    00007f00    00000030     UNINITIALIZED
                  00007f00    00000030     f2838x_globalvariabledefs.obj (GpioDataRegsFile)

PieCtrlRegsFile 
*          0    00000ce0    0000001a     UNINITIALIZED
                  00000ce0    0000001a     f2838x_globalvariabledefs.obj (PieCtrlRegsFile)

SpiaRegsFile 
*          0    00006100    00000010     UNINITIALIZED
                  00006100    00000010     f2838x_globalvariabledefs.obj (SpiaRegsFile)

WdRegsFile 
*          0    00007000    0000002b     UNINITIALIZED
                  00007000    0000002b     f2838x_globalvariabledefs.obj (WdRegsFile)

dcsm_z1otp_link_pointer 
*          0    00000002    00000000     

dcsm_z1otp_jlm_enable 
*          0    00000002    00000000     

dcsm_z1otp_gpreg 
*          0    00000002    00000000     

dcsm_z1otp_pswd_lock 
*          0    00000002    00000000     

dcsm_z1otp_crc_lock 
*          0    00000002    00000000     

dcsm_z1otp_jtag_pswdh 
*          0    00000002    00000000     

dcsm_z1otp_cmac_key 
*          0    00000002    00000000     

dcsm_zsel_z1 
*          0    00000002    00000000     

dcsm_z2otp_link_pointer 
*          0    00000002    00000000     

dcsm_rsvd_z2 
*          0    00000002    00000000     

dcsm_z2otp_gpreg 
*          0    00000002    00000000     

dcsm_z2otp_pswd_lock 
*          0    00000002    00000000     

dcsm_z2otp_crc_lock 
*          0    00000002    00000000     

dcsm_rsvd1_z2 
*          0    00000002    00000000     

dcsm_zsel_z2 
*          0    00000002    00000000     

.text.1    0    00082000    00002000     
                  00082000    0000045f     rts2800_fpu64_eabi.lib : k_rem_pio2.c.obj (.text)
                  0008245f    00000455     ADC.obj (.text:ADC_LPF_RMS_Calc_100us)
                  000828b4    000002cb     rts2800_fpu64_eabi.lib : e_rem_pio2.c.obj (.text)
                  00082b7f    000001cf     ADC.obj (.text:InitFilterVar_100us)
                  00082d4e    0000014b     Task_Control.obj (.text:GridPartCalc_100us)
                  00082e99    00000136     ADC.obj (.text:ADC_Offset_Calc_100us)
                  00082fcf    00000135     ADC.obj (.text:SPIDAC_100us)
                  00083104    00000133     ISR_Control.obj (.text:ILPFC_Ctrl1)
                  00083237    0000012f     ISR_Control.obj (.text:ILPFC_Ctrl2)
                  00083366    00000111     ISR_Control.obj (.text:HalfCycleDetection)
                  00083477    00000101     f2838x_sysctrl.obj (.text:InitSysPll)
                  00083578    000000f4     Task_Control.obj (.text:SoftStart_100us)
                  0008366c    000000df     f2838x_sysctrl.obj (.text:InitPeripheralClocks)
                  0008374b    000000da     rts2800_fpu64_eabi.lib : s_floor.c.obj (.text)
                  00083825    000000d9                            : s_ceil.c.obj (.text)
                  000838fe    000000c0     f2838x_sysctrl.obj (.text:InitAuxPll)
                  000839be    000000be     Peripheral_Config.obj (.text:Adc_Config)
                  00083a7c    000000b9     ADC.obj (.text:ADC_Calc)
                  00083b35    000000b6     Peripheral_Config.obj (.text:InitGpioInOutConfig)
                  00083beb    000000b2     f2838x_adc.obj (.text:AdcSetMode)
                  00083c9d    000000b0     f2838x_sysctrl.obj (.text:VerifyXTAL)
                  00083d4d    000000a7     rts2800_fpu64_eabi.lib : s_scalbn.c.obj (.text)
                  00083df4    00000094     f2838x_sysctrl.obj (.text:IsPLLValid)
                  00083e88    00000091     ISR_Control.obj (.text:Init_VoPFC_cont)
                  00083f19    0000008f     f2838x_sysctrl.obj (.text:ComputeCntrSeedValue)
                  00083fa8    00000057     Peripheral_Config.obj (.text:InitPWMEnaFltGpioConfig)
                  00083fff    00000001     rts2800_fpu64_eabi.lib : startup.c.obj (.text)

.text.2    0    00084000    00001628     
                  00084000    0000008b     rts2800_fpu64_eabi.lib : k_sin.c.obj (.text)
                  0008408b    0000007d     ISR_Control.obj (.text:Init_ILPFC1_cont)
                  00084108    0000007d     ISR_Control.obj (.text:Init_ILPFC2_cont)
                  00084185    0000007c     Task_Control.obj (.text:Precharging_100us)
                  00084201    0000007c     ISR.obj (.text:adca1_isr)
                  0008427d    0000007c     ISR.obj (.text:adca2_isr)
                  000842f9    0000007b     Task_Control.obj (.text:GridPartCalcGainInit)
                  00084374    00000077     rts2800_fpu64_eabi.lib : k_cos.c.obj (.text)
                  000843eb    0000006f                            : s_cos.c.obj (.text)
                  0008445a    0000006b                            : s_sin.c.obj (.text)
                  000844c5    00000067     Peripheral_Config.obj (.text:EPwm3_Config)
                  0008452c    00000064     Peripheral_Config.obj (.text:EPwm2_Config)
                  00084590    00000064     Main.obj (.text:main)
                  000845f4    00000063     Func.obj (.text:PI_Control_calc)
                  00084657    00000061     f2838x_sysctrl.obj (.text:InitSysCtrl)
                  000846b8    00000061     Parameter.obj (.text:ParameterSetting)
                  00084719    00000060     Func.obj (.text:LPF2)
                  00084779    0000005f     Func.obj (.text:DPID_Control_calc)
                  000847d8    0000005d     Func.obj (.text:APF2)
                  00084835    0000005b     Task.obj (.text:Task_100us)
                  00084890    00000051     Sequence.obj (.text:ChkFltState)
                  000848e1    00000051     Func.obj (.text:park_calc)
                  00084932    0000004d     Task_Control.obj (.text:PFCRly_100us)
                  0008497f    0000004a     Peripheral_Config.obj (.text:InitMcBspSPIConfig)
                  000849c9    00000043     ISR_Control.obj (.text:VoPFC_Ctrl)
                  00084a0c    0000003b     f2838x_cputimers.obj (.text:InitCpuTimers)
                  00084a47    00000039     Sequence.obj (.text:ChkInhibitState)
                  00084a80    00000032     Sequence.obj (.text:ChkNormalState)
                  00084ab2    00000031     rts2800_fpu64_eabi.lib : copy_decompress_lzss.c.obj (.text:decompress:lzss)
                  00084ae3    0000002c     Func.obj (.text:LPF1)
                  00084b0f    0000002c     f2838x_sysctrl.obj (.text:SysXtalOscSel)
                  00084b3b    0000002b     rts2800_fpu64_eabi.lib : autoinit.c.obj (.text:__TI_auto_init_nobinit_nopinit)
                  00084b66    0000002a                            : s_copysign.c.obj (.text)
                  00084b90    00000029                            : exit.c.obj (.text)
                  00084bb9    00000026     f2838x_adc.obj (.text:CalAdcINL)
                  00084bdf    00000023     Sequence.obj (.text:ChkMainState)
                  00084c02    00000023     f2838x_cputimers.obj (.text:ConfigCpuTimer)
                  00084c25    00000022     rts2800_fpu64_eabi.lib : i_div28.asm.obj (.text)
                  00084c47    00000021     Peripheral_Config.obj (.text:SPIDAC_Config)
                  00084c68    0000001f     f2838x_piectrl.obj (.text:InitPieCtrl)
                  00084c87    0000001e     f2838x_sysctrl.obj (.text:SysXtalOscSESel)
                  00084ca5    0000001d     rts2800_fpu64_eabi.lib : memcpy.c.obj (.text)
                  00084cc2    0000001b     f2838x_sysctrl.obj (.text:PollX1Counter)
                  00084cdd    00000019     f2838x_gpio.obj (.text:GPIO_EnableUnbondedIOPullupsFor176Pin)
                  00084cf6    00000019     rts2800_fpu64_eabi.lib : boot28.asm.obj (.text)
                  00084d0f    00000018     f2838x_sysctrl.obj (.text:AuxXtalOscSESel)
                  00084d27    00000018     f2838x_sysctrl.obj (.text:AuxXtalOscSel)
                  00084d3f    00000018     f2838x_epwm.obj (.text:InitEPwm3Gpio)
                  00084d57    00000018     rts2800_fpu64_eabi.lib : ll_aox28.asm.obj (.text)
                  00084d6f    00000016     f2838x_epwm.obj (.text:InitEPwm2Gpio)
                  00084d85    00000014     Peripheral_Config.obj (.text:InitGpioConfig)
                  00084d99    00000011     f2838x_pievect.obj (.text:InitPieVectTable)
                  00084daa    0000000d     f2838x_sysctrl.obj (.text:DisableDog)
                  00084db7    0000000d     f2838x_defaultisr.obj (.text:EMPTY_ISR)
                  00084dc4    0000000d     rts2800_fpu64_eabi.lib : copy_zero_init.c.obj (.text:decompress:ZI:__TI_zero_init_nomemset)
                  00084dd1    0000000c                            : args_main.c.obj (.text)
                  00084ddd    0000000a     f2838x_defaultisr.obj (.text:ADCA1_ISR)
                  00084de7    0000000a     f2838x_defaultisr.obj (.text:ADCA2_ISR)
                  00084df1    0000000a     f2838x_defaultisr.obj (.text:ADCA3_ISR)
                  00084dfb    0000000a     f2838x_defaultisr.obj (.text:ADCA4_ISR)
                  00084e05    0000000a     f2838x_defaultisr.obj (.text:ADCA_EVT_ISR)
                  00084e0f    0000000a     f2838x_defaultisr.obj (.text:ADCB1_ISR)
                  00084e19    0000000a     f2838x_defaultisr.obj (.text:ADCB2_ISR)
                  00084e23    0000000a     f2838x_defaultisr.obj (.text:ADCB3_ISR)
                  00084e2d    0000000a     f2838x_defaultisr.obj (.text:ADCB4_ISR)
                  00084e37    0000000a     f2838x_defaultisr.obj (.text:ADCB_EVT_ISR)
                  00084e41    0000000a     f2838x_defaultisr.obj (.text:ADCC1_ISR)
                  00084e4b    0000000a     f2838x_defaultisr.obj (.text:ADCC2_ISR)
                  00084e55    0000000a     f2838x_defaultisr.obj (.text:ADCC3_ISR)
                  00084e5f    0000000a     f2838x_defaultisr.obj (.text:ADCC4_ISR)
                  00084e69    0000000a     f2838x_defaultisr.obj (.text:ADCC_EVT_ISR)
                  00084e73    0000000a     f2838x_defaultisr.obj (.text:ADCD1_ISR)
                  00084e7d    0000000a     f2838x_defaultisr.obj (.text:ADCD2_ISR)
                  00084e87    0000000a     f2838x_defaultisr.obj (.text:ADCD3_ISR)
                  00084e91    0000000a     f2838x_defaultisr.obj (.text:ADCD4_ISR)
                  00084e9b    0000000a     f2838x_defaultisr.obj (.text:ADCD_EVT_ISR)
                  00084ea5    0000000a     f2838x_sysctrl.obj (.text:AuxAuxClkSel)
                  00084eaf    0000000a     f2838x_defaultisr.obj (.text:CANA0_ISR)
                  00084eb9    0000000a     f2838x_defaultisr.obj (.text:CANA1_ISR)
                  00084ec3    0000000a     f2838x_defaultisr.obj (.text:CANB0_ISR)
                  00084ecd    0000000a     f2838x_defaultisr.obj (.text:CANB1_ISR)
                  00084ed7    0000000a     f2838x_defaultisr.obj (.text:CIPC0_ISR)
                  00084ee1    0000000a     f2838x_defaultisr.obj (.text:CIPC1_ISR)
                  00084eeb    0000000a     f2838x_defaultisr.obj (.text:CIPC2_ISR)
                  00084ef5    0000000a     f2838x_defaultisr.obj (.text:CIPC3_ISR)
                  00084eff    0000000a     f2838x_defaultisr.obj (.text:CLA1CRC_ISR)
                  00084f09    0000000a     f2838x_defaultisr.obj (.text:CLA1_1_ISR)
                  00084f13    0000000a     f2838x_defaultisr.obj (.text:CLA1_2_ISR)
                  00084f1d    0000000a     f2838x_defaultisr.obj (.text:CLA1_3_ISR)
                  00084f27    0000000a     f2838x_defaultisr.obj (.text:CLA1_4_ISR)
                  00084f31    0000000a     f2838x_defaultisr.obj (.text:CLA1_5_ISR)
                  00084f3b    0000000a     f2838x_defaultisr.obj (.text:CLA1_6_ISR)
                  00084f45    0000000a     f2838x_defaultisr.obj (.text:CLA1_7_ISR)
                  00084f4f    0000000a     f2838x_defaultisr.obj (.text:CLA1_8_ISR)
                  00084f59    0000000a     f2838x_defaultisr.obj (.text:CLA_OVERFLOW_ISR)
                  00084f63    0000000a     f2838x_defaultisr.obj (.text:CLA_UNDERFLOW_ISR)
                  00084f6d    0000000a     f2838x_defaultisr.obj (.text:CLB1_ISR)
                  00084f77    0000000a     f2838x_defaultisr.obj (.text:CLB2_ISR)
                  00084f81    0000000a     f2838x_defaultisr.obj (.text:CLB3_ISR)
                  00084f8b    0000000a     f2838x_defaultisr.obj (.text:CLB4_ISR)
                  00084f95    0000000a     f2838x_defaultisr.obj (.text:CLB5_ISR)
                  00084f9f    0000000a     f2838x_defaultisr.obj (.text:CLB6_ISR)
                  00084fa9    0000000a     f2838x_defaultisr.obj (.text:CLB7_ISR)
                  00084fb3    0000000a     f2838x_defaultisr.obj (.text:CLB8_ISR)
                  00084fbd    0000000a     f2838x_defaultisr.obj (.text:CMTOCPUXIPC0_ISR)
                  00084fc7    0000000a     f2838x_defaultisr.obj (.text:CMTOCPUXIPC1_ISR)
                  00084fd1    0000000a     f2838x_defaultisr.obj (.text:CMTOCPUXIPC2_ISR)
                  00084fdb    0000000a     f2838x_defaultisr.obj (.text:CMTOCPUXIPC3_ISR)
                  00084fe5    0000000a     f2838x_defaultisr.obj (.text:CMTOCPUXIPC4_ISR)
                  00084fef    0000000a     f2838x_defaultisr.obj (.text:CMTOCPUXIPC5_ISR)
                  00084ff9    0000000a     f2838x_defaultisr.obj (.text:CMTOCPUXIPC6_ISR)
                  00085003    0000000a     f2838x_defaultisr.obj (.text:CMTOCPUXIPC7_ISR)
                  0008500d    0000000a     f2838x_defaultisr.obj (.text:CM_STATUS_ISR)
                  00085017    0000000a     f2838x_defaultisr.obj (.text:CPUCRC_ISR)
                  00085021    0000000a     f2838x_defaultisr.obj (.text:DATALOG_ISR)
                  0008502b    0000000a     f2838x_defaultisr.obj (.text:DMA_CH1_ISR)
                  00085035    0000000a     f2838x_defaultisr.obj (.text:DMA_CH2_ISR)
                  0008503f    0000000a     f2838x_defaultisr.obj (.text:DMA_CH3_ISR)
                  00085049    0000000a     f2838x_defaultisr.obj (.text:DMA_CH4_ISR)
                  00085053    0000000a     f2838x_defaultisr.obj (.text:DMA_CH5_ISR)
                  0008505d    0000000a     f2838x_defaultisr.obj (.text:DMA_CH6_ISR)
                  00085067    0000000a     f2838x_defaultisr.obj (.text:ECAP1_ISR)
                  00085071    0000000a     f2838x_defaultisr.obj (.text:ECAP2_ISR)
                  0008507b    0000000a     f2838x_defaultisr.obj (.text:ECAP3_ISR)
                  00085085    0000000a     f2838x_defaultisr.obj (.text:ECAP4_ISR)
                  0008508f    0000000a     f2838x_defaultisr.obj (.text:ECAP5_ISR)
                  00085099    0000000a     f2838x_defaultisr.obj (.text:ECAP6_2_ISR)
                  000850a3    0000000a     f2838x_defaultisr.obj (.text:ECAP6_ISR)
                  000850ad    0000000a     f2838x_defaultisr.obj (.text:ECAP7_2_ISR)
                  000850b7    0000000a     f2838x_defaultisr.obj (.text:ECAP7_ISR)
                  000850c1    0000000a     f2838x_defaultisr.obj (.text:ECATRST_ISR)
                  000850cb    0000000a     f2838x_defaultisr.obj (.text:ECATSYNC0_ISR)
                  000850d5    0000000a     f2838x_defaultisr.obj (.text:ECATSYNC1_ISR)
                  000850df    0000000a     f2838x_defaultisr.obj (.text:ECAT_ISR)
                  000850e9    0000000a     f2838x_defaultisr.obj (.text:EMU_ISR)
                  000850f3    0000000a     f2838x_defaultisr.obj (.text:EPWM10_ISR)
                  000850fd    0000000a     f2838x_defaultisr.obj (.text:EPWM10_TZ_ISR)
                  00085107    0000000a     f2838x_defaultisr.obj (.text:EPWM11_ISR)
                  00085111    0000000a     f2838x_defaultisr.obj (.text:EPWM11_TZ_ISR)
                  0008511b    0000000a     f2838x_defaultisr.obj (.text:EPWM12_ISR)
                  00085125    0000000a     f2838x_defaultisr.obj (.text:EPWM12_TZ_ISR)
                  0008512f    0000000a     f2838x_defaultisr.obj (.text:EPWM13_ISR)
                  00085139    0000000a     f2838x_defaultisr.obj (.text:EPWM13_TZ_ISR)
                  00085143    0000000a     f2838x_defaultisr.obj (.text:EPWM14_ISR)
                  0008514d    0000000a     f2838x_defaultisr.obj (.text:EPWM14_TZ_ISR)
                  00085157    0000000a     f2838x_defaultisr.obj (.text:EPWM15_ISR)
                  00085161    0000000a     f2838x_defaultisr.obj (.text:EPWM15_TZ_ISR)
                  0008516b    0000000a     f2838x_defaultisr.obj (.text:EPWM16_ISR)
                  00085175    0000000a     f2838x_defaultisr.obj (.text:EPWM16_TZ_ISR)
                  0008517f    0000000a     f2838x_defaultisr.obj (.text:EPWM1_ISR)
                  00085189    0000000a     f2838x_defaultisr.obj (.text:EPWM1_TZ_ISR)
                  00085193    0000000a     f2838x_defaultisr.obj (.text:EPWM2_ISR)
                  0008519d    0000000a     f2838x_defaultisr.obj (.text:EPWM2_TZ_ISR)
                  000851a7    0000000a     f2838x_defaultisr.obj (.text:EPWM3_ISR)
                  000851b1    0000000a     f2838x_defaultisr.obj (.text:EPWM3_TZ_ISR)
                  000851bb    0000000a     f2838x_defaultisr.obj (.text:EPWM4_ISR)
                  000851c5    0000000a     f2838x_defaultisr.obj (.text:EPWM4_TZ_ISR)
                  000851cf    0000000a     f2838x_defaultisr.obj (.text:EPWM5_ISR)
                  000851d9    0000000a     f2838x_defaultisr.obj (.text:EPWM5_TZ_ISR)
                  000851e3    0000000a     f2838x_defaultisr.obj (.text:EPWM6_ISR)
                  000851ed    0000000a     f2838x_defaultisr.obj (.text:EPWM6_TZ_ISR)
                  000851f7    0000000a     f2838x_defaultisr.obj (.text:EPWM7_ISR)
                  00085201    0000000a     f2838x_defaultisr.obj (.text:EPWM7_TZ_ISR)
                  0008520b    0000000a     f2838x_defaultisr.obj (.text:EPWM8_ISR)
                  00085215    0000000a     f2838x_defaultisr.obj (.text:EPWM8_TZ_ISR)
                  0008521f    0000000a     f2838x_defaultisr.obj (.text:EPWM9_ISR)
                  00085229    0000000a     f2838x_defaultisr.obj (.text:EPWM9_TZ_ISR)
                  00085233    0000000a     f2838x_defaultisr.obj (.text:EQEP1_ISR)
                  0008523d    0000000a     f2838x_defaultisr.obj (.text:EQEP2_ISR)
                  00085247    0000000a     f2838x_defaultisr.obj (.text:EQEP3_ISR)
                  00085251    0000000a     f2838x_defaultisr.obj (.text:FMC_ISR)
                  0008525b    0000000a     f2838x_defaultisr.obj (.text:FPU_OFLOW_ISR)
                  00085265    0000000a     f2838x_defaultisr.obj (.text:FPU_UFLOW_ISR)
                  0008526f    0000000a     f2838x_defaultisr.obj (.text:FSIRXA1_ISR)
                  00085279    0000000a     f2838x_defaultisr.obj (.text:FSIRXA2_ISR)
                  00085283    0000000a     f2838x_defaultisr.obj (.text:FSIRXB1_ISR)
                  0008528d    0000000a     f2838x_defaultisr.obj (.text:FSIRXB2_ISR)
                  00085297    0000000a     f2838x_defaultisr.obj (.text:FSIRXC1_ISR)
                  000852a1    0000000a     f2838x_defaultisr.obj (.text:FSIRXC2_ISR)
                  000852ab    0000000a     f2838x_defaultisr.obj (.text:FSIRXD1_ISR)
                  000852b5    0000000a     f2838x_defaultisr.obj (.text:FSIRXD2_ISR)
                  000852bf    0000000a     f2838x_defaultisr.obj (.text:FSIRXE1_ISR)
                  000852c9    0000000a     f2838x_defaultisr.obj (.text:FSIRXE2_ISR)
                  000852d3    0000000a     f2838x_defaultisr.obj (.text:FSIRXF1_ISR)
                  000852dd    0000000a     f2838x_defaultisr.obj (.text:FSIRXF2_ISR)
                  000852e7    0000000a     f2838x_defaultisr.obj (.text:FSIRXG1_ISR)
                  000852f1    0000000a     f2838x_defaultisr.obj (.text:FSIRXG2_ISR)
                  000852fb    0000000a     f2838x_defaultisr.obj (.text:FSIRXH1_ISR)
                  00085305    0000000a     f2838x_defaultisr.obj (.text:FSIRXH2_ISR)
                  0008530f    0000000a     f2838x_defaultisr.obj (.text:FSITXA1_ISR)
                  00085319    0000000a     f2838x_defaultisr.obj (.text:FSITXA2_ISR)
                  00085323    0000000a     f2838x_defaultisr.obj (.text:FSITXB1_ISR)
                  0008532d    0000000a     f2838x_defaultisr.obj (.text:FSITXB2_ISR)
                  00085337    0000000a     f2838x_gpio.obj (.text:GPIO_EnableUnbondedIOPullups)
                  00085341    0000000a     f2838x_defaultisr.obj (.text:I2CA_FIFO_ISR)
                  0008534b    0000000a     f2838x_defaultisr.obj (.text:I2CA_HIGH_ISR)
                  00085355    0000000a     f2838x_defaultisr.obj (.text:I2CA_ISR)
                  0008535f    0000000a     f2838x_defaultisr.obj (.text:I2CB_FIFO_ISR)
                  00085369    0000000a     f2838x_defaultisr.obj (.text:I2CB_ISR)
                  00085373    0000000a     f2838x_defaultisr.obj (.text:ILLEGAL_ISR)
                  0008537d    0000000a     f2838x_defaultisr.obj (.text:MCANSS0_ISR)
                  00085387    0000000a     f2838x_defaultisr.obj (.text:MCANSS1_ISR)
                  00085391    0000000a     f2838x_defaultisr.obj (.text:MCANSS_ECC_CORR_PLS_ISR)
                  0008539b    0000000a     f2838x_defaultisr.obj (.text:MCANSS_WAKE_AND_TS_PLS_ISR)
                  000853a5    0000000a     f2838x_defaultisr.obj (.text:MCBSPA_RX_ISR)
                  000853af    0000000a     f2838x_defaultisr.obj (.text:MCBSPA_TX_ISR)
                  000853b9    0000000a     f2838x_defaultisr.obj (.text:MCBSPB_RX_ISR)
                  000853c3    0000000a     f2838x_defaultisr.obj (.text:MCBSPB_TX_ISR)
                  000853cd    0000000a     f2838x_defaultisr.obj (.text:MPOST_ISR)
                  000853d7    0000000a     f2838x_defaultisr.obj (.text:NMI_ISR)
                  000853e1    0000000a     f2838x_defaultisr.obj (.text:NOTUSED_ISR)
                  000853eb    0000000a     f2838x_defaultisr.obj (.text:PIE_RESERVED_ISR)
                  000853f5    0000000a     f2838x_defaultisr.obj (.text:PMBUSA_ISR)
                  000853ff    0000000a     f2838x_defaultisr.obj (.text:RTOS_ISR)
                  00085409    0000000a     f2838x_defaultisr.obj (.text:SCIA_RX_ISR)
                  00085413    0000000a     f2838x_defaultisr.obj (.text:SCIA_TX_ISR)
                  0008541d    0000000a     f2838x_defaultisr.obj (.text:SCIB_RX_ISR)
                  00085427    0000000a     f2838x_defaultisr.obj (.text:SCIB_TX_ISR)
                  00085431    0000000a     f2838x_defaultisr.obj (.text:SCIC_RX_ISR)
                  0008543b    0000000a     f2838x_defaultisr.obj (.text:SCIC_TX_ISR)
                  00085445    0000000a     f2838x_defaultisr.obj (.text:SCID_RX_ISR)
                  0008544f    0000000a     f2838x_defaultisr.obj (.text:SCID_TX_ISR)
                  00085459    0000000a     f2838x_defaultisr.obj (.text:SDFM1DR1_ISR)
                  00085463    0000000a     f2838x_defaultisr.obj (.text:SDFM1DR2_ISR)
                  0008546d    0000000a     f2838x_defaultisr.obj (.text:SDFM1DR3_ISR)
                  00085477    0000000a     f2838x_defaultisr.obj (.text:SDFM1DR4_ISR)
                  00085481    0000000a     f2838x_defaultisr.obj (.text:SDFM1_ISR)
                  0008548b    0000000a     f2838x_defaultisr.obj (.text:SDFM2DR1_ISR)
                  00085495    0000000a     f2838x_defaultisr.obj (.text:SDFM2DR2_ISR)
                  0008549f    0000000a     f2838x_defaultisr.obj (.text:SDFM2DR3_ISR)
                  000854a9    0000000a     f2838x_defaultisr.obj (.text:SDFM2DR4_ISR)
                  000854b3    0000000a     f2838x_defaultisr.obj (.text:SDFM2_ISR)
                  000854bd    0000000a     f2838x_defaultisr.obj (.text:SPIA_RX_ISR)
                  000854c7    0000000a     f2838x_defaultisr.obj (.text:SPIA_TX_ISR)
                  000854d1    0000000a     f2838x_defaultisr.obj (.text:SPIB_RX_ISR)
                  000854db    0000000a     f2838x_defaultisr.obj (.text:SPIB_TX_ISR)
                  000854e5    0000000a     f2838x_defaultisr.obj (.text:SPIC_RX_ISR)
                  000854ef    0000000a     f2838x_defaultisr.obj (.text:SPIC_TX_ISR)
                  000854f9    0000000a     f2838x_defaultisr.obj (.text:SPID_RX_ISR)
                  00085503    0000000a     f2838x_defaultisr.obj (.text:SPID_TX_ISR)
                  0008550d    0000000a     f2838x_defaultisr.obj (.text:SYS_ERR_ISR)
                  00085517    0000000a     f2838x_sysctrl.obj (.text:SysIntOsc1Sel)
                  00085521    0000000a     f2838x_defaultisr.obj (.text:TIMER0_ISR)
                  0008552b    0000000a     f2838x_defaultisr.obj (.text:TIMER1_ISR)
                  00085535    0000000a     f2838x_defaultisr.obj (.text:TIMER2_ISR)
                  0008553f    0000000a     f2838x_defaultisr.obj (.text:USBA_ISR)
                  00085549    0000000a     f2838x_defaultisr.obj (.text:USER10_ISR)
                  00085553    0000000a     f2838x_defaultisr.obj (.text:USER11_ISR)
                  0008555d    0000000a     f2838x_defaultisr.obj (.text:USER12_ISR)
                  00085567    0000000a     f2838x_defaultisr.obj (.text:USER1_ISR)
                  00085571    0000000a     f2838x_defaultisr.obj (.text:USER2_ISR)
                  0008557b    0000000a     f2838x_defaultisr.obj (.text:USER3_ISR)
                  00085585    0000000a     f2838x_defaultisr.obj (.text:USER4_ISR)
                  0008558f    0000000a     f2838x_defaultisr.obj (.text:USER5_ISR)
                  00085599    0000000a     f2838x_defaultisr.obj (.text:USER6_ISR)
                  000855a3    0000000a     f2838x_defaultisr.obj (.text:USER7_ISR)
                  000855ad    0000000a     f2838x_defaultisr.obj (.text:USER8_ISR)
                  000855b7    0000000a     f2838x_defaultisr.obj (.text:USER9_ISR)
                  000855c1    0000000a     f2838x_defaultisr.obj (.text:WAKE_ISR)
                  000855cb    0000000a     f2838x_defaultisr.obj (.text:XINT1_ISR)
                  000855d5    0000000a     f2838x_defaultisr.obj (.text:XINT2_ISR)
                  000855df    0000000a     f2838x_defaultisr.obj (.text:XINT3_ISR)
                  000855e9    0000000a     f2838x_defaultisr.obj (.text:XINT4_ISR)
                  000855f3    0000000a     f2838x_defaultisr.obj (.text:XINT5_ISR)
                  000855fd    00000009     rts2800_fpu64_eabi.lib : _lock.c.obj (.text)
                  00085606    00000008     f2838x_sysctrl.obj (.text:AuxIntOsc2Sel)
                  0008560e    00000008     f2838x_sysctrl.obj (.text:SysIntOsc2Sel)
                  00085616    00000008     rts2800_fpu64_eabi.lib : copy_decompress_none.c.obj (.text:decompress:none)
                  0008561e    00000008     f2838x_codestartbranch.obj (.text)
                  00085626    00000002     rts2800_fpu64_eabi.lib : pre_init.c.obj (.text)

MODULE SUMMARY

       Module                          code    ro data   rw data
       ------                          ----    -------   -------
    .\
       ADC.obj                         2376    0         205    
       ISR_Control.obj                 1345    0         200    
       Task_Control.obj                899     0         208    
       Peripheral_Config.obj           789     0         0      
       Func.obj                        508     0         0      
       Sequence.obj                    223     0         34     
       ISR.obj                         248     0         0      
       Parameter.obj                   97      0         18     
       Main.obj                        100     0         0      
       Task.obj                        91      0         0      
    +--+-------------------------------+-------+---------+---------+
       Total:                          6676    0         665    
                                                                
    .\F2838x_common\source\
       f2838x_defaultisr.obj           2063    0         0      
       f2838x_sysctrl.obj              1522    0         0      
       f2838x_pievect.obj              17      448       0      
       f2838x_adc.obj                  216     0         0      
       f2838x_cputimers.obj            94      0         24     
       f2838x_epwm.obj                 46      0         0      
       f2838x_gpio.obj                 35      0         0      
       f2838x_piectrl.obj              31      0         0      
       f2838x_codestartbranch.obj      10      0         0      
       f2838x_usdelay.obj              8       0         0      
    +--+-------------------------------+-------+---------+---------+
       Total:                          4042    448       24     
                                                                
    .\F2838x_headers\source\
       f2838x_globalvariabledefs.obj   0       0         3295   
    +--+-------------------------------+-------+---------+---------+
       Total:                          0       0         3295   
                                                                
    C:\ti\ccs1010\ccs\tools\compiler\ti-cgt-c2000_20.8.0.STS\lib\rts2800_fpu64_eabi.lib
       k_rem_pio2.c.obj                1119    168       0      
       e_rem_pio2.c.obj                715     0         0      
       s_floor.c.obj                   218     0         0      
       s_ceil.c.obj                    217     0         0      
       s_scalbn.c.obj                  167     0         0      
       k_sin.c.obj                     139     0         0      
       k_cos.c.obj                     119     0         0      
       s_cos.c.obj                     111     0         0      
       s_sin.c.obj                     107     0         0      
       copy_decompress_lzss.c.obj      49      0         0      
       exit.c.obj                      41      0         6      
       autoinit.c.obj                  43      0         0      
       s_copysign.c.obj                42      0         0      
       i_div28.asm.obj                 34      0         0      
       memcpy.c.obj                    29      0         0      
       boot28.asm.obj                  25      0         0      
       ll_aox28.asm.obj                24      0         0      
       _lock.c.obj                     9       0         4      
       copy_zero_init.c.obj            13      0         0      
       args_main.c.obj                 12      0         0      
       copy_decompress_none.c.obj      8       0         0      
       pre_init.c.obj                  2       0         0      
       errno.c.obj                     0       0         1      
       startup.c.obj                   1       0         0      
    +--+-------------------------------+-------+---------+---------+
       Total:                          3244    168       11     
                                                                
       Stack:                          0       0         256    
       Linker Generated:               0       85        0      
    +--+-------------------------------+-------+---------+---------+
       Grand Total:                    13962   701       4251   


LINKER GENERATED COPY TABLES

__TI_cinit_table @ 0008804c records: 3, size/record: 4, table size: 12
	.data: load addr=00088000, load size=0000003b bytes, run addr=0000a800, run size=00000188 bytes, compression=lzss
	.bss: load addr=00088042, load size=00000004 bytes, run addr=0000a988, run size=00000138 bytes, compression=zero_init
	PieVectTableFile: load addr=00088046, load size=00000004 bytes, run addr=00000d00, run size=000001c0 bytes, compression=zero_init


LINKER GENERATED HANDLER TABLE

__TI_handler_table @ 0008803c records: 3, size/record: 2, table size: 6
	index: 0, handler: __TI_zero_init
	index: 1, handler: __TI_decompress_lzss
	index: 2, handler: __TI_decompress_none


GLOBAL DATA SYMBOLS: SORTED BY DATA PAGE

address     data page           name
--------    ----------------    ----
00000400      10 (00000400)     __stack

00000b00      2c (00000b00)     AdcaResultRegs
00000b20      2c (00000b00)     AdcbResultRegs

00000c00      30 (00000c00)     CpuTimer0Regs
00000c08      30 (00000c00)     CpuTimer1Regs
00000c10      30 (00000c00)     CpuTimer2Regs

00000ce0      33 (00000cc0)     PieCtrlRegs

00000d00      34 (00000d00)     PieVectTable

00004100     104 (00004100)     EPwm2Regs

00004200     108 (00004200)     EPwm3Regs

00006100     184 (00006100)     SpiaRegs

00007000     1c0 (00007000)     WdRegs

00007400     1d0 (00007400)     AdcaRegs

00007480     1d2 (00007480)     AdcbRegs

00007500     1d4 (00007500)     AdccRegs

00007580     1d6 (00007580)     AdcdRegs

00007c00     1f0 (00007c00)     GpioCtrlRegs

00007f00     1fc (00007f00)     GpioDataRegs

0000a800     2a0 (0000a800)     giHSSWDeadzoneCal
0000a801     2a0 (0000a800)     giLSSWDeadzoneCal
0000a802     2a0 (0000a800)     giFlag_EPwm2TZCLR
0000a803     2a0 (0000a800)     giFlag_EPwm3TZCLR
0000a804     2a0 (0000a800)     gfVgrid_CycleStartCal
0000a806     2a0 (0000a800)     gfVgrid_CycleEndCal
0000a808     2a0 (0000a800)     gfKpc
0000a80a     2a0 (0000a800)     gfEPWM2ACMP
0000a80c     2a0 (0000a800)     gfEPWM2BCMP
0000a80e     2a0 (0000a800)     gfEPWM3ACMP
0000a810     2a0 (0000a800)     gfEPWM3BCMP
0000a812     2a0 (0000a800)     gfDutydithering
0000a814     2a0 (0000a800)     gcVoPFC

0000a840     2a1 (0000a840)     gcILPFC1

0000a880     2a2 (0000a880)     gcILPFC2
0000a8a2     2a2 (0000a880)     L
0000a8a4     2a2 (0000a880)     Lest
0000a8a6     2a2 (0000a880)     Co
0000a8a8     2a2 (0000a880)     Cf
0000a8aa     2a2 (0000a880)     gc
0000a8ac     2a2 (0000a880)     KgfVgrid
0000a8ae     2a2 (0000a880)     KgfVoPFC
0000a8b0     2a2 (0000a880)     Ki
0000a8b2     2a2 (0000a880)     Km
0000a8b4     2a2 (0000a880)     giSPIdataindex
0000a8b5     2a2 (0000a880)     giSPIdatamode
0000a8b6     2a2 (0000a880)     AdcOffset_CalcCnt_Max
0000a8b8     2a2 (0000a880)     AdcStable_Cnt_Max
0000a8ba     2a2 (0000a880)     gfT_temp
0000a8bc     2a2 (0000a880)     giSPIdata
0000a8bf     2a2 (0000a880)     errno

0000a8c0     2a3 (0000a8c0)     giPrecharCplCntCal
0000a8c2     2a3 (0000a8c0)     giPrecharFltCntCal
0000a8c4     2a3 (0000a8c0)     gfPrecharCplTimeCal
0000a8c6     2a3 (0000a8c0)     gfPrecharFltTimeCal
0000a8c8     2a3 (0000a8c0)     giPFCRlyCplCntCal
0000a8ca     2a3 (0000a8c0)     gfPFCRlyCplTimeCal
0000a8cc     2a3 (0000a8c0)     giPartCalcCplCntCal
0000a8ce     2a3 (0000a8c0)     gfVoPFCrefCal
0000a8d0     2a3 (0000a8c0)     gfSsCplTimeCal
0000a8d2     2a3 (0000a8c0)     gfSsFltTimeCal
0000a8d4     2a3 (0000a8c0)     giSsCplCntCal
0000a8d6     2a3 (0000a8c0)     giSsFltCntCal
0000a8d8     2a3 (0000a8c0)     gfTssCal
0000a8da     2a3 (0000a8c0)     gfFssCal
0000a8dc     2a3 (0000a8c0)     gdqVgrid_dqs
0000a8e0     2a3 (0000a8c0)     gdqVgrid_dqe
0000a8e4     2a3 (0000a8c0)     gdqVgrid_dqe_LPF
0000a8e8     2a3 (0000a8c0)     gf1Wgrid_LPF
0000a8f0     2a3 (0000a8c0)     gf1Votref_LPF

0000a900     2a4 (0000a900)     gf2Vgrid_qs_APF
0000a90c     2a4 (0000a900)     gf2Vgrid_de_LPF
0000a918     2a4 (0000a900)     gf2Vgrid_qe_LPF

0000a940     2a5 (0000a940)     gPiVgrid_angle
0000a95e     2a5 (0000a940)     INT_FLT_STATE
0000a95f     2a5 (0000a940)     INT_FLTSUB_STATE
0000a960     2a5 (0000a940)     INT_INHIBIT_STATE
0000a961     2a5 (0000a940)     INT_NORMAL_STATE
0000a962     2a5 (0000a940)     INT_SUB_STATE
0000a963     2a5 (0000a940)     giFlag_Run
0000a964     2a5 (0000a940)     giTEST_Mode
0000a965     2a5 (0000a940)     giModeState
0000a966     2a5 (0000a940)     giFlag_FltClr
0000a967     2a5 (0000a940)     giVgridUVInhibitFlag
0000a968     2a5 (0000a940)     gfVCBOVFlt
0000a96a     2a5 (0000a940)     gfVCBUVFlt
0000a96c     2a5 (0000a940)     gfiLPFCOCFlt
0000a96e     2a5 (0000a940)     gfOutCurrOCFlt
0000a970     2a5 (0000a940)     gfVgridOVFlt
0000a972     2a5 (0000a940)     gfVgridUVFlt
0000a974     2a5 (0000a940)     gfVoPFCOVFlt
0000a976     2a5 (0000a940)     gfVoPFCUVFlt
0000a978     2a5 (0000a940)     gfTempFlt
0000a97a     2a5 (0000a940)     gfVgridUVInhibit
0000a97c     2a5 (0000a940)     gfVoPFCUVInhibit
0000a97e     2a5 (0000a940)     _lock

0000a980     2a6 (0000a980)     __TI_enable_exit_profile_output
0000a982     2a6 (0000a980)     __TI_cleanup_ptr
0000a984     2a6 (0000a980)     __TI_dtors_ptr
0000a986     2a6 (0000a980)     _unlock
0000a988     2a6 (0000a980)     giFlag_PrecharCpl
0000a989     2a6 (0000a980)     giFlag_PrecharFlt
0000a98a     2a6 (0000a980)     giFlag_PrecharState
0000a98b     2a6 (0000a980)     giFlag_PFCRlyCpl
0000a98c     2a6 (0000a980)     giFlag_PFCRlyState
0000a98d     2a6 (0000a980)     giFlag_PFCRlyONGate
0000a98e     2a6 (0000a980)     giPartCalcCplCnt
0000a98f     2a6 (0000a980)     giFlag_PartCalcCpl
0000a990     2a6 (0000a980)     giFlag_SsFlt
0000a991     2a6 (0000a980)     giFlag_SsState
0000a992     2a6 (0000a980)     giFlag_SsCpl
0000a993     2a6 (0000a980)     giFlag_NormalState
0000a994     2a6 (0000a980)     giPrecharCplCnt
0000a996     2a6 (0000a980)     giPrecharFltCnt
0000a998     2a6 (0000a980)     giPFCRlyCplCnt
0000a99a     2a6 (0000a980)     gfWgrid
0000a99c     2a6 (0000a980)     gfWgrid_LPF
0000a99e     2a6 (0000a980)     gfTheta_Grid
0000a9a0     2a6 (0000a980)     gfTheta_Grid_Comp
0000a9a2     2a6 (0000a980)     gfVgrid_Mag
0000a9a4     2a6 (0000a980)     gfWgrid_PC
0000a9a6     2a6 (0000a980)     gfGridAngleKp
0000a9a8     2a6 (0000a980)     gfGridAngleKi
0000a9aa     2a6 (0000a980)     gfVoPFCrefSS
0000a9ac     2a6 (0000a980)     giSsCplCnt
0000a9ae     2a6 (0000a980)     giSsFltCnt
0000a9b0     2a6 (0000a980)     gfdelVoPFCrefCal
0000a9b2     2a6 (0000a980)     gfVotref
0000a9b4     2a6 (0000a980)     gfVotrefLPF
0000a9b6     2a6 (0000a980)     gfVotrefSS
0000a9b8     2a6 (0000a980)     gfdelVotref
0000a9ba     2a6 (0000a980)     INT_MAIN_STATE
0000a9bb     2a6 (0000a980)     INT_MODE_STATE

0000a9c0     2a7 (0000a9c0)     AdcOffset_CalcCnt
0000a9c1     2a7 (0000a9c0)     giADCoffsetCplFlag
0000a9c2     2a7 (0000a9c0)     AdcStable_Cnt
0000a9c3     2a7 (0000a9c0)     giADCStableFlag
0000a9c4     2a7 (0000a9c0)     ADCRESULT0
0000a9c6     2a7 (0000a9c0)     ADCRESULT1
0000a9c8     2a7 (0000a9c0)     ADCRESULT2
0000a9ca     2a7 (0000a9c0)     ADCRESULT3
0000a9cc     2a7 (0000a9c0)     gfVgrid
0000a9ce     2a7 (0000a9c0)     gfVgrid1
0000a9d0     2a7 (0000a9c0)     gfVgrid_LPF10
0000a9d2     2a7 (0000a9c0)     gfVgrid_LPF100
0000a9d4     2a7 (0000a9c0)     gfVgrid_LPF1K
0000a9d6     2a7 (0000a9c0)     gfVgrid_Offset
0000a9d8     2a7 (0000a9c0)     gfVgrid_Offset1
0000a9da     2a7 (0000a9c0)     gfVgrid_Offset_LPF10
0000a9dc     2a7 (0000a9c0)     gfVgrid_Offset_Cal
0000a9de     2a7 (0000a9c0)     gfVgrid_fabs
0000a9e0     2a7 (0000a9c0)     gfVgrid_fabs1
0000a9e2     2a7 (0000a9c0)     gfVgrid_fabs2
0000a9e4     2a7 (0000a9c0)     gfVgrid_fabs_LPF5
0000a9e6     2a7 (0000a9c0)     gfVgrid_fabs_LPF5_1
0000a9e8     2a7 (0000a9c0)     gfVgrid_fabs_LPF5_2
0000a9ea     2a7 (0000a9c0)     gfVgrid_RMS
0000a9ec     2a7 (0000a9c0)     gfVoPFC
0000a9ee     2a7 (0000a9c0)     gfVoPFC1
0000a9f0     2a7 (0000a9c0)     gfVoPFC_LPF10
0000a9f2     2a7 (0000a9c0)     gfVoPFC_LPF100
0000a9f4     2a7 (0000a9c0)     gfVoPFC_LPF1K
0000a9f6     2a7 (0000a9c0)     gfVoPFC_Offset
0000a9f8     2a7 (0000a9c0)     gfVoPFC_Offset1
0000a9fa     2a7 (0000a9c0)     gfVoPFC_Offset_LPF10
0000a9fc     2a7 (0000a9c0)     gfVoPFC_Offset_Cal
0000a9fe     2a7 (0000a9c0)     gfiLphaseA

0000aa00     2a8 (0000aa00)     gfiLphaseA1
0000aa02     2a8 (0000aa00)     gfiLphaseA_LPF10
0000aa04     2a8 (0000aa00)     gfiLphaseA_LPF100
0000aa06     2a8 (0000aa00)     gfiLphaseA_LPF1K
0000aa08     2a8 (0000aa00)     gfiLphaseA_Offset
0000aa0a     2a8 (0000aa00)     gfiLphaseA_Offset1
0000aa0c     2a8 (0000aa00)     gfiLphaseA_Offset_LPF10
0000aa0e     2a8 (0000aa00)     gfiLphaseA_Offset_Cal
0000aa10     2a8 (0000aa00)     gfiLphaseA_fabs
0000aa12     2a8 (0000aa00)     gfiLphaseA_fabs1
0000aa14     2a8 (0000aa00)     gfiLphaseA_fabs2
0000aa16     2a8 (0000aa00)     gfiLphaseA_fabs_LPF5
0000aa18     2a8 (0000aa00)     gfiLphaseA_fabs_LPF5_1
0000aa1a     2a8 (0000aa00)     gfiLphaseA_fabs_LPF5_2
0000aa1c     2a8 (0000aa00)     gfiLphaseA_RMS
0000aa1e     2a8 (0000aa00)     gfiLphaseB
0000aa20     2a8 (0000aa00)     gfiLphaseB1
0000aa22     2a8 (0000aa00)     gfiLphaseB_LPF10
0000aa24     2a8 (0000aa00)     gfiLphaseB_LPF100
0000aa26     2a8 (0000aa00)     gfiLphaseB_LPF1K
0000aa28     2a8 (0000aa00)     gfiLphaseB_Offset
0000aa2a     2a8 (0000aa00)     gfiLphaseB_Offset1
0000aa2c     2a8 (0000aa00)     gfiLphaseB_Offset_LPF10
0000aa2e     2a8 (0000aa00)     gfiLphaseB_Offset_Cal
0000aa30     2a8 (0000aa00)     gfiLphaseB_fabs
0000aa32     2a8 (0000aa00)     gfiLphaseB_fabs1
0000aa34     2a8 (0000aa00)     gfiLphaseB_fabs2
0000aa36     2a8 (0000aa00)     gfiLphaseB_fabs_LPF5
0000aa38     2a8 (0000aa00)     gfiLphaseB_fabs_LPF5_1
0000aa3a     2a8 (0000aa00)     gfiLphaseB_fabs_LPF5_2
0000aa3c     2a8 (0000aa00)     gfiLphaseB_RMS
0000aa3e     2a8 (0000aa00)     gfTFilterSamp

0000aa40     2a9 (0000aa40)     gfFFilterSamp
0000aa42     2a9 (0000aa40)     WcLPF1_1K
0000aa44     2a9 (0000aa40)     WcLPF1_100
0000aa46     2a9 (0000aa40)     WcLPF1_50
0000aa48     2a9 (0000aa40)     WcLPF1_10
0000aa4a     2a9 (0000aa40)     WcLPF1_5
0000aa4c     2a9 (0000aa40)     WcLPF1_1
0000aa4e     2a9 (0000aa40)     WcLPF1_0P1
0000aa50     2a9 (0000aa40)     WcLPF2_5
0000aa52     2a9 (0000aa40)     gfLPF1A1K
0000aa54     2a9 (0000aa40)     gfLPF1B1K
0000aa56     2a9 (0000aa40)     gfLPF1C1K
0000aa58     2a9 (0000aa40)     gfLPF1A100
0000aa5a     2a9 (0000aa40)     gfLPF1B100
0000aa5c     2a9 (0000aa40)     gfLPF1C100
0000aa5e     2a9 (0000aa40)     gfLPF1A50
0000aa60     2a9 (0000aa40)     gfLPF1B50
0000aa62     2a9 (0000aa40)     gfLPF1C50
0000aa64     2a9 (0000aa40)     gfLPF1A10
0000aa66     2a9 (0000aa40)     gfLPF1B10
0000aa68     2a9 (0000aa40)     gfLPF1C10
0000aa6a     2a9 (0000aa40)     gfLPF1A5
0000aa6c     2a9 (0000aa40)     gfLPF1B5
0000aa6e     2a9 (0000aa40)     gfLPF1C5
0000aa70     2a9 (0000aa40)     gfLPF1A1
0000aa72     2a9 (0000aa40)     gfLPF1B1
0000aa74     2a9 (0000aa40)     gfLPF1C1
0000aa76     2a9 (0000aa40)     gfLPF1A0P1
0000aa78     2a9 (0000aa40)     gfLPF1B0P1
0000aa7a     2a9 (0000aa40)     gfLPF1C0P1
0000aa7c     2a9 (0000aa40)     gfLPF2A5
0000aa7e     2a9 (0000aa40)     gfLPF2B5

0000aa80     2aa (0000aa80)     gfLPF2C5
0000aa82     2aa (0000aa80)     giflag_PosCycle
0000aa83     2aa (0000aa80)     giflag_NegCycle
0000aa84     2aa (0000aa80)     giFlag_HSSW_Deadzone
0000aa85     2aa (0000aa80)     giFlag_LSSW_Deadzone
0000aa86     2aa (0000aa80)     giFlag_IL1CtrlCpl
0000aa87     2aa (0000aa80)     giFlag_IL2CtrlCpl
0000aa88     2aa (0000aa80)     giFlag_IL1CtrlCpl_Delay
0000aa89     2aa (0000aa80)     giFlag_IL2CtrlCpl_Delay
0000aa8a     2aa (0000aa80)     giFlag_LSSWCpl
0000aa8c     2aa (0000aa80)     giPos_dead_cnt
0000aa8e     2aa (0000aa80)     giNeg_dead_cnt
0000aa90     2aa (0000aa80)     gfHSSW_VmAL
0000aa92     2aa (0000aa80)     gfHSSW_VmAH
0000aa94     2aa (0000aa80)     gfHSSW_VmBL
0000aa96     2aa (0000aa80)     gfHSSW_VmBH
0000aa98     2aa (0000aa80)     gfLSSW_VmL
0000aa9a     2aa (0000aa80)     gfLSSW_VmH
0000aa9c     2aa (0000aa80)     Vm_dead
0000aa9e     2aa (0000aa80)     gfPFC_CCM_FF
0000aaa0     2aa (0000aa80)     gfPFC_DCM_FF
0000aaa2     2aa (0000aa80)     gfPFC_FF
0000aaa4     2aa (0000aa80)     gfIPFCref
0000aaa6     2aa (0000aa80)     gfIPFCphaseref
0000aaa8     2aa (0000aa80)     CpuTimer0
0000aab0     2aa (0000aa80)     CpuTimer1
0000aab8     2aa (0000aa80)     CpuTimer2

0005d000    1740 (0005d000)     DevCfgRegs

0005d200    1748 (0005d200)     ClkCfgRegs

0005d300    174c (0005d300)     CpuSysRegs

0005d700    175c (0005d700)     AnalogSubsysRegs

0005e700    179c (0005e700)     Dcc0Regs

0005e740    179d (0005e740)     Dcc1Regs

0005e780    179e (0005e780)     Dcc2Regs

0005f800    17e0 (0005f800)     Flash0CtrlRegs

0005fb00    17ec (0005fb00)     Flash0EccRegs

00090000    2400 (00090000)     PieVectTableInit


GLOBAL SYMBOLS: SORTED ALPHABETICALLY BY Name 

page  address   name                                 
----  -------   ----                                 
0     00084ddd  ADCA1_ISR                            
0     00084de7  ADCA2_ISR                            
0     00084df1  ADCA3_ISR                            
0     00084dfb  ADCA4_ISR                            
0     00084e05  ADCA_EVT_ISR                         
0     00084e0f  ADCB1_ISR                            
0     00084e19  ADCB2_ISR                            
0     00084e23  ADCB3_ISR                            
0     00084e2d  ADCB4_ISR                            
0     00084e37  ADCB_EVT_ISR                         
0     00084e41  ADCC1_ISR                            
0     00084e4b  ADCC2_ISR                            
0     00084e55  ADCC3_ISR                            
0     00084e5f  ADCC4_ISR                            
0     00084e69  ADCC_EVT_ISR                         
0     00084e73  ADCD1_ISR                            
0     00084e7d  ADCD2_ISR                            
0     00084e87  ADCD3_ISR                            
0     00084e91  ADCD4_ISR                            
0     00084e9b  ADCD_EVT_ISR                         
0     0000a9c4  ADCRESULT0                           
0     0000a9c6  ADCRESULT1                           
0     0000a9c8  ADCRESULT2                           
0     0000a9ca  ADCRESULT3                           
0     00083a7c  ADC_Calc                             
0     0008245f  ADC_LPF_RMS_Calc_100us               
0     00082e99  ADC_Offset_Calc_100us                
0     000847d8  APF2                                 
0     0000a9c0  AdcOffset_CalcCnt                    
0     0000a8b6  AdcOffset_CalcCnt_Max                
0     00083beb  AdcSetMode                           
0     0000a9c2  AdcStable_Cnt                        
0     0000a8b8  AdcStable_Cnt_Max                    
0     000839be  Adc_Config                           
0     00007400  AdcaRegs                             
0     00000b00  AdcaResultRegs                       
0     00007480  AdcbRegs                             
0     00000b20  AdcbResultRegs                       
0     00007500  AdccRegs                             
0     00007580  AdcdRegs                             
0     0005d700  AnalogSubsysRegs                     
0     00084ea5  AuxAuxClkSel                         
0     00085606  AuxIntOsc2Sel                        
0     00084d0f  AuxXtalOscSESel                      
0     00084d27  AuxXtalOscSel                        
0     00084b90  C$$EXIT                              
0     00084eaf  CANA0_ISR                            
0     00084eb9  CANA1_ISR                            
0     00084ec3  CANB0_ISR                            
0     00084ecd  CANB1_ISR                            
0     00084ed7  CIPC0_ISR                            
0     00084ee1  CIPC1_ISR                            
0     00084eeb  CIPC2_ISR                            
0     00084ef5  CIPC3_ISR                            
0     00084eff  CLA1CRC_ISR                          
0     00084f09  CLA1_1_ISR                           
0     00084f13  CLA1_2_ISR                           
0     00084f1d  CLA1_3_ISR                           
0     00084f27  CLA1_4_ISR                           
0     00084f31  CLA1_5_ISR                           
0     00084f3b  CLA1_6_ISR                           
0     00084f45  CLA1_7_ISR                           
0     00084f4f  CLA1_8_ISR                           
0     00084f59  CLA_OVERFLOW_ISR                     
0     00084f63  CLA_UNDERFLOW_ISR                    
0     00084f6d  CLB1_ISR                             
0     00084f77  CLB2_ISR                             
0     00084f81  CLB3_ISR                             
0     00084f8b  CLB4_ISR                             
0     00084f95  CLB5_ISR                             
0     00084f9f  CLB6_ISR                             
0     00084fa9  CLB7_ISR                             
0     00084fb3  CLB8_ISR                             
0     00084fbd  CMTOCPUXIPC0_ISR                     
0     00084fc7  CMTOCPUXIPC1_ISR                     
0     00084fd1  CMTOCPUXIPC2_ISR                     
0     00084fdb  CMTOCPUXIPC3_ISR                     
0     00084fe5  CMTOCPUXIPC4_ISR                     
0     00084fef  CMTOCPUXIPC5_ISR                     
0     00084ff9  CMTOCPUXIPC6_ISR                     
0     00085003  CMTOCPUXIPC7_ISR                     
0     0008500d  CM_STATUS_ISR                        
0     00085017  CPUCRC_ISR                           
0     00084bb9  CalAdcINL                            
0     0000a8a8  Cf                                   
0     00084890  ChkFltState                          
0     00084a47  ChkInhibitState                      
0     00084bdf  ChkMainState                         
0     00084a80  ChkNormalState                       
0     0005d200  ClkCfgRegs                           
0     0000a8a6  Co                                   
0     00083f19  ComputeCntrSeedValue                 
0     00084c02  ConfigCpuTimer                       
0     0005d300  CpuSysRegs                           
0     0000aaa8  CpuTimer0                            
0     00000c00  CpuTimer0Regs                        
0     0000aab0  CpuTimer1                            
0     00000c08  CpuTimer1Regs                        
0     0000aab8  CpuTimer2                            
0     00000c10  CpuTimer2Regs                        
0     00085021  DATALOG_ISR                          
0     0008502b  DMA_CH1_ISR                          
0     00085035  DMA_CH2_ISR                          
0     0008503f  DMA_CH3_ISR                          
0     00085049  DMA_CH4_ISR                          
0     00085053  DMA_CH5_ISR                          
0     0008505d  DMA_CH6_ISR                          
0     00084779  DPID_Control_calc                    
0     0005e700  Dcc0Regs                             
0     0005e740  Dcc1Regs                             
0     0005e780  Dcc2Regs                             
0     0005d000  DevCfgRegs                           
0     00084daa  DisableDog                           
0     00085067  ECAP1_ISR                            
0     00085071  ECAP2_ISR                            
0     0008507b  ECAP3_ISR                            
0     00085085  ECAP4_ISR                            
0     0008508f  ECAP5_ISR                            
0     00085099  ECAP6_2_ISR                          
0     000850a3  ECAP6_ISR                            
0     000850ad  ECAP7_2_ISR                          
0     000850b7  ECAP7_ISR                            
0     000850c1  ECATRST_ISR                          
0     000850cb  ECATSYNC0_ISR                        
0     000850d5  ECATSYNC1_ISR                        
0     000850df  ECAT_ISR                             
0     00084db7  EMPTY_ISR                            
0     000850e9  EMU_ISR                              
0     000850f3  EPWM10_ISR                           
0     000850fd  EPWM10_TZ_ISR                        
0     00085107  EPWM11_ISR                           
0     00085111  EPWM11_TZ_ISR                        
0     0008511b  EPWM12_ISR                           
0     00085125  EPWM12_TZ_ISR                        
0     0008512f  EPWM13_ISR                           
0     00085139  EPWM13_TZ_ISR                        
0     00085143  EPWM14_ISR                           
0     0008514d  EPWM14_TZ_ISR                        
0     00085157  EPWM15_ISR                           
0     00085161  EPWM15_TZ_ISR                        
0     0008516b  EPWM16_ISR                           
0     00085175  EPWM16_TZ_ISR                        
0     0008517f  EPWM1_ISR                            
0     00085189  EPWM1_TZ_ISR                         
0     00085193  EPWM2_ISR                            
0     0008519d  EPWM2_TZ_ISR                         
0     000851a7  EPWM3_ISR                            
0     000851b1  EPWM3_TZ_ISR                         
0     000851bb  EPWM4_ISR                            
0     000851c5  EPWM4_TZ_ISR                         
0     000851cf  EPWM5_ISR                            
0     000851d9  EPWM5_TZ_ISR                         
0     000851e3  EPWM6_ISR                            
0     000851ed  EPWM6_TZ_ISR                         
0     000851f7  EPWM7_ISR                            
0     00085201  EPWM7_TZ_ISR                         
0     0008520b  EPWM8_ISR                            
0     00085215  EPWM8_TZ_ISR                         
0     0008521f  EPWM9_ISR                            
0     00085229  EPWM9_TZ_ISR                         
0     00004100  EPwm2Regs                            
0     0008452c  EPwm2_Config                         
0     00004200  EPwm3Regs                            
0     000844c5  EPwm3_Config                         
0     00085233  EQEP1_ISR                            
0     0008523d  EQEP2_ISR                            
0     00085247  EQEP3_ISR                            
0     0000802c  F28x_usDelay                         
0     00085251  FMC_ISR                              
0     0008525b  FPU_OFLOW_ISR                        
0     00085265  FPU_UFLOW_ISR                        
0     0008526f  FSIRXA1_ISR                          
0     00085279  FSIRXA2_ISR                          
0     00085283  FSIRXB1_ISR                          
0     0008528d  FSIRXB2_ISR                          
0     00085297  FSIRXC1_ISR                          
0     000852a1  FSIRXC2_ISR                          
0     000852ab  FSIRXD1_ISR                          
0     000852b5  FSIRXD2_ISR                          
0     000852bf  FSIRXE1_ISR                          
0     000852c9  FSIRXE2_ISR                          
0     000852d3  FSIRXF1_ISR                          
0     000852dd  FSIRXF2_ISR                          
0     000852e7  FSIRXG1_ISR                          
0     000852f1  FSIRXG2_ISR                          
0     000852fb  FSIRXH1_ISR                          
0     00085305  FSIRXH2_ISR                          
0     0008530f  FSITXA1_ISR                          
0     00085319  FSITXA2_ISR                          
0     00085323  FSITXB1_ISR                          
0     0008532d  FSITXB2_ISR                          
0     0005f800  Flash0CtrlRegs                       
0     0005fb00  Flash0EccRegs                        
0     00085337  GPIO_EnableUnbondedIOPullups         
0     00084cdd  GPIO_EnableUnbondedIOPullupsFor176Pin
0     00007c00  GpioCtrlRegs                         
0     00007f00  GpioDataRegs                         
0     000842f9  GridPartCalcGainInit                 
0     00082d4e  GridPartCalc_100us                   
0     00083366  HalfCycleDetection                   
0     00085341  I2CA_FIFO_ISR                        
0     0008534b  I2CA_HIGH_ISR                        
0     00085355  I2CA_ISR                             
0     0008535f  I2CB_FIFO_ISR                        
0     00085369  I2CB_ISR                             
0     00085373  ILLEGAL_ISR                          
0     00083104  ILPFC_Ctrl1                          
0     00083237  ILPFC_Ctrl2                          
0     0000a95f  INT_FLTSUB_STATE                     
0     0000a95e  INT_FLT_STATE                        
0     0000a960  INT_INHIBIT_STATE                    
0     0000a9ba  INT_MAIN_STATE                       
0     0000a9bb  INT_MODE_STATE                       
0     0000a961  INT_NORMAL_STATE                     
0     0000a962  INT_SUB_STATE                        
0     000838fe  InitAuxPll                           
0     00084a0c  InitCpuTimers                        
0     00084d6f  InitEPwm2Gpio                        
0     00084d3f  InitEPwm3Gpio                        
0     00082b7f  InitFilterVar_100us                  
0     00008000  InitFlash                            
0     00084d85  InitGpioConfig                       
0     00083b35  InitGpioInOutConfig                  
0     0008497f  InitMcBspSPIConfig                   
0     00083fa8  InitPWMEnaFltGpioConfig              
0     0008366c  InitPeripheralClocks                 
0     00084c68  InitPieCtrl                          
[...]
0     0000aa70  gfLPF1A1                             
0     0000aa72  gfLPF1B1                             
0     0000aa74  gfLPF1C1                             
0     0000aa76  gfLPF1A0P1                           
0     0000aa78  gfLPF1B0P1                           
0     0000aa7a  gfLPF1C0P1                           
0     0000aa7c  gfLPF2A5                             
0     0000aa7e  gfLPF2B5                             
0     0000aa80  gfLPF2C5                             
0     0000aa82  giflag_PosCycle                      
0     0000aa83  giflag_NegCycle                      
0     0000aa84  giFlag_HSSW_Deadzone                 
0     0000aa85  giFlag_LSSW_Deadzone                 
0     0000aa86  giFlag_IL1CtrlCpl                    
0     0000aa87  giFlag_IL2CtrlCpl                    
0     0000aa88  giFlag_IL1CtrlCpl_Delay              
0     0000aa89  giFlag_IL2CtrlCpl_Delay              
0     0000aa8a  giFlag_LSSWCpl                       
0     0000aa8c  giPos_dead_cnt                       
0     0000aa8e  giNeg_dead_cnt                       
0     0000aa90  gfHSSW_VmAL                          
0     0000aa92  gfHSSW_VmAH                          
0     0000aa94  gfHSSW_VmBL                          
0     0000aa96  gfHSSW_VmBH                          
0     0000aa98  gfLSSW_VmL                           
0     0000aa9a  gfLSSW_VmH                           
0     0000aa9c  Vm_dead                              
0     0000aa9e  gfPFC_CCM_FF                         
0     0000aaa0  gfPFC_DCM_FF                         
0     0000aaa2  gfPFC_FF                             
0     0000aaa4  gfIPFCref                            
0     0000aaa6  gfIPFCphaseref                       
0     0000aaa8  CpuTimer0                            
0     0000aab0  CpuTimer1                            
0     0000aab8  CpuTimer2                            
0     0005d000  DevCfgRegs                           
0     0005d200  ClkCfgRegs                           
0     0005d300  CpuSysRegs                           
0     0005d700  AnalogSubsysRegs                     
0     0005e700  Dcc0Regs                             
0     0005e740  Dcc1Regs                             
0     0005e780  Dcc2Regs                             
0     0005f800  Flash0CtrlRegs                       
0     0005fb00  Flash0EccRegs                        
0     00080000  code_start                           
0     00082000  __kernel_rem_pio2                    
0     0008245f  ADC_LPF_RMS_Calc_100us               
0     000828b4  __rem_pio2                           
0     00082b7f  InitFilterVar_100us                  
0     00082d4e  GridPartCalc_100us                   
0     00082e99  ADC_Offset_Calc_100us                
0     00082fcf  SPIDAC_100us                         
0     00083104  ILPFC_Ctrl1                          
0     00083237  ILPFC_Ctrl2                          
0     00083366  HalfCycleDetection                   
0     00083477  InitSysPll                           
0     00083578  SoftStart_100us                      
0     0008366c  InitPeripheralClocks                 
0     0008374b  floor                                
0     0008374b  floorl                               
0     00083825  ceil                                 
0     00083825  ceill                                
0     000838fe  InitAuxPll                           
0     000839be  Adc_Config                           
0     00083a7c  ADC_Calc                             
0     00083b35  InitGpioInOutConfig                  
0     00083beb  AdcSetMode                           
0     00083c9d  VerifyXTAL                           
0     00083d4d  ldexp                                
0     00083d4d  ldexpl                               
0     00083d4d  scalbn                               
0     00083d4d  scalbnl                              
0     00083df4  IsPLLValid                           
0     00083e88  Init_VoPFC_cont                      
0     00083f19  ComputeCntrSeedValue                 
0     00083fa8  InitPWMEnaFltGpioConfig              
0     00083fff  _system_post_cinit                   
0     00084000  __kernel_sin                         
0     0008408b  Init_ILPFC1_cont                     
0     00084108  Init_ILPFC2_cont                     
0     00084185  Precharging_100us                    
0     00084201  adca1_isr                            
0     0008427d  adca2_isr                            
0     000842f9  GridPartCalcGainInit                 
0     00084374  __kernel_cos                         
0     000843eb  cos                                  
0     000843eb  cosl                                 
0     0008445a  sin                                  
0     0008445a  sinl                                 
0     000844c5  EPwm3_Config                         
0     0008452c  EPwm2_Config                         
0     00084590  main                                 
0     000845f4  PI_Control_calc                      
0     00084657  InitSysCtrl                          
0     000846b8  ParameterSetting                     
0     00084719  LPF2                                 
0     00084779  DPID_Control_calc                    
0     000847d8  APF2                                 
0     00084835  Task_100us                           
0     00084890  ChkFltState                          
0     000848e1  park_calc                            
0     00084932  PFCRly_100us                         
0     0008497f  InitMcBspSPIConfig                   
0     000849c9  VoPFC_Ctrl                           
0     00084a0c  InitCpuTimers                        
0     00084a47  ChkInhibitState                      
0     00084a80  ChkNormalState                       
0     00084ab2  __TI_decompress_lzss                 
0     00084ae3  LPF1                                 
0     00084b0f  SysXtalOscSel                        
0     00084b3b  __TI_auto_init_nobinit_nopinit       
0     00084b66  copysign                             
0     00084b66  copysignl                            
0     00084b90  C$$EXIT                              
0     00084b90  abort                                
0     00084b92  exit                                 
0     00084bb9  CalAdcINL                            
0     00084bdf  ChkMainState                         
0     00084c02  ConfigCpuTimer                       
0     00084c25  __c28xabi_divi                       
0     00084c36  __c28xabi_modi                       
0     00084c47  SPIDAC_Config                        
0     00084c68  InitPieCtrl                          
0     00084c87  SysXtalOscSESel                      
0     00084ca5  memcpy                               
0     00084cdd  GPIO_EnableUnbondedIOPullupsFor176Pin
0     00084cf6  _c_int00                             
0     00084d0f  AuxXtalOscSESel                      
0     00084d27  AuxXtalOscSel                        
0     00084d3f  InitEPwm3Gpio                        
0     00084d57  __c28xabi_andll                      
0     00084d5f  __c28xabi_orll                       
0     00084d67  __c28xabi_xorll                      
0     00084d6f  InitEPwm2Gpio                        
0     00084d85  InitGpioConfig                       
0     00084d99  InitPieVectTable                     
0     00084daa  DisableDog                           
0     00084db7  EMPTY_ISR                            
0     00084dc4  __TI_zero_init_nomemset              
0     00084dd1  _args_main                           
0     00084ddd  ADCA1_ISR                            
0     00084de7  ADCA2_ISR                            
0     00084df1  ADCA3_ISR                            
0     00084dfb  ADCA4_ISR                            
0     00084e05  ADCA_EVT_ISR                         
0     00084e0f  ADCB1_ISR                            
0     00084e19  ADCB2_ISR                            
0     00084e23  ADCB3_ISR                            
0     00084e2d  ADCB4_ISR                            
0     00084e37  ADCB_EVT_ISR                         
0     00084e41  ADCC1_ISR                            
0     00084e4b  ADCC2_ISR                            
0     00084e55  ADCC3_ISR                            
0     00084e5f  ADCC4_ISR                            
0     00084e69  ADCC_EVT_ISR                         
0     00084e73  ADCD1_ISR                            
0     00084e7d  ADCD2_ISR                            
0     00084e87  ADCD3_ISR                            
0     00084e91  ADCD4_ISR                            
0     00084e9b  ADCD_EVT_ISR                         
0     00084ea5  AuxAuxClkSel                         
0     00084eaf  CANA0_ISR                            
0     00084eb9  CANA1_ISR                            
0     00084ec3  CANB0_ISR                            
0     00084ecd  CANB1_ISR                            
0     00084ed7  CIPC0_ISR                            
0     00084ee1  CIPC1_ISR                            
0     00084eeb  CIPC2_ISR                            
0     00084ef5  CIPC3_ISR                            
0     00084eff  CLA1CRC_ISR                          
0     00084f09  CLA1_1_ISR                           
0     00084f13  CLA1_2_ISR                           
0     00084f1d  CLA1_3_ISR                           
0     00084f27  CLA1_4_ISR                           
0     00084f31  CLA1_5_ISR                           
0     00084f3b  CLA1_6_ISR                           
0     00084f45  CLA1_7_ISR                           
0     00084f4f  CLA1_8_ISR                           
0     00084f59  CLA_OVERFLOW_ISR                     
0     00084f63  CLA_UNDERFLOW_ISR                    
0     00084f6d  CLB1_ISR                             
0     00084f77  CLB2_ISR                             
0     00084f81  CLB3_ISR                             
0     00084f8b  CLB4_ISR                             
0     00084f95  CLB5_ISR                             
0     00084f9f  CLB6_ISR                             
0     00084fa9  CLB7_ISR                             
0     00084fb3  CLB8_ISR                             
0     00084fbd  CMTOCPUXIPC0_ISR                     
0     00084fc7  CMTOCPUXIPC1_ISR                     
0     00084fd1  CMTOCPUXIPC2_ISR                     
0     00084fdb  CMTOCPUXIPC3_ISR                     
0     00084fe5  CMTOCPUXIPC4_ISR                     
0     00084fef  CMTOCPUXIPC5_ISR                     
0     00084ff9  CMTOCPUXIPC6_ISR                     
0     00085003  CMTOCPUXIPC7_ISR                     
0     0008500d  CM_STATUS_ISR                        
0     00085017  CPUCRC_ISR                           
0     00085021  DATALOG_ISR                          
0     0008502b  DMA_CH1_ISR                          
0     00085035  DMA_CH2_ISR                          
0     0008503f  DMA_CH3_ISR                          
0     00085049  DMA_CH4_ISR                          
0     00085053  DMA_CH5_ISR                          
0     0008505d  DMA_CH6_ISR                          
0     00085067  ECAP1_ISR                            
0     00085071  ECAP2_ISR                            
0     0008507b  ECAP3_ISR                            
0     00085085  ECAP4_ISR                            
0     0008508f  ECAP5_ISR                            
0     00085099  ECAP6_2_ISR                          
0     000850a3  ECAP6_ISR                            
0     000850ad  ECAP7_2_ISR                          
0     000850b7  ECAP7_ISR                            
0     000850c1  ECATRST_ISR                          
0     000850cb  ECATSYNC0_ISR                        
0     000850d5  ECATSYNC1_ISR                        
0     000850df  ECAT_ISR                             
0     000850e9  EMU_ISR                              
0     000850f3  EPWM10_ISR                           
0     000850fd  EPWM10_TZ_ISR                        
0     00085107  EPWM11_ISR                           
0     00085111  EPWM11_TZ_ISR                        
0     0008511b  EPWM12_ISR                           
0     00085125  EPWM12_TZ_ISR                        
0     0008512f  EPWM13_ISR                           
0     00085139  EPWM13_TZ_ISR                        
0     00085143  EPWM14_ISR                           
0     0008514d  EPWM14_TZ_ISR                        
0     00085157  EPWM15_ISR                           
0     00085161  EPWM15_TZ_ISR                        
0     0008516b  EPWM16_ISR                           
0     00085175  EPWM16_TZ_ISR                        
0     0008517f  EPWM1_ISR                            
0     00085189  EPWM1_TZ_ISR                         
0     00085193  EPWM2_ISR                            
0     0008519d  EPWM2_TZ_ISR                         
0     000851a7  EPWM3_ISR                            
0     000851b1  EPWM3_TZ_ISR                         
0     000851bb  EPWM4_ISR                            
0     000851c5  EPWM4_TZ_ISR                         
0     000851cf  EPWM5_ISR                            
0     000851d9  EPWM5_TZ_ISR                         
0     000851e3  EPWM6_ISR                            
0     000851ed  EPWM6_TZ_ISR                         
0     000851f7  EPWM7_ISR                            
0     00085201  EPWM7_TZ_ISR                         
0     0008520b  EPWM8_ISR                            
0     00085215  EPWM8_TZ_ISR                         
0     0008521f  EPWM9_ISR                            
0     00085229  EPWM9_TZ_ISR                         
0     00085233  EQEP1_ISR                            
0     0008523d  EQEP2_ISR                            
0     00085247  EQEP3_ISR                            
0     00085251  FMC_ISR                              
0     0008525b  FPU_OFLOW_ISR                        
0     00085265  FPU_UFLOW_ISR                        
0     0008526f  FSIRXA1_ISR                          
0     00085279  FSIRXA2_ISR                          
0     00085283  FSIRXB1_ISR                          
0     0008528d  FSIRXB2_ISR                          
0     00085297  FSIRXC1_ISR                          
0     000852a1  FSIRXC2_ISR                          
0     000852ab  FSIRXD1_ISR                          
0     000852b5  FSIRXD2_ISR                          
0     000852bf  FSIRXE1_ISR                          
0     000852c9  FSIRXE2_ISR                          
0     000852d3  FSIRXF1_ISR                          
0     000852dd  FSIRXF2_ISR                          
0     000852e7  FSIRXG1_ISR                          
0     000852f1  FSIRXG2_ISR                          
0     000852fb  FSIRXH1_ISR                          
0     00085305  FSIRXH2_ISR                          
0     0008530f  FSITXA1_ISR                          
0     00085319  FSITXA2_ISR                          
0     00085323  FSITXB1_ISR                          
0     0008532d  FSITXB2_ISR                          
0     00085337  GPIO_EnableUnbondedIOPullups         
0     00085341  I2CA_FIFO_ISR                        
0     0008534b  I2CA_HIGH_ISR                        
0     00085355  I2CA_ISR                             
0     0008535f  I2CB_FIFO_ISR                        
0     00085369  I2CB_ISR                             
0     00085373  ILLEGAL_ISR                          
0     0008537d  MCANSS0_ISR                          
0     00085387  MCANSS1_ISR                          
0     00085391  MCANSS_ECC_CORR_PLS_ISR              
0     0008539b  MCANSS_WAKE_AND_TS_PLS_ISR           
0     000853a5  MCBSPA_RX_ISR                        
0     000853af  MCBSPA_TX_ISR                        
0     000853b9  MCBSPB_RX_ISR                        
0     000853c3  MCBSPB_TX_ISR                        
0     000853cd  MPOST_ISR                            
0     000853d7  NMI_ISR                              
0     000853e1  NOTUSED_ISR                          
0     000853eb  PIE_RESERVED_ISR                     
0     000853f5  PMBUSA_ISR                           
0     000853ff  RTOS_ISR                             
0     00085409  SCIA_RX_ISR                          
0     00085413  SCIA_TX_ISR                          
0     0008541d  SCIB_RX_ISR                          
0     00085427  SCIB_TX_ISR                          
0     00085431  SCIC_RX_ISR                          
0     0008543b  SCIC_TX_ISR                          
0     00085445  SCID_RX_ISR                          
0     0008544f  SCID_TX_ISR                          
0     00085459  SDFM1DR1_ISR                         
0     00085463  SDFM1DR2_ISR                         
0     0008546d  SDFM1DR3_ISR                         
0     00085477  SDFM1DR4_ISR                         
0     00085481  SDFM1_ISR                            
0     0008548b  SDFM2DR1_ISR                         
0     00085495  SDFM2DR2_ISR                         
0     0008549f  SDFM2DR3_ISR                         
0     000854a9  SDFM2DR4_ISR                         
0     000854b3  SDFM2_ISR                            
0     000854bd  SPIA_RX_ISR                          
0     000854c7  SPIA_TX_ISR                          
0     000854d1  SPIB_RX_ISR                          
0     000854db  SPIB_TX_ISR                          
0     000854e5  SPIC_RX_ISR                          
0     000854ef  SPIC_TX_ISR                          
0     000854f9  SPID_RX_ISR                          
0     00085503  SPID_TX_ISR                          
0     0008550d  SYS_ERR_ISR                          
0     00085517  SysIntOsc1Sel                        
0     00085521  TIMER0_ISR                           
0     0008552b  TIMER1_ISR                           
0     00085535  TIMER2_ISR                           
0     0008553f  USBA_ISR                             
0     00085549  USER10_ISR                           
0     00085553  USER11_ISR                           
0     0008555d  USER12_ISR                           
0     00085567  USER1_ISR                            
0     00085571  USER2_ISR                            
0     0008557b  USER3_ISR                            
0     00085585  USER4_ISR                            
0     0008558f  USER5_ISR                            
0     00085599  USER6_ISR                            
0     000855a3  USER7_ISR                            
0     000855ad  USER8_ISR                            
0     000855b7  USER9_ISR                            
0     000855c1  WAKE_ISR                             
0     000855cb  XINT1_ISR                            
0     000855d5  XINT2_ISR                            
0     000855df  XINT3_ISR                            
0     000855e9  XINT4_ISR                            
0     000855f3  XINT5_ISR                            
0     000855fd  _register_unlock                     
0     00085601  _register_lock                       
0     00085605  _nop                                 
0     00085606  AuxIntOsc2Sel                        
0     0008560e  SysIntOsc2Sel                        
0     00085616  __TI_decompress_none                 
0     00085626  _system_pre_init                     
0     00086000  RamfuncsLoadStart                    
0     00086030  RamfuncsLoadEnd                      
0     0008803c  __TI_Handler_Table_Base              
0     00088042  __TI_Handler_Table_Limit             
0     0008804c  __TI_CINIT_Base                      
0     00088058  __TI_CINIT_Limit                     
0     00088058  __TI_CINIT_Warm                      
0     00090000  PieVectTableInit                     
abs   00000030  RamfuncsLoadSize                     
abs   00000030  RamfuncsRunSize                      
abs   00000100  __TI_STACK_SIZE                      
abs   ffffffff  __TI_pprof_out_hndl                  
abs   ffffffff  __TI_prof_data_size                  
abs   ffffffff  __TI_prof_data_start                 
n/a   UNDEFED   __c_args__                           

[596 symbols]
